Component: ARM Compiler 5.06 update 5 (build 528) Tool: armlink [4d35e2]

==============================================================================

Section Cross References

    startup_stm32f429_439xx.o(RESET) refers to startup_stm32f429_439xx.o(STACK) for __initial_sp
    startup_stm32f429_439xx.o(RESET) refers to startup_stm32f429_439xx.o(.text) for Reset_Handler
    startup_stm32f429_439xx.o(RESET) refers to stm32f4xx_it.o(i.NMI_Handler) for NMI_Handler
    startup_stm32f429_439xx.o(RESET) refers to stm32f4xx_it.o(i.HardFault_Handler) for HardFault_Handler
    startup_stm32f429_439xx.o(RESET) refers to stm32f4xx_it.o(i.MemManage_Handler) for MemManage_Handler
    startup_stm32f429_439xx.o(RESET) refers to stm32f4xx_it.o(i.BusFault_Handler) for BusFault_Handler
    startup_stm32f429_439xx.o(RESET) refers to stm32f4xx_it.o(i.UsageFault_Handler) for UsageFault_Handler
    startup_stm32f429_439xx.o(RESET) refers to stm32f4xx_it.o(i.SVC_Handler) for SVC_Handler
    startup_stm32f429_439xx.o(RESET) refers to stm32f4xx_it.o(i.DebugMon_Handler) for DebugMon_Handler
    startup_stm32f429_439xx.o(RESET) refers to stm32f4xx_it.o(i.PendSV_Handler) for PendSV_Handler
    startup_stm32f429_439xx.o(RESET) refers to stm32f4xx_it.o(i.SysTick_Handler) for SysTick_Handler
    startup_stm32f429_439xx.o(RESET) refers to bsp_rtc.o(i.RTC_WKUP_IRQHandler) for RTC_WKUP_IRQHandler
    startup_stm32f429_439xx.o(RESET) refers to stm32f4xx_it.o(i.EXTI3_IRQHandler) for EXTI3_IRQHandler
    startup_stm32f429_439xx.o(RESET) refers to stm32f4xx_it.o(i.TIM2_IRQHandler) for TIM2_IRQHandler
    startup_stm32f429_439xx.o(RESET) refers to stm32f4xx_it.o(i.USART3_IRQHandler) for USART3_IRQHandler
    startup_stm32f429_439xx.o(RESET) refers to stm32f4xx_it.o(i.EXTI15_10_IRQHandler) for EXTI15_10_IRQHandler
    startup_stm32f429_439xx.o(RESET) refers to stm32f4xx_it.o(i.TIM6_DAC_IRQHandler) for TIM6_DAC_IRQHandler
    startup_stm32f429_439xx.o(RESET) refers to stm32f4xx_it.o(i.OTG_HS_IRQHandler) for OTG_HS_IRQHandler
    startup_stm32f429_439xx.o(.text) refers to system_stm32f4xx.o(i.SystemInit) for SystemInit
    startup_stm32f429_439xx.o(.text) refers to entry.o(.ARM.Collect$$$$00000000) for __main
    system_stm32f4xx.o(i.SystemCoreClockUpdate) refers to system_stm32f4xx.o(.data) for .data
    system_stm32f4xx.o(i.SystemInit) refers to system_stm32f4xx.o(i.SetSysClock) for SetSysClock
    stm32f4xx_adc.o(i.ADC_DeInit) refers to stm32f4xx_rcc.o(i.RCC_APB2PeriphResetCmd) for RCC_APB2PeriphResetCmd
    stm32f4xx_can.o(i.CAN_DeInit) refers to stm32f4xx_rcc.o(i.RCC_APB1PeriphResetCmd) for RCC_APB1PeriphResetCmd
    stm32f4xx_can.o(i.CAN_GetITStatus) refers to stm32f4xx_can.o(i.CheckITStatus) for CheckITStatus
    stm32f4xx_cryp.o(i.CRYP_DeInit) refers to stm32f4xx_rcc.o(i.RCC_AHB2PeriphResetCmd) for RCC_AHB2PeriphResetCmd
    stm32f4xx_cryp_aes.o(i.CRYP_AES_CBC) refers to stm32f4xx_cryp.o(i.CRYP_KeyStructInit) for CRYP_KeyStructInit
    stm32f4xx_cryp_aes.o(i.CRYP_AES_CBC) refers to stm32f4xx_cryp.o(i.CRYP_KeyInit) for CRYP_KeyInit
    stm32f4xx_cryp_aes.o(i.CRYP_AES_CBC) refers to stm32f4xx_cryp.o(i.CRYP_Init) for CRYP_Init
    stm32f4xx_cryp_aes.o(i.CRYP_AES_CBC) refers to stm32f4xx_cryp.o(i.CRYP_IVInit) for CRYP_IVInit
    stm32f4xx_cryp_aes.o(i.CRYP_AES_CBC) refers to stm32f4xx_cryp.o(i.CRYP_FIFOFlush) for CRYP_FIFOFlush
    stm32f4xx_cryp_aes.o(i.CRYP_AES_CBC) refers to stm32f4xx_cryp.o(i.CRYP_Cmd) for CRYP_Cmd
    stm32f4xx_cryp_aes.o(i.CRYP_AES_CBC) refers to stm32f4xx_cryp.o(i.CRYP_GetCmdStatus) for CRYP_GetCmdStatus
    stm32f4xx_cryp_aes.o(i.CRYP_AES_CBC) refers to stm32f4xx_cryp.o(i.CRYP_GetFlagStatus) for CRYP_GetFlagStatus
    stm32f4xx_cryp_aes.o(i.CRYP_AES_CBC) refers to stm32f4xx_cryp.o(i.CRYP_DataIn) for CRYP_DataIn
    stm32f4xx_cryp_aes.o(i.CRYP_AES_CBC) refers to stm32f4xx_cryp.o(i.CRYP_DataOut) for CRYP_DataOut
    stm32f4xx_cryp_aes.o(i.CRYP_AES_CCM) refers to stm32f4xx_cryp.o(i.CRYP_KeyStructInit) for CRYP_KeyStructInit
    stm32f4xx_cryp_aes.o(i.CRYP_AES_CCM) refers to stm32f4xx_cryp.o(i.CRYP_FIFOFlush) for CRYP_FIFOFlush
    stm32f4xx_cryp_aes.o(i.CRYP_AES_CCM) refers to stm32f4xx_cryp.o(i.CRYP_KeyInit) for CRYP_KeyInit
    stm32f4xx_cryp_aes.o(i.CRYP_AES_CCM) refers to stm32f4xx_cryp.o(i.CRYP_IVInit) for CRYP_IVInit
    stm32f4xx_cryp_aes.o(i.CRYP_AES_CCM) refers to stm32f4xx_cryp.o(i.CRYP_Init) for CRYP_Init
    stm32f4xx_cryp_aes.o(i.CRYP_AES_CCM) refers to stm32f4xx_cryp.o(i.CRYP_PhaseConfig) for CRYP_PhaseConfig
    stm32f4xx_cryp_aes.o(i.CRYP_AES_CCM) refers to stm32f4xx_cryp.o(i.CRYP_DataIn) for CRYP_DataIn
    stm32f4xx_cryp_aes.o(i.CRYP_AES_CCM) refers to stm32f4xx_cryp.o(i.CRYP_Cmd) for CRYP_Cmd
    stm32f4xx_cryp_aes.o(i.CRYP_AES_CCM) refers to stm32f4xx_cryp.o(i.CRYP_GetCmdStatus) for CRYP_GetCmdStatus
    stm32f4xx_cryp_aes.o(i.CRYP_AES_CCM) refers to stm32f4xx_cryp.o(i.CRYP_GetFlagStatus) for CRYP_GetFlagStatus
[...]
    USB_OTG_BSP_Init                         0x0800a029   Thumb Code    72  usb_bsp.o(i.USB_OTG_BSP_Init)
    USB_OTG_BSP_TimerIRQ                     0x0800a0ad   Thumb Code    50  usb_bsp.o(i.USB_OTG_BSP_TimerIRQ)
    USB_OTG_BSP_mDelay                       0x0800a0e5   Thumb Code     6  usb_bsp.o(i.USB_OTG_BSP_mDelay)
    USB_OTG_BSP_uDelay                       0x0800a0eb   Thumb Code     6  usb_bsp.o(i.USB_OTG_BSP_uDelay)
    USB_OTG_CoreInit                         0x0800a0f1   Thumb Code   168  usb_core.o(i.USB_OTG_CoreInit)
    USB_OTG_CoreInitHost                     0x0800a199   Thumb Code   180  usb_core.o(i.USB_OTG_CoreInitHost)
    USB_OTG_DisableGlobalInt                 0x0800a2a9   Thumb Code    16  usb_core.o(i.USB_OTG_DisableGlobalInt)
    USB_OTG_DriveVbus                        0x0800a2b9   Thumb Code    72  usb_core.o(i.USB_OTG_DriveVbus)
    USB_OTG_EnableGlobalInt                  0x0800a31d   Thumb Code    16  usb_core.o(i.USB_OTG_EnableGlobalInt)
    USB_OTG_EnableHostInt                    0x0800a32d   Thumb Code    70  usb_core.o(i.USB_OTG_EnableHostInt)
    USB_OTG_FlushRxFifo                      0x0800a375   Thumb Code    54  usb_core.o(i.USB_OTG_FlushRxFifo)
    USB_OTG_FlushTxFifo                      0x0800a3b1   Thumb Code    62  usb_core.o(i.USB_OTG_FlushTxFifo)
    USB_OTG_GetMode                          0x0800a3f5   Thumb Code    10  usb_core.o(i.USB_OTG_GetMode)
    USB_OTG_HC_DoPing                        0x0800a3ff   Thumb Code    42  usb_core.o(i.USB_OTG_HC_DoPing)
    USB_OTG_HC_Halt                          0x0800a429   Thumb Code   100  usb_core.o(i.USB_OTG_HC_Halt)
    USB_OTG_HC_Init                          0x0800a48d   Thumb Code   316  usb_core.o(i.USB_OTG_HC_Init)
    USB_OTG_HC_StartXfer                     0x0800a5c9   Thumb Code   288  usb_core.o(i.USB_OTG_HC_StartXfer)
    USB_OTG_InitFSLSPClkSel                  0x0800a6e9   Thumb Code    12  usb_core.o(i.USB_OTG_InitFSLSPClkSel)
    USB_OTG_IsEvenFrame                      0x0800a6f5   Thumb Code    12  usb_core.o(i.USB_OTG_IsEvenFrame)
    USB_OTG_IsHostMode                       0x0800a701   Thumb Code    14  usb_core.o(i.USB_OTG_IsHostMode)
    USB_OTG_ReadCoreItr                      0x0800a70f   Thumb Code    10  usb_core.o(i.USB_OTG_ReadCoreItr)
    USB_OTG_ReadHPRT0                        0x0800a719   Thumb Code    24  usb_core.o(i.USB_OTG_ReadHPRT0)
    USB_OTG_ReadHostAllChannels_intr         0x0800a731   Thumb Code     6  usb_core.o(i.USB_OTG_ReadHostAllChannels_intr)
    USB_OTG_ReadPacket                       0x0800a737   Thumb Code    32  usb_core.o(i.USB_OTG_ReadPacket)
    USB_OTG_ResetPort                        0x0800a757   Thumb Code    44  usb_core.o(i.USB_OTG_ResetPort)
    USB_OTG_SelectCore                       0x0800a785   Thumb Code   192  usb_core.o(i.USB_OTG_SelectCore)
    USB_OTG_SetCurrentMode                   0x0800a849   Thumb Code    54  usb_core.o(i.USB_OTG_SetCurrentMode)
    USB_OTG_WritePacket                      0x0800b651   Thumb Code    40  usb_core.o(i.USB_OTG_WritePacket)
    Uart_Process                             0x0800b679   Thumb Code   110  user.o(i.Uart_Process)
    UsageFault_Handler                       0x0800b705   Thumb Code     2  stm32f4xx_it.o(i.UsageFault_Handler)
    Usart_SendByte                           0x0800b707   Thumb Code    30  bsp_debug_usart.o(i.Usart_SendByte)
    Usart_SendString                         0x0800b725   Thumb Code    46  bsp_debug_usart.o(i.Usart_SendString)
    Use_DebugProcess                         0x0800b755   Thumb Code  1136  test.o(i.Use_DebugProcess)
    Use_SysSetProcess                        0x0800bbc5   Thumb Code  1184  user.o(i.Use_SysSetProcess)
    V_Comp                                   0x0800c065   Thumb Code   116  user.o(i.V_Comp)
    V_Datacov                                0x0800c0e1   Thumb Code    44  user.o(i.V_Datacov)
    V_I_Select_Configuration                 0x0800c111   Thumb Code    60  gpio.o(i.V_I_Select_Configuration)
    WriteOneHzChar_16                        0x0800c155   Thumb Code    18  bsp_lcd.o(i.WriteOneHzChar_16)
    WriteString_16                           0x0800c169   Thumb Code   156  bsp_lcd.o(i.WriteString_16)
    WriteString_Big                          0x0800c209   Thumb Code   112  bsp_lcd.o(i.WriteString_Big)
    _164Delaay                               0x0800c281   Thumb Code    12  keyboard.o(i._164Delaay)
    __0printf$6                              0x0800c28d   Thumb Code    22  printf6.o(i.__0printf$6)
    __1printf$6                              0x0800c28d   Thumb Code     0  printf6.o(i.__0printf$6)
    __2printf                                0x0800c28d   Thumb Code     0  printf6.o(i.__0printf$6)
    __0sprintf$6                             0x0800c2ad   Thumb Code    34  printf6.o(i.__0sprintf$6)
    __1sprintf$6                             0x0800c2ad   Thumb Code     0  printf6.o(i.__0sprintf$6)
    __2sprintf                               0x0800c2ad   Thumb Code     0  printf6.o(i.__0sprintf$6)
    __ARM_fpclassify                         0x0800c2d5   Thumb Code    48  fpclassify.o(i.__ARM_fpclassify)
    __hardfp_pow                             0x0800c309   Thumb Code  3072  pow.o(i.__hardfp_pow)
    __kernel_poly                            0x0800cf59   Thumb Code   248  poly.o(i.__kernel_poly)
    __mathlib_dbl_divzero                    0x0800d051   Thumb Code    28  dunder.o(i.__mathlib_dbl_divzero)
    __mathlib_dbl_infnan2                    0x0800d081   Thumb Code    20  dunder.o(i.__mathlib_dbl_infnan2)
    __mathlib_dbl_invalid                    0x0800d099   Thumb Code    24  dunder.o(i.__mathlib_dbl_invalid)
    __mathlib_dbl_overflow                   0x0800d0b9   Thumb Code    24  dunder.o(i.__mathlib_dbl_overflow)
    __mathlib_dbl_underflow                  0x0800d0d9   Thumb Code    24  dunder.o(i.__mathlib_dbl_underflow)
    __scatterload_copy                       0x0800d0f9   Thumb Code    14  handlers.o(i.__scatterload_copy)
    __scatterload_null                       0x0800d107   Thumb Code     2  handlers.o(i.__scatterload_null)
    __scatterload_zeroinit                   0x0800d109   Thumb Code    14  handlers.o(i.__scatterload_zeroinit)
    __set_errno                              0x0800d119   Thumb Code     6  errno.o(i.__set_errno)
    clust2sect                               0x0800d4fd   Thumb Code    24  ff.o(i.clust2sect)
    delay_1us                                0x0800d86d   Thumb Code    34  bsp_systick.o(i.delay_1us)
    delay_us                                 0x0800d88f   Thumb Code    10  bsp_systick.o(i.delay_us)
    disk_initialize                          0x0800dc5d   Thumb Code    18  diskio.o(i.disk_initialize)
    disk_ioctl                               0x0800dc75   Thumb Code    50  diskio.o(i.disk_ioctl)
    disk_read                                0x0800dcad   Thumb Code    88  diskio.o(i.disk_read)
    disk_status                              0x0800dd0d   Thumb Code     4  diskio.o(i.disk_status)
    disk_write                               0x0800dd11   Thumb Code    68  diskio.o(i.disk_write)
    f_close                                  0x0800dd5d   Thumb Code    30  ff.o(i.f_close)
    f_lseek                                  0x0800dd7b   Thumb Code   372  ff.o(i.f_lseek)
    f_mkdir                                  0x0800deef   Thumb Code   356  ff.o(i.f_mkdir)
    f_mount                                  0x0800e055   Thumb Code    72  ff.o(i.f_mount)
    f_open                                   0x0800e0a1   Thumb Code   344  ff.o(i.f_open)
    f_sync                                   0x0800e1f9   Thumb Code   154  ff.o(i.f_sync)
    f_write                                  0x0800e293   Thumb Code   442  ff.o(i.f_write)
    fabs                                     0x0800e44d   Thumb Code    24  fabs.o(i.fabs)
    ff_convert                               0x0800e465   Thumb Code    78  cc936.o(i.ff_convert)
    ff_wtoupper                              0x0800e4bd   Thumb Code    34  cc936.o(i.ff_wtoupper)
    findHzIndex_16                           0x0800e4e9   Thumb Code    46  bsp_lcd.o(i.findHzIndex_16)
    fputc                                    0x0800e93d   Thumb Code    30  bsp_debug_usart.o(i.fputc)
    get_fat                                  0x0800e9f9   Thumb Code   256  ff.o(i.get_fat)
    get_fattime                              0x0800eaf9   Thumb Code    68  diskio.o(i.get_fattime)
    input_num                                0x0800eb81   Thumb Code   528  user.o(i.input_num)
    input_password                           0x0800edb9   Thumb Code   646  user.o(i.input_password)
    lcd_image                                0x0800f079   Thumb Code    36  bsp_lcd.o(i.lcd_image)
    main                                     0x0800f0c1   Thumb Code   122  main.o(i.main)
    put_fat                                  0x0800f1bd   Thumb Code   300  ff.o(i.put_fat)
    read_adI_1                               0x0800f2e9   Thumb Code   218  user.o(i.read_adI_1)
    read_adI_2                               0x0800f3d9   Thumb Code   228  user.o(i.read_adI_2)
    read_adI_3                               0x0800f4d1   Thumb Code   136  user.o(i.read_adI_3)
    read_adI_4                               0x0800f56d   Thumb Code   136  user.o(i.read_adI_4)
    read_adV_1                               0x0800f609   Thumb Code   224  user.o(i.read_adV_1)
    read_adV_2                               0x0800f6fd   Thumb Code   234  user.o(i.read_adV_2)
    read_adV_3                               0x0800f7fd   Thumb Code   142  user.o(i.read_adV_3)
    read_adV_4                               0x0800f8a1   Thumb Code   142  user.o(i.read_adV_4)
    read_cpld                                0x0800f941   Thumb Code    72  gpio.o(i.read_cpld)
    sqrt                                     0x0800f9fb   Thumb Code   110  sqrt.o(i.sqrt)
    uart1SendChars                           0x0800fb9d   Thumb Code    44  stm32f4xx_it.o(i.uart1SendChars)
    s_CRCLo                                  0x0800fcf8   Data         256  stm32f4xx_it.o(.constdata)
    INPUT                                    0x0800fdf8   Data           7  user.o(.constdata)
    INPUT_E                                  0x0800fdff   Data           7  user.o(.constdata)
    User_Check_main                          0x0800fe06   Data          39  user.o(.constdata)
    User_Check_Item                          0x0800fe2d   Data         117  user.o(.constdata)
    Test_Setitem                             0x0800fea2   Data          60  user.o(.constdata)
    Test_Setitem_E                           0x0800fede   Data          60  user.o(.constdata)
    All_TopName                              0x0800ff1a   Data         242  user.o(.constdata)
    All_TopName_E                            0x0801000c   Data         242  user.o(.constdata)
    Set_testitem                             0x080100fe   Data         180  user.o(.constdata)
    Set_testitem_E                           0x080101b2   Data         180  user.o(.constdata)
    Test_Tirpvalue                           0x08010266   Data          14  user.o(.constdata)
    Test_Tirpvalue_E                         0x08010274   Data          14  user.o(.constdata)
    Test_Speedvalue                          0x08010282   Data          28  user.o(.constdata)
    Test_Speedvalue_E                        0x0801029e   Data          28  user.o(.constdata)
    Test_Compvalue                           0x080102ba   Data          14  user.o(.constdata)
    Test_Compvalue_E                         0x080102c8   Data          14  user.o(.constdata)
    Setup_Beep                               0x080102d6   Data          21  user.o(.constdata)
    Setup_Beep_E                             0x080102eb   Data          21  user.o(.constdata)
    User_Range                               0x08010300   Data          88  user.o(.constdata)
    User_Range_E                             0x08010358   Data          88  user.o(.constdata)
    DISP_UINT                                0x080103b0   Data          12  user.o(.constdata)
    User_Rangeset                            0x080103bc   Data          55  user.o(.constdata)
    Sys_Setitem                              0x080103f3   Data          88  user.o(.constdata)
    Sys_Setitem_E                            0x0801044b   Data          88  user.o(.constdata)
    Sys_Buard_Value                          0x080104a3   Data          56  user.o(.constdata)
    Sys_Language_Value                       0x080104db   Data          16  user.o(.constdata)
    BiasButton_Tip                           0x080104eb   Data          16  user.o(.constdata)
    Sys_Sys                                  0x080104fb   Data          84  user.o(.constdata)
    Sys_Sys_E                                0x0801054f   Data          84  user.o(.constdata)
    Range_Disp_Test                          0x080105a3   Data         168  user.o(.constdata)
    ParameterLimit                           0x0801064b   Data          12  user.o(.constdata)
    send_dot                                 0x08010657   Data          11  user.o(.constdata)
    Send_uint                                0x08010662   Data          11  user.o(.constdata)
    gImage_open                              0x0801066d   Data       391680  test.o(.constdata)
    Scan_Value                               0x0807006d   Data           8  keyboard.o(.constdata)
    GB_16                                    0x08070075   Data        5678  bsp_lcd.o(.constdata)
    ASCII16x24_Table                         0x080716a4   Data        4560  fonts.o(.constdata)
    Out_1224                                 0x08072874   Data         624  fonts.o(.constdata)
    Out_Assic                                0x08072ae4   Data        7720  fonts.o(.constdata)
    _num                                     0x0807490c   Data        2944  fonts.o(.constdata)
    nBitmapDot                               0x08075a7c   Data         144  fonts.o(.constdata)
    __mathlib_zero                           0x080a0898   Data           8  qnan.o(.constdata)
    Region$$Table$$Base                      0x080a08a0   Number         0  anon$$obj.o(Region$$Table)
    Region$$Table$$Limit                     0x080a08c0   Number         0  anon$$obj.o(Region$$Table)
    SystemCoreClock                          0x20000000   Data           4  system_stm32f4xx.o(.data)
    AHBPrescTable                            0x20000004   Data          16  system_stm32f4xx.o(.data)
    g_mods_timeout                           0x20000024   Data           1  stm32f4xx_it.o(.data)
    Tick_10ms                                0x20000028   Data           4  stm32f4xx_it.o(.data)
    Readfirst_cpld                           0x20000034   Data           1  pbdata.o(.data)
    polarity_v                               0x20000035   Data           1  pbdata.o(.data)
    polarity_r                               0x20000036   Data           1  pbdata.o(.data)
    F_100ms                                  0x20000037   Data           1  pbdata.o(.data)
    F_Password                               0x20000038   Data           1  pbdata.o(.data)
    SystemStatus                             0x20000039   Data           1  pbdata.o(.data)
    MenuIndex                                0x2000003a   Data           1  pbdata.o(.data)
    Range                                    0x2000003b   Data           1  pbdata.o(.data)
    V_Range                                  0x2000003c   Data           1  pbdata.o(.data)
    ffit_data1                               0x2000003d   Data           1  pbdata.o(.data)
    count_ffit                               0x2000003e   Data           2  pbdata.o(.data)
    Ad_over                                  0x20000040   Data           1  pbdata.o(.data)
    softswitch                               0x20000041   Data           1  pbdata.o(.data)
    USB_Openflag                             0x20000042   Data           1  pbdata.o(.data)
    Disp_usbflag                             0x20000043   Data           1  pbdata.o(.data)
    Disp_RTCflag                             0x20000044   Data           1  pbdata.o(.data)
    SoftTimer                                0x20000045   Data           2  pbdata.o(.data)
    range_over                               0x20000047   Data           1  pbdata.o(.data)
    V_ad                                     0x20000048   Data           4  pbdata.o(.data)
    I_ad                                     0x2000004c   Data           4  pbdata.o(.data)
    debug_flag                               0x20000050   Data           1  pbdata.o(.data)
    test_start                               0x20000051   Data           1  pbdata.o(.data)
    Set_flag                                 0x20000052   Data           1  pbdata.o(.data)
    Range_value                              0x20000054   Data           4  pbdata.o(.data)
    Range_Value_V                            0x20000058   Data           4  pbdata.o(.data)
    g_LcdDirection                           0x2000005c   Data           4  pbdata.o(.data)
    open_flag                                0x20000060   Data           1  pbdata.o(.data)
    RangeChange_Flag                         0x20000061   Data           1  pbdata.o(.data)
    Int_Pe3flag                              0x20000062   Data           1  pbdata.o(.data)
    cpld_buff                                0x20000063   Data           2  pbdata.o(.data)
    Pga_value                                0x20000068   Data           7  user.o(.data)
    DispBuf                                  0x2000006f   Data           8  user.o(.data)
    Test_Value                               0x20000078   Data           8  user.o(.data)
    Test_Value_V                             0x20000080   Data           8  user.o(.data)
    Debug_Compvalue                          0x20000088   Data          72  user.o(.data)
    Debug_Compvaluemind                      0x200000d0   Data          32  user.o(.data)
    Debug_Dot                                0x200000f0   Data           9  user.o(.data)
    U15_4094                                 0x200000f9   Data           1  test.o(.data)
    U16_4094                                 0x200000fa   Data           1  test.o(.data)
    result                                   0x200000fb   Data           1  test.o(.data)
    Keyboard                                 0x20000100   Data           3  keyboard.o(.data)
    Colour                                   0x20000118   Data           8  bsp_lcd.o(.data)
    Font16x24                                0x20000120   Data           8  fonts.o(.data)
    OldTick                                  0x20000130   Data           4  bsp_basic_tim.o(.data)
    BSP_delay                                0x2000013c   Data           4  usb_bsp.o(.data)
    USR_cb                                   0x20000140   Data          72  usbh_usr.o(.data)
    USBH_HCD_INT_cb                          0x2000018c   Data          12  usbh_core.o(.data)
    USBH_HCD_INT_fops                        0x20000198   Data           4  usbh_core.o(.data)
    MSCErrorCount                            0x200001b8   Data           1  usbh_msc_core.o(.data)
    USBH_MSC_cb                              0x200001bc   Data          16  usbh_msc_core.o(.data)
    __stdout                                 0x200001d0   Data           4  stdout.o(.data)
    g_tModS                                  0x200001d8   Data         163  stm32f4xx_it.o(.bss)
    scan_V                                   0x2000027c   Data         520  pbdata.o(.bss)
    scan_I                                   0x20000484   Data         520  pbdata.o(.bss)
    Send_ComBuff                             0x2000068c   Data          21  pbdata.o(.bss)
    Send_To_U                                0x200006a1   Data          47  pbdata.o(.bss)
    Rev_Combuff                              0x200006d0   Data          42  pbdata.o(.bss)
    Test_value                               0x200006fc   Data          16  pbdata.o(.bss)
    Res_count                                0x2000070c   Data          16  pbdata.o(.bss)
    Jk516save                                0x2000071c   Data         328  pbdata.o(.bss)
    ComBuf                                   0x20000864   Data          80  pbdata.o(.bss)
    i_buff                                   0x200008b4   Data          48  pbdata.o(.bss)
    debug_buff                               0x200008e4   Data          55  pbdata.o(.bss)
    fs                                       0x2000091c   Data        4144  test.o(.bss)
    file                                     0x2000194c   Data        4132  test.o(.bss)
    USB_OTG_Core                             0x2000297c   Data        1452  usbh_usr.o(.bss)
    USB_Host                                 0x20002f28   Data         132  usbh_usr.o(.bss)
    USBH_CfgDesc                             0x20002fac   Data         512  usbh_stdreq.o(.bss)
    USBH_MSC_CBWData                         0x200031ac   Data          32  usbh_msc_bot.o(.bss)
    USBH_MSC_CSWData                         0x200031cc   Data          16  usbh_msc_bot.o(.bss)
    USBH_MSC_BOTXferParam                    0x200031dc   Data          16  usbh_msc_bot.o(.bss)
    MSC_Machine                              0x200031ec   Data         522  usbh_msc_core.o(.bss)
    USBH_MSC_Param                           0x200033f8   Data          16  usbh_msc_scsi.o(.bss)
    USBH_DataInBuffer                        0x20003408   Data         512  usbh_msc_scsi.o(.bss)
    __initial_sp                             0x20007608   Data           0  startup_stm32f429_439xx.o(STACK)



==============================================================================

Memory Map of the image

  Image Entry point : 0x080001ad

  Load Region LR_IROM1 (Base: 0x08000000, Size: 0x000a0a98, Max: 0x00100000, ABSOLUTE, COMPRESSED[0x000a096c])

    Execution Region ER_IROM1 (Exec base: 0x08000000, Load base: 0x08000000, Size: 0x000a08c0, Max: 0x00100000, ABSOLUTE)

    Exec Addr    Load Addr    Size         Type   Attr      Idx    E Section Name        Object

    0x08000000   0x08000000   0x000001ac   Data   RO            3    RESET               startup_stm32f429_439xx.o
    0x080001ac   0x080001ac   0x00000000   Code   RO         9405  * .ARM.Collect$$$$00000000  mc_w.l(entry.o)
    0x080001ac   0x080001ac   0x00000004   Code   RO         9726    .ARM.Collect$$$$00000001  mc_w.l(entry2.o)
    0x080001b0   0x080001b0   0x00000004   Code   RO         9729    .ARM.Collect$$$$00000004  mc_w.l(entry5.o)
    0x080001b4   0x080001b4   0x00000000   Code   RO         9731    .ARM.Collect$$$$00000008  mc_w.l(entry7b.o)
    0x080001b4   0x080001b4   0x00000000   Code   RO         9733    .ARM.Collect$$$$0000000A  mc_w.l(entry8b.o)
    0x080001b4   0x080001b4   0x00000008   Code   RO         9734    .ARM.Collect$$$$0000000B  mc_w.l(entry9a.o)
    0x080001bc   0x080001bc   0x00000000   Code   RO         9736    .ARM.Collect$$$$0000000D  mc_w.l(entry10a.o)
    0x080001bc   0x080001bc   0x00000000   Code   RO         9738    .ARM.Collect$$$$0000000F  mc_w.l(entry11a.o)
    0x080001bc   0x080001bc   0x00000004   Code   RO         9727    .ARM.Collect$$$$00002712  mc_w.l(entry2.o)
    0x080001c0   0x080001c0   0x00000024   Code   RO            4    .text               startup_stm32f429_439xx.o
    0x080001e4   0x080001e4   0x00000024   Code   RO         9408    .text               mc_w.l(memcpya.o)
    0x08000208   0x08000208   0x00000024   Code   RO         9410    .text               mc_w.l(memseta.o)
    0x0800022c   0x0800022c   0x00000018   Code   RO         9412    .text               mc_w.l(strcat.o)
    0x08000244   0x08000244   0x0000001c   Code   RO         9414    .text               mc_w.l(strcmp.o)
    0x08000260   0x08000260   0x000000e4   Code   RO         9679    .text               mf_w.l(dmul.o)
    0x08000344   0x08000344   0x000000de   Code   RO         9681    .text               mf_w.l(ddiv.o)
    0x08000422   0x08000422   0x0000001a   Code   RO         9683    .text               mf_w.l(dfltui.o)
    0x0800043c   0x0800043c   0x00000026   Code   RO         9685    .text               mf_w.l(f2d.o)
    0x08000462   0x08000462   0x00000038   Code   RO         9687    .text               mf_w.l(d2f.o)
    0x0800049a   0x0800049a   0x0000002c   Code   RO         9741    .text               mc_w.l(uidiv.o)
    0x080004c6   0x080004c6   0x00000000   Code   RO         9752    .text               mc_w.l(iusefp.o)
    0x080004c6   0x080004c6   0x0000006e   Code   RO         9753    .text               mf_w.l(fepilogue.o)
    0x08000534   0x08000534   0x000000ba   Code   RO         9755    .text               mf_w.l(depilogue.o)
    0x080005ee   0x080005ee   0x0000014e   Code   RO         9757    .text               mf_w.l(dadd.o)
    0x0800073c   0x0800073c   0x0000002e   Code   RO         9761    .text               mf_w.l(dscalb.o)
    0x0800076a   0x0800076a   0x00000022   Code   RO         9763    .text               mf_w.l(dflti.o)
    0x0800078c   0x0800078c   0x00000030   Code   RO         9767    .text               mf_w.l(cdrcmple.o)
    0x080007bc   0x080007bc   0x00000024   Code   RO         9769    .text               mc_w.l(init.o)
    0x080007e0   0x080007e0   0x0000001e   Code   RO         9771    .text               mc_w.l(llshl.o)
    0x080007fe   0x080007fe   0x00000020   Code   RO         9773    .text               mc_w.l(llushr.o)
    0x0800081e   0x0800081e   0x00000024   Code   RO         9775    .text               mc_w.l(llsshr.o)
    0x08000842   0x08000842   0x000000a2   Code   RO         9777    .text               mf_w.l(dsqrt.o)
    0x080008e4   0x080008e4   0x00000056   Code   RO         9789    .text               mc_w.l(__dczerorl2.o)
    0x0800093a   0x0800093a   0x00000002   PAD
    0x0800093c   0x0800093c   0x00000050   Code   RO         6502    i.All_LedOff        gpio.o
    0x0800098c   0x0800098c   0x0000000a   Code   RO         5386    i.BEBufToUint16     stm32f4xx_it.o
    0x08000996   0x08000996   0x00000002   PAD
    0x08000998   0x08000998   0x00000024   Code   RO         8271    i.BSP_Delay         usb_bsp.o
    0x080009bc   0x080009bc   0x0000006c   Code   RO         8272    i.BSP_SetTime       usb_bsp.o
    0x08000a28   0x08000a28   0x0000000c   Code   RO         6503    i.Beep_Off          gpio.o
    0x08000a34   0x08000a34   0x0000000c   Code   RO         6504    i.Beep_On           gpio.o
    0x08000a40   0x08000a40   0x00000034   Code   RO         5690    i.Beep_Out          user.o
    0x08000a74   0x08000a74   0x00000002   Code   RO         5387    i.BusFault_Handler  stm32f4xx_it.o
    0x08000a76   0x08000a76   0x00000002   PAD
    0x08000a78   0x08000a78   0x0000004c   Code   RO         7687    i.CPLD_GPIO_Configuration  cpld.o
    0x08000ac4   0x08000ac4   0x0000002c   Code   RO         5388    i.CRC16             stm32f4xx_it.o
    0x08000af0   0x08000af0   0x0000012c   Code   RO         6256    i.Clear_Process     test.o
    0x08000c1c   0x08000c1c   0x0000003c   Code   RO         6505    i.Close_Compled     gpio.o
    0x08000c58   0x08000c58   0x00000140   Code   RO         5693    i.ComToSave         user.o
    0x08000d98   0x08000d98   0x00000018   Code   RO         1358    i.DMA2D_DeInit      stm32f4xx_dma2d.o
    0x08000db0   0x08000db0   0x00000014   Code   RO         1363    i.DMA2D_GetFlagStatus  stm32f4xx_dma2d.o
    0x08000dc4   0x08000dc4   0x000000b8   Code   RO         1366    i.DMA2D_Init        stm32f4xx_dma2d.o
    0x08000e7c   0x08000e7c   0x00000010   Code   RO         1368    i.DMA2D_StartTransfer  stm32f4xx_dma2d.o
    0x08000e8c   0x08000e8c   0x00000030   Code   RO         5695    i.Datacov           user.o
    0x08000ebc   0x08000ebc   0x00000002   Code   RO         5389    i.DebugMon_Handler  stm32f4xx_it.o
    0x08000ebe   0x08000ebe   0x00000042   Code   RO         5696    i.Debug_Set_Num     user.o
    0x08000f00   0x08000f00   0x00000042   Code   RO         5697    i.Debug_Set_Res     user.o
    0x08000f42   0x08000f42   0x00000002   PAD
    0x08000f44   0x08000f44   0x000000a8   Code   RO         7475    i.Debug_USART_Config  bsp_debug_usart.o
    0x08000fec   0x08000fec   0x00000018   Code   RO         5698    i.Debug_Valuedata   user.o
    0x08001004   0x08001004   0x00000084   Code   RO         5699    i.Debug_stanedcomp  user.o
    0x08001088   0x08001088   0x00000768   Code   RO         5700    i.DispSet_value     user.o
    0x080017f0   0x080017f0   0x00000006   Code   RO         5701    i.Disp_Button_SysSet  user.o
    0x080017f6   0x080017f6   0x00000002   PAD
    0x080017f8   0x080017f8   0x000001dc   Code   RO         5703    i.Disp_Button_value1  user.o
    0x080019d4   0x080019d4   0x00000058   Code   RO         5704    i.Disp_Debug_Reference  user.o
    0x08001a2c   0x08001a2c   0x0000008c   Code   RO         5705    i.Disp_Debug_value  user.o
    0x08001ab8   0x08001ab8   0x0000008c   Code   RO         5706    i.Disp_Fastbutton   user.o
    0x08001b44   0x08001b44   0x0000001c   Code   RO         5707    i.Disp_MidRect      user.o
    0x08001b60   0x08001b60   0x0000043c   Code   RO         5708    i.Disp_NumKeyboard_Set  user.o
    0x08001f9c   0x08001f9c   0x000000c0   Code   RO         5709    i.Disp_Open         user.o
    0x0800205c   0x0800205c   0x00000058   Code   RO         6811    i.Disp_R_Uint       bsp_lcd.o
    0x080020b4   0x080020b4   0x00000030   Code   RO         6812    i.Disp_R_V          bsp_lcd.o
    0x080020e4   0x080020e4   0x00000040   Code   RO         5710    i.Disp_Range        user.o
    0x08002124   0x08002124   0x0000008c   Code   RO         5711    i.Disp_Set_CompNum  user.o
    0x080021b0   0x080021b0   0x0000008c   Code   RO         5712    i.Disp_Set_Num      user.o
    0x0800223c   0x0800223c   0x0000009c   Code   RO         5713    i.Disp_Sys          user.o
    0x080022d8   0x080022d8   0x00000028   Code   RO         5714    i.Disp_SysLine      user.o
    0x08002300   0x08002300   0x00000088   Code   RO         5715    i.Disp_Sys_Item     user.o
    0x08002388   0x08002388   0x0000000e   Code   RO         5716    i.Disp_Sys_Screen   user.o
    0x08002396   0x08002396   0x00000002   PAD
    0x08002398   0x08002398   0x00000500   Code   RO         5717    i.Disp_Sys_value    user.o
    0x08002898   0x08002898   0x00000012   Code   RO         5718    i.Disp_TestScreen   user.o
    0x080028aa   0x080028aa   0x00000012   Code   RO         5719    i.Disp_TestSetScreen  user.o
    0x080028bc   0x080028bc   0x00000004   Code   RO         5720    i.Disp_TestSet_MidRect  user.o
    0x080028c0   0x080028c0   0x000000b0   Code   RO         5721    i.Disp_Test_Item    user.o
    0x08002970   0x08002970   0x000000dc   Code   RO         5722    i.Disp_Test_Set_Item  user.o
    0x08002a4c   0x08002a4c   0x000003e8   Code   RO         5723    i.Disp_Test_value   user.o
    0x08002e34   0x08002e34   0x0000021c   Code   RO         5724    i.Disp_Testvalue    user.o
    0x08003050   0x08003050   0x0000001c   Code   RO         5725    i.Disp_TopBar_Color  user.o
    0x0800306c   0x0800306c   0x00000048   Code   RO         6813    i.Disp_Usbflag      bsp_lcd.o
    0x080030b4   0x080030b4   0x0000008c   Code   RO         5726    i.Disp_UserCheck_Item  user.o
    0x08003140   0x08003140   0x0000000e   Code   RO         5727    i.Disp_Usercheck_Screen  user.o
    0x0800314e   0x0800314e   0x00000002   PAD
    0x08003150   0x08003150   0x00000030   Code   RO         5728    i.Disp_button_Num_Freq  user.o
    0x08003180   0x08003180   0x0000005c   Code   RO         5729    i.Disp_button_Num_time  user.o
    0x080031dc   0x080031dc   0x00000094   Code   RO         5730    i.Disp_dateandtime  user.o
    0x08003270   0x08003270   0x0000001c   Code   RO         5390    i.EXTI15_10_IRQHandler  stm32f4xx_it.o
    0x0800328c   0x0800328c   0x00000068   Code   RO         5391    i.EXTI3_IRQHandler  stm32f4xx_it.o
    0x080032f4   0x080032f4   0x00000024   Code   RO         6507    i.EXTI_Ads1251_Config  gpio.o
    0x08003318   0x08003318   0x0000000c   Code   RO         1485    i.EXTI_ClearITPendingBit  stm32f4xx_exti.o
    0x08003324   0x08003324   0x00000014   Code   RO         1489    i.EXTI_GetITStatus  stm32f4xx_exti.o
    0x08003338   0x08003338   0x00000074   Code   RO         1490    i.EXTI_Init         stm32f4xx_exti.o
    0x080033ac   0x080033ac   0x00000084   Code   RO         7810    i.EXTI_Key_Config   bsp_exti.o
    0x08003430   0x08003430   0x00000036   Code   RO         1844    i.FMC_GetFlagStatus  stm32f4xx_fmc.o
    0x08003466   0x08003466   0x00000002   PAD
    0x08003468   0x08003468   0x00000020   Code   RO         1861    i.FMC_SDRAMCmdConfig  stm32f4xx_fmc.o
    0x08003488   0x08003488   0x00000106   Code   RO         1863    i.FMC_SDRAMInit     stm32f4xx_fmc.o
    0x0800358e   0x0800358e   0x00000002   PAD
    0x08003590   0x08003590   0x00000010   Code   RO         1867    i.FMC_SetRefreshCount  stm32f4xx_fmc.o
    0x080035a0   0x080035a0   0x000000a8   Code   RO         6509    i.GPIO_Configuration  gpio.o
    0x08003648   0x08003648   0x0000007c   Code   RO         2046    i.GPIO_Init         stm32f4xx_gpio.o
    0x080036c4   0x080036c4   0x00000020   Code   RO         2047    i.GPIO_PinAFConfig  stm32f4xx_gpio.o
    0x080036e4   0x080036e4   0x0000000e   Code   RO         2050    i.GPIO_ReadInputDataBit  stm32f4xx_gpio.o
    0x080036f2   0x080036f2   0x00000004   Code   RO         2053    i.GPIO_ResetBits    stm32f4xx_gpio.o
    0x080036f6   0x080036f6   0x00000004   Code   RO         2054    i.GPIO_SetBits      stm32f4xx_gpio.o
    0x080036fa   0x080036fa   0x00000002   PAD
    0x080036fc   0x080036fc   0x00000014   Code   RO         7197    i.GetASCIICode      fonts.o
    0x08003710   0x08003710   0x00000014   Code   RO         5583    i.GetSoftTimerOut   pbdata.o
    0x08003724   0x08003724   0x00000008   Code   RO         8597    i.HCD_GetCurrentFrame  usb_hcd.o
    0x0800372c   0x0800372c   0x0000000c   Code   RO         8598    i.HCD_GetCurrentSpeed  usb_hcd.o
    0x08003738   0x08003738   0x00000008   Code   RO         8600    i.HCD_GetURB_State  usb_hcd.o
    0x08003740   0x08003740   0x0000000a   Code   RO         8601    i.HCD_GetXferCnt    usb_hcd.o
    0x0800374a   0x0800374a   0x00000056   Code   RO         8603    i.HCD_Init          usb_hcd.o
    0x080037a0   0x080037a0   0x00000006   Code   RO         8604    i.HCD_IsDeviceConnected  usb_hcd.o
    0x080037a6   0x080037a6   0x0000000a   Code   RO         8605    i.HCD_ResetPort     usb_hcd.o
    0x080037b0   0x080037b0   0x00000014   Code   RO         8606    i.HCD_SubmitRequest  usb_hcd.o
    0x080037c4   0x080037c4   0x00000058   Code   RO         6737    i.HW_Sendvalueto164  keyboard.o
    0x0800381c   0x0800381c   0x00000002   Code   RO         5392    i.HardFault_Handler  stm32f4xx_it.o
    0x0800381e   0x0800381e   0x00000002   PAD
    0x08003820   0x08003820   0x000000ac   Code   RO         5733    i.Hex_Format        user.o
    0x080038cc   0x080038cc   0x00000024   Code   RO         5734    i.InitGlobalValue   user.o
    0x080038f0   0x080038f0   0x00000100   Code   RO         5735    i.Input_Set_Cov     user.o
    0x080039f0   0x080039f0   0x00000064   Code   RO         5736    i.Jisuan_Range      user.o
    0x08003a54   0x08003a54   0x00000020   Code   RO         5737    i.Jisuan_V_Range    user.o
    0x08003a74   0x08003a74   0x000000f0   Code   RO         6739    i.Key_Identiry      keyboard.o
    0x08003b64   0x08003b64   0x00000020   Code   RO         6740    i.Key_Read          keyboard.o
    0x08003b84   0x08003b84   0x00000028   Code   RO         6741    i.Key_Read_WithTimeOut  keyboard.o
    0x08003bac   0x08003bac   0x00000074   Code   RO         6742    i.Key_Scan          keyboard.o
    0x08003c20   0x08003c20   0x00000016   Code   RO         6510    i.Key_beep          gpio.o
    0x08003c36   0x08003c36   0x00000002   PAD
    0x08003c38   0x08003c38   0x00000088   Code   RO         6743    i.Keyboard_Init     keyboard.o
    0x08003cc0   0x08003cc0   0x00000084   Code   RO         6814    i.LCD429_PutPixel   bsp_lcd.o
    0x08003d44   0x08003d44   0x00000058   Code   RO         6815    i.LCD_Clear         bsp_lcd.o
    0x08003d9c   0x08003d9c   0x000000fc   Code   RO         6832    i.LCD_DrawFullRect  bsp_lcd.o
    0x08003e98   0x08003e98   0x000000d4   Code   RO         6833    i.LCD_DrawLine      bsp_lcd.o
    0x08003f6c   0x08003f6c   0x00000300   Code   RO         6839    i.LCD_GPIO_Config   bsp_lcd.o
    0x0800426c   0x0800426c   0x00000084   Code   RO         6842    i.LCD_Init          bsp_lcd.o
    0x080042f0   0x080042f0   0x0000007c   Code   RO         6843    i.LCD_LayerInit     bsp_lcd.o
    0x0800436c   0x0800436c   0x0000000c   Code   RO         6853    i.LCD_SetFont       bsp_lcd.o
    0x08004378   0x08004378   0x00000024   Code   RO         6854    i.LCD_SetLayer      bsp_lcd.o
    0x0800439c   0x0800439c   0x0000000c   Code   RO         6855    i.LCD_SetTextColor  bsp_lcd.o
    0x080043a8   0x080043a8   0x00000030   Code   RO         6856    i.LCD_SetTransparency  bsp_lcd.o
    0x080043d8   0x080043d8   0x000000e0   Code   RO         6857    i.LCD_ShowFontCN_16  bsp_lcd.o
    0x080044b8   0x080044b8   0x0000007c   Code   RO         6858    i.LCD_ShowFontCN_40_55  bsp_lcd.o
    0x08004534   0x08004534   0x00000020   Code   RO         2733    i.LTDC_Cmd          stm32f4xx_ltdc.o
    0x08004554   0x08004554   0x000000a8   Code   RO         2744    i.LTDC_Init         stm32f4xx_ltdc.o
    0x080045fc   0x080045fc   0x00000004   Code   RO         2747    i.LTDC_LayerAlpha   stm32f4xx_ltdc.o
    0x08004600   0x08004600   0x00000018   Code   RO         2748    i.LTDC_LayerCmd     stm32f4xx_ltdc.o
    0x08004618   0x08004618   0x00000096   Code   RO         2749    i.LTDC_LayerInit    stm32f4xx_ltdc.o
    0x080046ae   0x080046ae   0x00000002   PAD
    0x080046b0   0x080046b0   0x0000000c   Code   RO         2756    i.LTDC_ReloadConfig  stm32f4xx_ltdc.o
    0x080046bc   0x080046bc   0x0000003c   Code   RO         6511    i.Led_Fail_On       gpio.o
    0x080046f8   0x080046f8   0x00000064   Code   RO         6512    i.Led_GPIO_Configuration  gpio.o
    0x0800475c   0x0800475c   0x0000003c   Code   RO         6513    i.Led_Pass_On       gpio.o
    0x08004798   0x08004798   0x00000010   Code   RO         6514    i.Lock_Off          gpio.o
    0x080047a8   0x080047a8   0x00000010   Code   RO         6515    i.Lock_On           gpio.o
    0x080047b8   0x080047b8   0x000000cc   Code   RO         5393    i.MODS_03H          stm32f4xx_it.o
    0x08004884   0x08004884   0x00000030   Code   RO         5394    i.MODS_06H          stm32f4xx_it.o
    0x080048b4   0x080048b4   0x00000054   Code   RO         7431    i.MODS_Poll         bsp_basic_tim.o
    0x08004908   0x08004908   0x000000ec   Code   RO         5395    i.MODS_ReadRegValue  stm32f4xx_it.o
    0x080049f4   0x080049f4   0x00000038   Code   RO         5396    i.MODS_SendWithCRC  stm32f4xx_it.o
    0x08004a2c   0x08004a2c   0x00000002   Code   RO         5397    i.MemManage_Handler  stm32f4xx_it.o
    0x08004a2e   0x08004a2e   0x00000002   Code   RO         5398    i.NMI_Handler       stm32f4xx_it.o
    0x08004a30   0x08004a30   0x00000026   Code   RO         7476    i.NVIC_Configuration  bsp_debug_usart.o
    0x08004a56   0x08004a56   0x00000026   Code   RO         7811    i.NVIC_Configuration  bsp_exti.o
    0x08004a7c   0x08004a7c   0x00000016   Code   RO         6260    i.NVIC_EnableIRQ    test.o
    0x08004a92   0x08004a92   0x00000002   PAD
    0x08004a94   0x08004a94   0x00000068   Code   RO          164    i.NVIC_Init         misc.o
    0x08004afc   0x08004afc   0x00000014   Code   RO          165    i.NVIC_PriorityGroupConfig  misc.o
    0x08004b10   0x08004b10   0x00000014   Code   RO          166    i.NVIC_SetVectorTable  misc.o
    0x08004b24   0x08004b24   0x0000000c   Code   RO         5399    i.OTG_HS_IRQHandler  stm32f4xx_it.o
    0x08004b30   0x08004b30   0x00000034   Code   RO         6516    i.Open_flag_Configuration  gpio.o
    0x08004b64   0x08004b64   0x00000070   Code   RO         6525    i.PLC_GPIO_Configuration  gpio.o
    0x08004bd4   0x08004bd4   0x0000000c   Code   RO         2926    i.PWR_BackupAccessCmd  stm32f4xx_pwr.o
    0x08004be0   0x08004be0   0x0000021c   Code   RO         5738    i.Parameter_valuecomp  user.o
    0x08004dfc   0x08004dfc   0x00000002   Code   RO         5400    i.PendSV_Handler    stm32f4xx_it.o
    0x08004dfe   0x08004dfe   0x0000000e   Code   RO         6526    i.Power_Off_led     gpio.o
    0x08004e0c   0x08004e0c   0x0000000e   Code   RO         6527    i.Power_On_led      gpio.o
    0x08004e1a   0x08004e1a   0x00000002   PAD
    0x08004e1c   0x08004e1c   0x000001a8   Code   RO         6261    i.Power_Process     test.o
    0x08004fc4   0x08004fc4   0x0000000c   Code   RO         6528    i.Power_Relay_OFF   gpio.o
    0x08004fd0   0x08004fd0   0x0000000c   Code   RO         6529    i.Power_Relay_on    gpio.o
    0x08004fdc   0x08004fdc   0x00000056   Code   RO         6863    i.PutChar           bsp_lcd.o
    0x08005032   0x08005032   0x00000002   PAD
    0x08005034   0x08005034   0x0000001c   Code   RO         3073    i.RCC_AHB1PeriphClockCmd  stm32f4xx_rcc.o
    0x08005050   0x08005050   0x0000001c   Code   RO         3075    i.RCC_AHB1PeriphResetCmd  stm32f4xx_rcc.o
    0x0800506c   0x0800506c   0x0000001c   Code   RO         3079    i.RCC_AHB3PeriphClockCmd  stm32f4xx_rcc.o
    0x08005088   0x08005088   0x0000001c   Code   RO         3082    i.RCC_APB1PeriphClockCmd  stm32f4xx_rcc.o
    0x080050a4   0x080050a4   0x0000001c   Code   RO         3085    i.RCC_APB2PeriphClockCmd  stm32f4xx_rcc.o
    0x080050c0   0x080050c0   0x000000a4   Code   RO         3094    i.RCC_GetClocksFreq  stm32f4xx_rcc.o
    0x08005164   0x08005164   0x00000038   Code   RO         3095    i.RCC_GetFlagStatus  stm32f4xx_rcc.o
    0x0800519c   0x0800519c   0x00000020   Code   RO         3103    i.RCC_LSEConfig     stm32f4xx_rcc.o
    0x080051bc   0x080051bc   0x00000014   Code   RO         3106    i.RCC_LTDCCLKDivConfig  stm32f4xx_rcc.o
    0x080051d0   0x080051d0   0x0000000c   Code   RO         3115    i.RCC_PLLSAICmd     stm32f4xx_rcc.o
    0x080051dc   0x080051dc   0x00000014   Code   RO         3116    i.RCC_PLLSAIConfig  stm32f4xx_rcc.o
    0x080051f0   0x080051f0   0x0000000c   Code   RO         3117    i.RCC_RTCCLKCmd     stm32f4xx_rcc.o
    0x080051fc   0x080051fc   0x00000030   Code   RO         3118    i.RCC_RTCCLKConfig  stm32f4xx_rcc.o
    0x0800522c   0x0800522c   0x00000012   Code   RO         3480    i.RTC_Bcd2ToByte    stm32f4xx_rtc.o
    0x0800523e   0x0800523e   0x00000018   Code   RO         3482    i.RTC_ByteToBcd2    stm32f4xx_rtc.o
    0x08005256   0x08005256   0x00000002   PAD
    0x08005258   0x08005258   0x0000006c   Code   RO         7756    i.RTC_CLK_Config    bsp_rtc.o
    0x080052c4   0x080052c4   0x0000001c   Code   RO         3485    i.RTC_ClearFlag     stm32f4xx_rtc.o
    0x080052e0   0x080052e0   0x0000001c   Code   RO         3486    i.RTC_ClearITPendingBit  stm32f4xx_rtc.o
    0x080052fc   0x080052fc   0x00000044   Code   RO         3492    i.RTC_EnterInitMode  stm32f4xx_rtc.o
    0x08005340   0x08005340   0x00000010   Code   RO         3493    i.RTC_ExitInitMode  stm32f4xx_rtc.o
    0x08005350   0x08005350   0x00000048   Code   RO         3496    i.RTC_GetDate       stm32f4xx_rtc.o
    0x08005398   0x08005398   0x0000001c   Code   RO         3497    i.RTC_GetFlagStatus  stm32f4xx_rtc.o
    0x080053b4   0x080053b4   0x0000004c   Code   RO         3501    i.RTC_GetTime       stm32f4xx_rtc.o
    0x08005400   0x08005400   0x00000044   Code   RO         3505    i.RTC_ITConfig      stm32f4xx_rtc.o
    0x08005444   0x08005444   0x00000050   Code   RO         3506    i.RTC_Init          stm32f4xx_rtc.o
    0x08005494   0x08005494   0x00000014   Code   RO         3509    i.RTC_ReadBackupRegister  stm32f4xx_rtc.o
    0x080054a8   0x080054a8   0x000000a4   Code   RO         3512    i.RTC_SetDate       stm32f4xx_rtc.o
    0x0800554c   0x0800554c   0x000000a8   Code   RO         3513    i.RTC_SetTime       stm32f4xx_rtc.o
    0x080055f4   0x080055f4   0x0000001c   Code   RO         3514    i.RTC_SetWakeUpCounter  stm32f4xx_rtc.o
    0x08005610   0x08005610   0x0000006e   Code   RO         7758    i.RTC_Set_WakeUp    bsp_rtc.o
    0x0800567e   0x0800567e   0x0000004c   Code   RO         7759    i.RTC_TimeAndDate_Set  bsp_rtc.o
    0x080056ca   0x080056ca   0x00000002   PAD
    0x080056cc   0x080056cc   0x0000002c   Code   RO         7761    i.RTC_WKUP_IRQHandler  bsp_rtc.o
    0x080056f8   0x080056f8   0x0000004c   Code   RO         3529    i.RTC_WaitForSynchro  stm32f4xx_rtc.o
    0x08005744   0x08005744   0x00000028   Code   RO         3530    i.RTC_WakeUpClockConfig  stm32f4xx_rtc.o
    0x0800576c   0x0800576c   0x00000060   Code   RO         3531    i.RTC_WakeUpCmd     stm32f4xx_rtc.o
    0x080057cc   0x080057cc   0x00000014   Code   RO         3532    i.RTC_WriteBackupRegister  stm32f4xx_rtc.o
    0x080057e0   0x080057e0   0x0000015c   Code   RO         5739    i.R_Comp            user.o
    0x0800593c   0x0800593c   0x0000015c   Code   RO         5740    i.Range_Changecomp  user.o
    0x08005a98   0x08005a98   0x00000074   Code   RO         5741    i.Range_Control     user.o
    0x08005b0c   0x08005b0c   0x0000001e   Code   RO         5742    i.ReadBE32U         user.o
    0x08005b2a   0x08005b2a   0x00000024   Code   RO         6392    i.Read_Convert_read  ad7706.o
    0x08005b4e   0x08005b4e   0x00000002   PAD
    0x08005b50   0x08005b50   0x0000000c   Code   RO         6530    i.Read_Openflag     gpio.o
    0x08005b5c   0x08005b5c   0x00000010   Code   RO         7723    i.Read_set_flash    flash_eerom.o
    0x08005b6c   0x08005b6c   0x0000001c   Code   RO         5401    i.RecHandle         stm32f4xx_it.o
    0x08005b88   0x08005b88   0x00000388   Code   RO         7374    i.SDRAM_GPIO_Config  bsp_sdram.o
    0x08005f10   0x08005f10   0x00000058   Code   RO         7375    i.SDRAM_Init        bsp_sdram.o
    0x08005f68   0x08005f68   0x000000ac   Code   RO         7376    i.SDRAM_InitSequence  bsp_sdram.o
    0x08006014   0x08006014   0x00000020   Code   RO         7380    i.SDRAM_delay       bsp_sdram.o
    0x08006034   0x08006034   0x00000018   Code   RO         4228    i.SPI_Cmd           stm32f4xx_spi.o
    0x0800604c   0x0800604c   0x0000004c   Code   RO         7253    i.SPI_FLASH_BufferRead  bsp_spi_flash.o
    0x08006098   0x08006098   0x000000d4   Code   RO         7254    i.SPI_FLASH_BufferWrite  bsp_spi_flash.o
    0x0800616c   0x0800616c   0x000000d8   Code   RO         7256    i.SPI_FLASH_Init    bsp_spi_flash.o
    0x08006244   0x08006244   0x00000094   Code   RO         7257    i.SPI_FLASH_PageWrite  bsp_spi_flash.o
    0x080062d8   0x080062d8   0x00000040   Code   RO         7261    i.SPI_FLASH_SectorErase  bsp_spi_flash.o
    0x08006318   0x08006318   0x00000070   Code   RO         7262    i.SPI_FLASH_SendByte  bsp_spi_flash.o
    0x08006388   0x08006388   0x00000040   Code   RO         7265    i.SPI_FLASH_WaitForWriteEnd  bsp_spi_flash.o
    0x080063c8   0x080063c8   0x0000001c   Code   RO         7266    i.SPI_FLASH_WriteEnable  bsp_spi_flash.o
    0x080063e4   0x080063e4   0x0000000e   Code   RO         4236    i.SPI_I2S_GetFlagStatus  stm32f4xx_spi.o
    0x080063f2   0x080063f2   0x00000004   Code   RO         4239    i.SPI_I2S_ReceiveData  stm32f4xx_spi.o
    0x080063f6   0x080063f6   0x00000004   Code   RO         4240    i.SPI_I2S_SendData  stm32f4xx_spi.o
    0x080063fa   0x080063fa   0x00000038   Code   RO         4241    i.SPI_Init          stm32f4xx_spi.o
    0x08006432   0x08006432   0x00000002   PAD
    0x08006434   0x08006434   0x00000040   Code   RO         7269    i.SPI_TIMEOUT_UserCallback  bsp_spi_flash.o
    0x08006474   0x08006474   0x00000002   Code   RO         5402    i.SVC_Handler       stm32f4xx_it.o
    0x08006476   0x08006476   0x00000002   PAD
    0x08006478   0x08006478   0x0000002c   Code   RO         4393    i.SYSCFG_EXTILineConfig  stm32f4xx_syscfg.o
    0x080064a4   0x080064a4   0x0000003c   Code   RO         6531    i.Select_V_I        gpio.o
    0x080064e0   0x080064e0   0x0000004c   Code   RO         7688    i.Send_To_Cpld      cpld.o
    0x0800652c   0x0800652c   0x0000000c   Code   RO         7477    i.Send_Uart3str     bsp_debug_usart.o
    0x08006538   0x08006538   0x0000005c   Code   RO         7689    i.Send_one_buff     cpld.o
    0x08006594   0x08006594   0x0000000c   Code   RO         5584    i.SetSoftTimer      pbdata.o
    0x080065a0   0x080065a0   0x000000d4   Code   RO           13    i.SetSysClock       system_stm32f4xx.o
    0x08006674   0x08006674   0x000003e4   Code   RO         6262    i.Setup_Process     test.o
    0x08006a58   0x08006a58   0x00000058   Code   RO         5744    i.Soft_Turnon       user.o
    0x08006ab0   0x08006ab0   0x000000c4   Code   RO         6394    i.SpiRxByte         ad7706.o
    0x08006b74   0x08006b74   0x00000028   Code   RO         7724    i.Store_set_flash   flash_eerom.o
    0x08006b9c   0x08006b9c   0x0000003a   Code   RO         5745    i.StrToint          user.o
    0x08006bd6   0x08006bd6   0x00000004   Code   RO         5403    i.SysTick_Handler   stm32f4xx_it.o
    0x08006bda   0x08006bda   0x00000002   PAD
    0x08006bdc   0x08006bdc   0x00000040   Code   RO         7590    i.SysTick_Init      bsp_systick.o
    0x08006c1c   0x08006c1c   0x00000098   Code   RO         5747    i.Sys_Process       user.o
    0x08006cb4   0x08006cb4   0x0000005c   Code   RO           15    i.SystemInit        system_stm32f4xx.o
    0x08006d10   0x08006d10   0x00000004   Code   RO         5404    i.TIM2_IRQHandler   stm32f4xx_it.o
    0x08006d14   0x08006d14   0x0000000e   Code   RO         7432    i.TIM6_Configuration  bsp_basic_tim.o
    0x08006d22   0x08006d22   0x00000002   PAD
    0x08006d24   0x08006d24   0x00000084   Code   RO         5405    i.TIM6_DAC_IRQHandler  stm32f4xx_it.o
    0x08006da8   0x08006da8   0x0000002a   Code   RO         7433    i.TIM6_NVIC_Configuration  bsp_basic_tim.o
    0x08006dd2   0x08006dd2   0x00000018   Code   RO         4454    i.TIM_ARRPreloadConfig  stm32f4xx_tim.o
    0x08006dea   0x08006dea   0x00000006   Code   RO         4460    i.TIM_ClearFlag     stm32f4xx_tim.o
    0x08006df0   0x08006df0   0x00000006   Code   RO         4461    i.TIM_ClearITPendingBit  stm32f4xx_tim.o
    0x08006df6   0x08006df6   0x00000018   Code   RO         4466    i.TIM_Cmd           stm32f4xx_tim.o
    0x08006e0e   0x08006e0e   0x00000018   Code   RO         4487    i.TIM_GetITStatus   stm32f4xx_tim.o
    0x08006e26   0x08006e26   0x00000014   Code   RO         4491    i.TIM_ITConfig      stm32f4xx_tim.o
    0x08006e3a   0x08006e3a   0x00000002   PAD
    0x08006e3c   0x08006e3c   0x00000040   Code   RO         7434    i.TIM_Mode_Config   bsp_basic_tim.o
    0x08006e7c   0x08006e7c   0x0000007c   Code   RO         4538    i.TIM_TimeBaseInit  stm32f4xx_tim.o
    0x08006ef8   0x08006ef8   0x000000d8   Code   RO         5748    i.Test_Debug        user.o
    0x08006fd0   0x08006fd0   0x000015b4   Code   RO         6263    i.Test_Process      test.o
    0x08008584   0x08008584   0x00000220   Code   RO         5749    i.Time_Set_Cov      user.o
    0x080087a4   0x080087a4   0x00000014   Code   RO         7591    i.TimingDelay_Decrement  bsp_systick.o
    0x080087b8   0x080087b8   0x00000010   Code   RO         6532    i.Trip_Off          gpio.o
    0x080087c8   0x080087c8   0x00000010   Code   RO         6533    i.Trip_On           gpio.o
    0x080087d8   0x080087d8   0x00000020   Code   RO         6534    i.Turnoff_Led       gpio.o
    0x080087f8   0x080087f8   0x00000020   Code   RO         6535    i.Turnon_Led        gpio.o
    0x08008818   0x08008818   0x00000050   Code   RO         5406    i.USART3_IRQHandler  stm32f4xx_it.o
    0x08008868   0x08008868   0x00000008   Code   RO         5016    i.USART_ClearFlag   stm32f4xx_usart.o
    0x08008870   0x08008870   0x00000018   Code   RO         5020    i.USART_Cmd         stm32f4xx_usart.o
    0x08008888   0x08008888   0x0000000e   Code   RO         5023    i.USART_GetFlagStatus  stm32f4xx_usart.o
    0x08008896   0x08008896   0x00000036   Code   RO         5026    i.USART_ITConfig    stm32f4xx_usart.o
    0x080088cc   0x080088cc   0x000000bc   Code   RO         5027    i.USART_Init        stm32f4xx_usart.o
    0x08008988   0x08008988   0x00000008   Code   RO         5034    i.USART_ReceiveData  stm32f4xx_usart.o
    0x08008990   0x08008990   0x00000008   Code   RO         5037    i.USART_SendData    stm32f4xx_usart.o
    0x08008998   0x08008998   0x00000024   Code   RO         8969    i.USBH_Alloc_Channel  usbh_hcs.o
    0x080089bc   0x080089bc   0x00000036   Code   RO         9025    i.USBH_BulkReceiveData  usbh_ioreq.o
    0x080089f2   0x080089f2   0x00000034   Code   RO         9026    i.USBH_BulkSendData  usbh_ioreq.o
    0x08008a26   0x08008a26   0x0000002e   Code   RO         9108    i.USBH_ClrFeature   usbh_stdreq.o
    0x08008a54   0x08008a54   0x0000000a   Code   RO         8868    i.USBH_Connected    usbh_core.o
    0x08008a5e   0x08008a5e   0x00000024   Code   RO         9027    i.USBH_CtlReceiveData  usbh_ioreq.o
    0x08008a82   0x08008a82   0x0000004c   Code   RO         9028    i.USBH_CtlReq       usbh_ioreq.o
    0x08008ace   0x08008ace   0x0000003c   Code   RO         9029    i.USBH_CtlSendData  usbh_ioreq.o
    0x08008b0a   0x08008b0a   0x00000026   Code   RO         9030    i.USBH_CtlSendSetup  usbh_ioreq.o
    0x08008b30   0x08008b30   0x00000018   Code   RO         8970    i.USBH_DeAllocate_AllChannel  usbh_hcs.o
    0x08008b48   0x08008b48   0x00000034   Code   RO         8869    i.USBH_DeInit       usbh_core.o
    0x08008b7c   0x08008b7c   0x0000000a   Code   RO         8870    i.USBH_Disconnected  usbh_core.o
    0x08008b86   0x08008b86   0x0000002c   Code   RO         8871    i.USBH_ErrorHandle  usbh_core.o
    0x08008bb2   0x08008bb2   0x00000018   Code   RO         8971    i.USBH_Free_Channel  usbh_hcs.o
    0x08008bca   0x08008bca   0x00000032   Code   RO         9109    i.USBH_GetDescriptor  usbh_stdreq.o
    0x08008bfc   0x08008bfc   0x0000001e   Code   RO         8972    i.USBH_GetFreeChannel  usbh_hcs.o
    0x08008c1a   0x08008c1a   0x0000000e   Code   RO         9110    i.USBH_GetNextDesc  usbh_stdreq.o
    0x08008c28   0x08008c28   0x0000005c   Code   RO         9111    i.USBH_Get_CfgDesc  usbh_stdreq.o
    0x08008c84   0x08008c84   0x00000032   Code   RO         9112    i.USBH_Get_DevDesc  usbh_stdreq.o
    0x08008cb6   0x08008cb6   0x0000002e   Code   RO         9113    i.USBH_Get_StringDesc  usbh_stdreq.o
    0x08008ce4   0x08008ce4   0x00000200   Code   RO         8872    i.USBH_HandleControl  usbh_core.o
    0x08008ee4   0x08008ee4   0x000001c8   Code   RO         8873    i.USBH_HandleEnum   usbh_core.o
    0x080090ac   0x080090ac   0x00000040   Code   RO         8874    i.USBH_Init         usbh_core.o
    0x080090ec   0x080090ec   0x00000018   Code   RO         9261    i.USBH_MSC_BOTReset  usbh_msc_core.o
    0x08009104   0x08009104   0x00000040   Code   RO         9212    i.USBH_MSC_BOT_Abort  usbh_msc_bot.o
    0x08009144   0x08009144   0x0000000c   Code   RO         9262    i.USBH_MSC_ClassRequest  usbh_msc_core.o
    0x08009150   0x08009150   0x00000064   Code   RO         9213    i.USBH_MSC_DecodeCSW  usbh_msc_bot.o
    0x080091b4   0x080091b4   0x00000034   Code   RO         9263    i.USBH_MSC_ErrorHandle  usbh_msc_core.o
    0x080091e8   0x080091e8   0x00000020   Code   RO         9264    i.USBH_MSC_GETMaxLUN  usbh_msc_core.o
    0x08009208   0x08009208   0x0000015c   Code   RO         9265    i.USBH_MSC_Handle   usbh_msc_core.o
    0x08009364   0x08009364   0x0000025c   Code   RO         9214    i.USBH_MSC_HandleBOTXfer  usbh_msc_bot.o
    0x080095c0   0x080095c0   0x0000003c   Code   RO         9215    i.USBH_MSC_Init     usbh_msc_bot.o
    0x080095fc   0x080095fc   0x0000003c   Code   RO         9266    i.USBH_MSC_InterfaceDeInit  usbh_msc_core.o
    0x08009638   0x08009638   0x000000a0   Code   RO         9267    i.USBH_MSC_InterfaceInit  usbh_msc_core.o
    0x080096d8   0x080096d8   0x0000009c   Code   RO         9324    i.USBH_MSC_ModeSense6  usbh_msc_scsi.o
    0x08009774   0x08009774   0x000000dc   Code   RO         9325    i.USBH_MSC_Read10   usbh_msc_scsi.o
    0x08009850   0x08009850   0x000000a0   Code   RO         9326    i.USBH_MSC_ReadCapacity10  usbh_msc_scsi.o
    0x080098f0   0x080098f0   0x000000a0   Code   RO         9327    i.USBH_MSC_RequestSense  usbh_msc_scsi.o
    0x08009990   0x08009990   0x00000080   Code   RO         9328    i.USBH_MSC_TestUnitReady  usbh_msc_scsi.o
    0x08009a10   0x08009a10   0x000000a4   Code   RO         9329    i.USBH_MSC_Write10  usbh_msc_scsi.o
    0x08009ab4   0x08009ab4   0x00000034   Code   RO         8973    i.USBH_Modify_Channel  usbh_hcs.o
    0x08009ae8   0x08009ae8   0x000000a8   Code   RO         8516    i.USBH_OTG_ISR_Handler  usb_hcd_int.o
    0x08009b90   0x08009b90   0x00000050   Code   RO         8974    i.USBH_Open_Channel  usbh_hcs.o
    0x08009be0   0x08009be0   0x00000104   Code   RO         9114    i.USBH_ParseCfgDesc  usbh_stdreq.o
    0x08009ce4   0x08009ce4   0x00000058   Code   RO         9115    i.USBH_ParseDevDesc  usbh_stdreq.o
    0x08009d3c   0x08009d3c   0x00000020   Code   RO         9116    i.USBH_ParseEPDesc  usbh_stdreq.o
    0x08009d5c   0x08009d5c   0x00000026   Code   RO         9117    i.USBH_ParseInterfaceDesc  usbh_stdreq.o
    0x08009d82   0x08009d82   0x0000002e   Code   RO         9118    i.USBH_ParseStringDesc  usbh_stdreq.o
    0x08009db0   0x08009db0   0x00000192   Code   RO         8875    i.USBH_Process      usbh_core.o
    0x08009f42   0x08009f42   0x00000004   Code   RO         8876    i.USBH_SOF          usbh_core.o
    0x08009f46   0x08009f46   0x00000018   Code   RO         9119    i.USBH_SetAddress   usbh_stdreq.o
    0x08009f5e   0x08009f5e   0x00000018   Code   RO         9120    i.USBH_SetCfg       usbh_stdreq.o
    0x08009f76   0x08009f76   0x00000014   Code   RO         9035    i.USBH_SubmitSetupRequest  usbh_ioreq.o
    0x08009f8a   0x08009f8a   0x00000004   Code   RO         8365    i.USBH_USR_Configuration_DescAvailable  usbh_usr.o
    0x08009f8e   0x08009f8e   0x00000002   Code   RO         8366    i.USBH_USR_DeInit   usbh_usr.o
    0x08009f90   0x08009f90   0x00000002   Code   RO         8367    i.USBH_USR_DeviceAddressAssigned  usbh_usr.o
    0x08009f92   0x08009f92   0x00000002   PAD
    0x08009f94   0x08009f94   0x00000014   Code   RO         8368    i.USBH_USR_DeviceAttached  usbh_usr.o
    0x08009fa8   0x08009fa8   0x00000018   Code   RO         8369    i.USBH_USR_DeviceDisconnected  usbh_usr.o
    0x08009fc0   0x08009fc0   0x00000002   Code   RO         8370    i.USBH_USR_DeviceNotSupported  usbh_usr.o
    0x08009fc2   0x08009fc2   0x00000002   Code   RO         8371    i.USBH_USR_DeviceSpeedDetected  usbh_usr.o
    0x08009fc4   0x08009fc4   0x00000002   Code   RO         8372    i.USBH_USR_Device_DescAvailable  usbh_usr.o
    0x08009fc6   0x08009fc6   0x00000002   Code   RO         8373    i.USBH_USR_EnumerationDone  usbh_usr.o
    0x08009fc8   0x08009fc8   0x00000014   Code   RO         8374    i.USBH_USR_Init     usbh_usr.o
    0x08009fdc   0x08009fdc   0x00000004   Code   RO         8375    i.USBH_USR_MSC_Application  usbh_usr.o
    0x08009fe0   0x08009fe0   0x00000002   Code   RO         8376    i.USBH_USR_Manufacturer_String  usbh_usr.o
    0x08009fe2   0x08009fe2   0x00000002   Code   RO         8377    i.USBH_USR_OverCurrentDetected  usbh_usr.o
    0x08009fe4   0x08009fe4   0x00000002   Code   RO         8378    i.USBH_USR_Product_String  usbh_usr.o
    0x08009fe6   0x08009fe6   0x00000002   Code   RO         8379    i.USBH_USR_ResetDevice  usbh_usr.o
    0x08009fe8   0x08009fe8   0x00000002   Code   RO         8380    i.USBH_USR_SerialNum_String  usbh_usr.o
    0x08009fea   0x08009fea   0x00000002   Code   RO         8381    i.USBH_USR_UnrecoveredError  usbh_usr.o
    0x08009fec   0x08009fec   0x00000004   Code   RO         8382    i.USBH_USR_UserInput  usbh_usr.o
    0x08009ff0   0x08009ff0   0x0000000c   Code   RO         8273    i.USB_OTG_BSP_ConfigVBUS  usb_bsp.o
    0x08009ffc   0x08009ffc   0x00000002   Code   RO         8274    i.USB_OTG_BSP_DriveVBUS  usb_bsp.o
    0x08009ffe   0x08009ffe   0x00000028   Code   RO         8275    i.USB_OTG_BSP_EnableInterrupt  usb_bsp.o
    0x0800a026   0x0800a026   0x00000002   PAD
    0x0800a028   0x0800a028   0x0000004c   Code   RO         8276    i.USB_OTG_BSP_Init  usb_bsp.o
    0x0800a074   0x0800a074   0x00000038   Code   RO         8277    i.USB_OTG_BSP_TimeInit  usb_bsp.o
    0x0800a0ac   0x0800a0ac   0x00000038   Code   RO         8278    i.USB_OTG_BSP_TimerIRQ  usb_bsp.o
    0x0800a0e4   0x0800a0e4   0x00000006   Code   RO         8279    i.USB_OTG_BSP_mDelay  usb_bsp.o
    0x0800a0ea   0x0800a0ea   0x00000006   Code   RO         8280    i.USB_OTG_BSP_uDelay  usb_bsp.o
    0x0800a0f0   0x0800a0f0   0x000000a8   Code   RO         8678    i.USB_OTG_CoreInit  usb_core.o
    0x0800a198   0x0800a198   0x000000b4   Code   RO         8679    i.USB_OTG_CoreInitHost  usb_core.o
    0x0800a24c   0x0800a24c   0x0000005c   Code   RO         8680    i.USB_OTG_CoreReset  usb_core.o
    0x0800a2a8   0x0800a2a8   0x00000010   Code   RO         8681    i.USB_OTG_DisableGlobalInt  usb_core.o
    0x0800a2b8   0x0800a2b8   0x00000048   Code   RO         8682    i.USB_OTG_DriveVbus  usb_core.o
    0x0800a300   0x0800a300   0x0000001c   Code   RO         8683    i.USB_OTG_EnableCommonInt  usb_core.o
    0x0800a31c   0x0800a31c   0x00000010   Code   RO         8684    i.USB_OTG_EnableGlobalInt  usb_core.o
    0x0800a32c   0x0800a32c   0x00000046   Code   RO         8685    i.USB_OTG_EnableHostInt  usb_core.o
    0x0800a372   0x0800a372   0x00000002   PAD
    0x0800a374   0x0800a374   0x0000003c   Code   RO         8686    i.USB_OTG_FlushRxFifo  usb_core.o
    0x0800a3b0   0x0800a3b0   0x00000044   Code   RO         8687    i.USB_OTG_FlushTxFifo  usb_core.o
    0x0800a3f4   0x0800a3f4   0x0000000a   Code   RO         8688    i.USB_OTG_GetMode   usb_core.o
    0x0800a3fe   0x0800a3fe   0x0000002a   Code   RO         8689    i.USB_OTG_HC_DoPing  usb_core.o
    0x0800a428   0x0800a428   0x00000064   Code   RO         8690    i.USB_OTG_HC_Halt   usb_core.o
    0x0800a48c   0x0800a48c   0x0000013c   Code   RO         8691    i.USB_OTG_HC_Init   usb_core.o
    0x0800a5c8   0x0800a5c8   0x00000120   Code   RO         8692    i.USB_OTG_HC_StartXfer  usb_core.o
    0x0800a6e8   0x0800a6e8   0x0000000c   Code   RO         8693    i.USB_OTG_InitFSLSPClkSel  usb_core.o
    0x0800a6f4   0x0800a6f4   0x0000000c   Code   RO         8695    i.USB_OTG_IsEvenFrame  usb_core.o
    0x0800a700   0x0800a700   0x0000000e   Code   RO         8696    i.USB_OTG_IsHostMode  usb_core.o
    0x0800a70e   0x0800a70e   0x0000000a   Code   RO         8697    i.USB_OTG_ReadCoreItr  usb_core.o
    0x0800a718   0x0800a718   0x00000018   Code   RO         8698    i.USB_OTG_ReadHPRT0  usb_core.o
    0x0800a730   0x0800a730   0x00000006   Code   RO         8699    i.USB_OTG_ReadHostAllChannels_intr  usb_core.o
    0x0800a736   0x0800a736   0x00000020   Code   RO         8701    i.USB_OTG_ReadPacket  usb_core.o
    0x0800a756   0x0800a756   0x0000002c   Code   RO         8702    i.USB_OTG_ResetPort  usb_core.o
    0x0800a782   0x0800a782   0x00000002   PAD
    0x0800a784   0x0800a784   0x000000c4   Code   RO         8703    i.USB_OTG_SelectCore  usb_core.o
    0x0800a848   0x0800a848   0x00000036   Code   RO         8704    i.USB_OTG_SetCurrentMode  usb_core.o
    0x0800a87e   0x0800a87e   0x00000002   PAD
    0x0800a880   0x0800a880   0x0000002c   Code   RO         8517    i.USB_OTG_USBH_handle_Disconnect_ISR  usb_hcd_int.o
    0x0800a8ac   0x0800a8ac   0x00000046   Code   RO         8518    i.USB_OTG_USBH_handle_IncompletePeriodicXfer_ISR  usb_hcd_int.o
    0x0800a8f2   0x0800a8f2   0x00000056   Code   RO         8519    i.USB_OTG_USBH_handle_hc_ISR  usb_hcd_int.o
    0x0800a948   0x0800a948   0x0000042a   Code   RO         8520    i.USB_OTG_USBH_handle_hc_n_In_ISR  usb_hcd_int.o
    0x0800ad72   0x0800ad72   0x000003d0   Code   RO         8521    i.USB_OTG_USBH_handle_hc_n_Out_ISR  usb_hcd_int.o
    0x0800b142   0x0800b142   0x0000012e   Code   RO         8522    i.USB_OTG_USBH_handle_nptxfempty_ISR  usb_hcd_int.o
    0x0800b270   0x0800b270   0x00000120   Code   RO         8523    i.USB_OTG_USBH_handle_port_ISR  usb_hcd_int.o
    0x0800b390   0x0800b390   0x0000012e   Code   RO         8524    i.USB_OTG_USBH_handle_ptxfempty_ISR  usb_hcd_int.o
    0x0800b4be   0x0800b4be   0x00000164   Code   RO         8525    i.USB_OTG_USBH_handle_rx_qlvl_ISR  usb_hcd_int.o
    0x0800b622   0x0800b622   0x00000002   PAD
    0x0800b624   0x0800b624   0x0000002c   Code   RO         8526    i.USB_OTG_USBH_handle_sof_ISR  usb_hcd_int.o
    0x0800b650   0x0800b650   0x00000028   Code   RO         8706    i.USB_OTG_WritePacket  usb_core.o
    0x0800b678   0x0800b678   0x0000008c   Code   RO         5750    i.Uart_Process      user.o
    0x0800b704   0x0800b704   0x00000002   Code   RO         5407    i.UsageFault_Handler  stm32f4xx_it.o
    0x0800b706   0x0800b706   0x0000001e   Code   RO         7478    i.Usart_SendByte    bsp_debug_usart.o
    0x0800b724   0x0800b724   0x0000002e   Code   RO         7479    i.Usart_SendString  bsp_debug_usart.o
    0x0800b752   0x0800b752   0x00000002   PAD
    0x0800b754   0x0800b754   0x00000470   Code   RO         6264    i.Use_DebugProcess  test.o
    0x0800bbc4   0x0800bbc4   0x000004a0   Code   RO         5751    i.Use_SysSetProcess  user.o
    0x0800c064   0x0800c064   0x0000007c   Code   RO         5752    i.V_Comp            user.o
    0x0800c0e0   0x0800c0e0   0x00000030   Code   RO         5753    i.V_Datacov         user.o
    0x0800c110   0x0800c110   0x00000044   Code   RO         6536    i.V_I_Select_Configuration  gpio.o
    0x0800c154   0x0800c154   0x00000012   Code   RO         6865    i.WriteOneHzChar_16  bsp_lcd.o
    0x0800c166   0x0800c166   0x00000002   PAD
    0x0800c168   0x0800c168   0x000000a0   Code   RO         6866    i.WriteString_16    bsp_lcd.o
    0x0800c208   0x0800c208   0x00000078   Code   RO         6867    i.WriteString_Big   bsp_lcd.o
    0x0800c280   0x0800c280   0x0000000c   Code   RO         6744    i._164Delaay        keyboard.o
    0x0800c28c   0x0800c28c   0x00000020   Code   RO         9573    i.__0printf$6       mc_w.l(printf6.o)
    0x0800c2ac   0x0800c2ac   0x00000028   Code   RO         9575    i.__0sprintf$6      mc_w.l(printf6.o)
    0x0800c2d4   0x0800c2d4   0x00000030   Code   RO         9709    i.__ARM_fpclassify  m_wm.l(fpclassify.o)
    0x0800c304   0x0800c304   0x00000004   PAD
    0x0800c308   0x0800c308   0x00000c50   Code   RO         9391    i.__hardfp_pow      m_wm.l(pow.o)
    0x0800cf58   0x0800cf58   0x000000f8   Code   RO         9711    i.__kernel_poly     m_wm.l(poly.o)
    0x0800d050   0x0800d050   0x00000030   Code   RO         9689    i.__mathlib_dbl_divzero  m_wm.l(dunder.o)
    0x0800d080   0x0800d080   0x00000014   Code   RO         9691    i.__mathlib_dbl_infnan2  m_wm.l(dunder.o)
    0x0800d094   0x0800d094   0x00000004   PAD
    0x0800d098   0x0800d098   0x00000020   Code   RO         9692    i.__mathlib_dbl_invalid  m_wm.l(dunder.o)
    0x0800d0b8   0x0800d0b8   0x00000020   Code   RO         9693    i.__mathlib_dbl_overflow  m_wm.l(dunder.o)
    0x0800d0d8   0x0800d0d8   0x00000020   Code   RO         9695    i.__mathlib_dbl_underflow  m_wm.l(dunder.o)
    0x0800d0f8   0x0800d0f8   0x0000000e   Code   RO         9783    i.__scatterload_copy  mc_w.l(handlers.o)
    0x0800d106   0x0800d106   0x00000002   Code   RO         9784    i.__scatterload_null  mc_w.l(handlers.o)
    0x0800d108   0x0800d108   0x0000000e   Code   RO         9785    i.__scatterload_zeroinit  mc_w.l(handlers.o)
    0x0800d116   0x0800d116   0x00000002   PAD
    0x0800d118   0x0800d118   0x0000000c   Code   RO         9747    i.__set_errno       mc_w.l(errno.o)
    0x0800d124   0x0800d124   0x000002f0   Code   RO         9580    i._printf_core      mc_w.l(printf6.o)
    0x0800d414   0x0800d414   0x00000024   Code   RO         9581    i._printf_post_padding  mc_w.l(printf6.o)
    0x0800d438   0x0800d438   0x0000002e   Code   RO         9582    i._printf_pre_padding  mc_w.l(printf6.o)
    0x0800d466   0x0800d466   0x0000000a   Code   RO         9584    i._sputc            mc_w.l(printf6.o)
    0x0800d470   0x0800d470   0x0000007c   Code   RO         7899    i.check_fs          ff.o
    0x0800d4ec   0x0800d4ec   0x00000010   Code   RO         7900    i.chk_chr           ff.o
    0x0800d4fc   0x0800d4fc   0x00000018   Code   RO         7901    i.clust2sect        ff.o
    0x0800d514   0x0800d514   0x00000080   Code   RO         7902    i.cmp_lfn           ff.o
    0x0800d594   0x0800d594   0x000000a8   Code   RO         7903    i.create_chain      ff.o
    0x0800d63c   0x0800d63c   0x00000230   Code   RO         7904    i.create_name       ff.o
    0x0800d86c   0x0800d86c   0x00000022   Code   RO         7593    i.delay_1us         bsp_systick.o
    0x0800d88e   0x0800d88e   0x0000000a   Code   RO         7594    i.delay_us          bsp_systick.o
    0x0800d898   0x0800d898   0x00000044   Code   RO         7905    i.dir_alloc         ff.o
    0x0800d8dc   0x0800d8dc   0x000000c6   Code   RO         7906    i.dir_find          ff.o
    0x0800d9a2   0x0800d9a2   0x00000114   Code   RO         7907    i.dir_next          ff.o
    0x0800dab6   0x0800dab6   0x00000104   Code   RO         7909    i.dir_register      ff.o
    0x0800dbba   0x0800dbba   0x000000a0   Code   RO         7911    i.dir_sdi           ff.o
    0x0800dc5a   0x0800dc5a   0x00000002   PAD
    0x0800dc5c   0x0800dc5c   0x00000018   Code   RO         7839    i.disk_initialize   diskio.o
    0x0800dc74   0x0800dc74   0x00000038   Code   RO         7840    i.disk_ioctl        diskio.o
    0x0800dcac   0x0800dcac   0x00000060   Code   RO         7841    i.disk_read         diskio.o
    0x0800dd0c   0x0800dd0c   0x00000004   Code   RO         7842    i.disk_status       diskio.o
    0x0800dd10   0x0800dd10   0x0000004c   Code   RO         7843    i.disk_write        diskio.o
    0x0800dd5c   0x0800dd5c   0x0000001e   Code   RO         7913    i.f_close           ff.o
    0x0800dd7a   0x0800dd7a   0x00000174   Code   RO         7918    i.f_lseek           ff.o
    0x0800deee   0x0800deee   0x00000164   Code   RO         7919    i.f_mkdir           ff.o
    0x0800e052   0x0800e052   0x00000002   PAD
    0x0800e054   0x0800e054   0x0000004c   Code   RO         7921    i.f_mount           ff.o
    0x0800e0a0   0x0800e0a0   0x00000158   Code   RO         7922    i.f_open            ff.o
    0x0800e1f8   0x0800e1f8   0x0000009a   Code   RO         7932    i.f_sync            ff.o
    0x0800e292   0x0800e292   0x000001ba   Code   RO         7936    i.f_write           ff.o
    0x0800e44c   0x0800e44c   0x00000018   Code   RO         9705    i.fabs              m_wm.l(fabs.o)
    0x0800e464   0x0800e464   0x00000058   Code   RO         8239    i.ff_convert        cc936.o
    0x0800e4bc   0x0800e4bc   0x0000002c   Code   RO         8240    i.ff_wtoupper       cc936.o
    0x0800e4e8   0x0800e4e8   0x00000034   Code   RO         6868    i.findHzIndex_16    bsp_lcd.o
    0x0800e51c   0x0800e51c   0x00000348   Code   RO         7937    i.find_volume       ff.o
    0x0800e864   0x0800e864   0x0000006c   Code   RO         7938    i.fit_lfn           ff.o
    0x0800e8d0   0x0800e8d0   0x0000006a   Code   RO         7939    i.follow_path       ff.o
    0x0800e93a   0x0800e93a   0x00000002   PAD
    0x0800e93c   0x0800e93c   0x00000024   Code   RO         7481    i.fputc             bsp_debug_usart.o
    0x0800e960   0x0800e960   0x00000098   Code   RO         7940    i.gen_numname       ff.o
    0x0800e9f8   0x0800e9f8   0x00000100   Code   RO         7941    i.get_fat           ff.o
    0x0800eaf8   0x0800eaf8   0x00000044   Code   RO         7844    i.get_fattime       diskio.o
    0x0800eb3c   0x0800eb3c   0x00000042   Code   RO         7943    i.get_ldnumber      ff.o
    0x0800eb7e   0x0800eb7e   0x00000002   PAD
    0x0800eb80   0x0800eb80   0x00000238   Code   RO         5755    i.input_num         user.o
    0x0800edb8   0x0800edb8   0x000002c0   Code   RO         5756    i.input_password    user.o
    0x0800f078   0x0800f078   0x00000028   Code   RO         6869    i.lcd_image         bsp_lcd.o
    0x0800f0a0   0x0800f0a0   0x0000001e   Code   RO         7944    i.ld_clust          ff.o
    0x0800f0be   0x0800f0be   0x00000002   PAD
    0x0800f0c0   0x0800f0c0   0x0000008c   Code   RO         5274    i.main              main.o
    0x0800f14c   0x0800f14c   0x0000001a   Code   RO         7945    i.mem_cmp           ff.o
    0x0800f166   0x0800f166   0x00000012   Code   RO         7946    i.mem_cpy           ff.o
    0x0800f178   0x0800f178   0x00000010   Code   RO         7947    i.mem_set           ff.o
    0x0800f188   0x0800f188   0x00000034   Code   RO         7948    i.move_window       ff.o
    0x0800f1bc   0x0800f1bc   0x0000012c   Code   RO         7950    i.put_fat           ff.o
    0x0800f2e8   0x0800f2e8   0x000000f0   Code   RO         5759    i.read_adI_1        user.o
    0x0800f3d8   0x0800f3d8   0x000000f8   Code   RO         5760    i.read_adI_2        user.o
    0x0800f4d0   0x0800f4d0   0x0000009c   Code   RO         5761    i.read_adI_3        user.o
    0x0800f56c   0x0800f56c   0x0000009c   Code   RO         5762    i.read_adI_4        user.o
    0x0800f608   0x0800f608   0x000000f4   Code   RO         5763    i.read_adV_1        user.o
    0x0800f6fc   0x0800f6fc   0x00000100   Code   RO         5764    i.read_adV_2        user.o
    0x0800f7fc   0x0800f7fc   0x000000a4   Code   RO         5765    i.read_adV_3        user.o
    0x0800f8a0   0x0800f8a0   0x000000a0   Code   RO         5766    i.read_adV_4        user.o
    0x0800f940   0x0800f940   0x00000054   Code   RO         6537    i.read_cpld         gpio.o
    0x0800f994   0x0800f994   0x00000066   Code   RO         7952    i.remove_chain      ff.o
    0x0800f9fa   0x0800f9fa   0x0000006e   Code   RO         9716    i.sqrt              m_wm.l(sqrt.o)
    0x0800fa68   0x0800fa68   0x00000010   Code   RO         7953    i.st_clust          ff.o
    0x0800fa78   0x0800fa78   0x0000001a   Code   RO         7954    i.sum_sfn           ff.o
    0x0800fa92   0x0800fa92   0x000000b4   Code   RO         7955    i.sync_fs           ff.o
    0x0800fb46   0x0800fb46   0x00000054   Code   RO         7956    i.sync_window       ff.o
    0x0800fb9a   0x0800fb9a   0x00000002   PAD
    0x0800fb9c   0x0800fb9c   0x00000030   Code   RO         5408    i.uart1SendChars    stm32f4xx_it.o
    0x0800fbcc   0x0800fbcc   0x0000002c   Code   RO         7957    i.validate          ff.o
    0x0800fbf8   0x0800fbf8   0x00000200   Data   RO         5410    .constdata          stm32f4xx_it.o
    0x0800fdf8   0x0800fdf8   0x00000875   Data   RO         5768    .constdata          user.o
    0x0801066d   0x0801066d   0x0005fa00   Data   RO         6267    .constdata          test.o
    0x0807006d   0x0807006d   0x00000008   Data   RO         6745    .constdata          keyboard.o
    0x08070075   0x08070075   0x0000162e   Data   RO         6872    .constdata          bsp_lcd.o
    0x080716a3   0x080716a3   0x00000001   PAD
    0x080716a4   0x080716a4   0x000011d0   Data   RO         7199    .constdata          fonts.o
    0x08072874   0x08072874   0x00000270   Data   RO         7200    .constdata          fonts.o
    0x08072ae4   0x08072ae4   0x00001e28   Data   RO         7201    .constdata          fonts.o
    0x0807490c   0x0807490c   0x00000b80   Data   RO         7202    .constdata          fonts.o
    0x0807548c   0x0807548c   0x000005f0   Data   RO         7206    .constdata          fonts.o
    0x08075a7c   0x08075a7c   0x00000090   Data   RO         7207    .constdata          fonts.o
    0x08075b0c   0x08075b0c   0x0000003a   Data   RO         7959    .constdata          ff.o
    0x08075b46   0x08075b46   0x0002acc8   Data   RO         8241    .constdata          cc936.o
    0x080a080e   0x080a080e   0x00000002   PAD
    0x080a0810   0x080a0810   0x00000088   Data   RO         9394    .constdata          m_wm.l(pow.o)
    0x080a0898   0x080a0898   0x00000008   Data   RO         9713    .constdata          m_wm.l(qnan.o)
    0x080a08a0   0x080a08a0   0x00000020   Data   RO         9781    Region$$Table       anon$$obj.o


    Execution Region RW_IRAM1 (Exec base: 0x20000000, Load base: 0x080a08c0, Size: 0x00007608, Max: 0x00030000, ABSOLUTE, COMPRESSED[0x000000ac])

    Exec Addr    Load Addr    Size         Type   Attr      Idx    E Section Name        Object

    0x20000000   COMPRESSED   0x00000014   Data   RW           16    .data               system_stm32f4xx.o
    0x20000014   COMPRESSED   0x00000010   Data   RW         3126    .data               stm32f4xx_rcc.o
    0x20000024   COMPRESSED   0x00000010   Data   RW         5411    .data               stm32f4xx_it.o
    0x20000034   COMPRESSED   0x00000001   Data   RW         5606    .data               pbdata.o
    0x20000035   COMPRESSED   0x00000001   Data   RW         5608    .data               pbdata.o
    0x20000036   COMPRESSED   0x00000001   Data   RW         5609    .data               pbdata.o
    0x20000037   COMPRESSED   0x00000001   Data   RW         5611    .data               pbdata.o
    0x20000038   COMPRESSED   0x00000001   Data   RW         5612    .data               pbdata.o
    0x20000039   COMPRESSED   0x00000001   Data   RW         5613    .data               pbdata.o
    0x2000003a   COMPRESSED   0x00000001   Data   RW         5615    .data               pbdata.o
    0x2000003b   COMPRESSED   0x00000001   Data   RW         5616    .data               pbdata.o
    0x2000003c   COMPRESSED   0x00000001   Data   RW         5617    .data               pbdata.o
    0x2000003d   COMPRESSED   0x00000001   Data   RW         5618    .data               pbdata.o
    0x2000003e   COMPRESSED   0x00000002   Data   RW         5619    .data               pbdata.o
    0x20000040   COMPRESSED   0x00000001   Data   RW         5620    .data               pbdata.o
    0x20000041   COMPRESSED   0x00000001   Data   RW         5622    .data               pbdata.o
    0x20000042   COMPRESSED   0x00000001   Data   RW         5627    .data               pbdata.o
    0x20000043   COMPRESSED   0x00000001   Data   RW         5628    .data               pbdata.o
    0x20000044   COMPRESSED   0x00000001   Data   RW         5629    .data               pbdata.o
    0x20000045   COMPRESSED   0x00000002   Data   RW         5630    .data               pbdata.o
    0x20000047   COMPRESSED   0x00000001   Data   RW         5631    .data               pbdata.o
    0x20000048   COMPRESSED   0x00000004   Data   RW         5632    .data               pbdata.o
    0x2000004c   COMPRESSED   0x00000004   Data   RW         5633    .data               pbdata.o
    0x20000050   COMPRESSED   0x00000001   Data   RW         5635    .data               pbdata.o
    0x20000051   COMPRESSED   0x00000001   Data   RW         5636    .data               pbdata.o
    0x20000052   COMPRESSED   0x00000001   Data   RW         5637    .data               pbdata.o
    0x20000053   COMPRESSED   0x00000001   PAD
    0x20000054   COMPRESSED   0x00000004   Data   RW         5638    .data               pbdata.o
    0x20000058   COMPRESSED   0x00000004   Data   RW         5639    .data               pbdata.o
    0x2000005c   COMPRESSED   0x00000004   Data   RW         5640    .data               pbdata.o
    0x20000060   COMPRESSED   0x00000001   Data   RW         5641    .data               pbdata.o
    0x20000061   COMPRESSED   0x00000001   Data   RW         5642    .data               pbdata.o
    0x20000062   COMPRESSED   0x00000001   Data   RW         5643    .data               pbdata.o
    0x20000063   COMPRESSED   0x00000002   Data   RW         5646    .data               pbdata.o
    0x20000065   COMPRESSED   0x00000003   PAD
    0x20000068   COMPRESSED   0x00000091   Data   RW         5776    .data               user.o
    0x200000f9   COMPRESSED   0x00000003   Data   RW         6268    .data               test.o
    0x200000fc   COMPRESSED   0x00000001   Data   RW         6538    .data               gpio.o
    0x200000fd   COMPRESSED   0x00000006   Data   RW         6746    .data               keyboard.o
    0x20000103   COMPRESSED   0x00000001   PAD
    0x20000104   COMPRESSED   0x0000001c   Data   RW         6873    .data               bsp_lcd.o
    0x20000120   COMPRESSED   0x00000008   Data   RW         7208    .data               fonts.o
    0x20000128   COMPRESSED   0x00000004   Data   RW         7270    .data               bsp_spi_flash.o
    0x2000012c   COMPRESSED   0x00000008   Data   RW         7435    .data               bsp_basic_tim.o
    0x20000134   COMPRESSED   0x00000004   Data   RW         7595    .data               bsp_systick.o
    0x20000138   COMPRESSED   0x00000002   Data   RW         7960    .data               ff.o
    0x2000013a   COMPRESSED   0x00000002   PAD
    0x2000013c   COMPRESSED   0x00000004   Data   RW         8281    .data               usb_bsp.o
    0x20000140   COMPRESSED   0x00000048   Data   RW         8400    .data               usbh_usr.o
    0x20000188   COMPRESSED   0x00000001   Data   RW         8401    .data               usbh_usr.o
    0x20000189   COMPRESSED   0x00000003   PAD
    0x2000018c   COMPRESSED   0x0000000c   Data   RW         8877    .data               usbh_core.o
    0x20000198   COMPRESSED   0x00000004   Data   RW         8878    .data               usbh_core.o
    0x2000019c   COMPRESSED   0x00000002   Data   RW         8879    .data               usbh_core.o
    0x2000019e   COMPRESSED   0x00000004   Data   RW         9123    .data               usbh_stdreq.o
    0x200001a2   COMPRESSED   0x00000002   PAD
    0x200001a4   COMPRESSED   0x00000014   Data   RW         9217    .data               usbh_msc_bot.o
    0x200001b8   COMPRESSED   0x00000002   Data   RW         9269    .data               usbh_msc_core.o
    0x200001ba   COMPRESSED   0x00000002   PAD
    0x200001bc   COMPRESSED   0x00000010   Data   RW         9270    .data               usbh_msc_core.o
    0x200001cc   COMPRESSED   0x00000001   Data   RW         9332    .data               usbh_msc_scsi.o
    0x200001cd   COMPRESSED   0x00000003   PAD
    0x200001d0   COMPRESSED   0x00000004   Data   RW         9740    .data               mc_w.l(stdout.o)
    0x200001d4   COMPRESSED   0x00000004   Data   RW         9748    .data               mc_w.l(errno.o)
    0x200001d8        -       0x000000a3   Zero   RW         5409    .bss                stm32f4xx_it.o
    0x2000027b   COMPRESSED   0x00000001   PAD
    0x2000027c        -       0x00000208   Zero   RW         5586    .bss                pbdata.o
    0x20000484        -       0x00000208   Zero   RW         5587    .bss                pbdata.o
    0x2000068c        -       0x00000015   Zero   RW         5588    .bss                pbdata.o
    0x200006a1        -       0x0000002f   Zero   RW         5589    .bss                pbdata.o
    0x200006d0        -       0x0000002a   Zero   RW         5590    .bss                pbdata.o
    0x200006fa   COMPRESSED   0x00000002   PAD
    0x200006fc        -       0x00000010   Zero   RW         5593    .bss                pbdata.o
    0x2000070c        -       0x00000010   Zero   RW         5597    .bss                pbdata.o
    0x2000071c        -       0x00000148   Zero   RW         5598    .bss                pbdata.o
    0x20000864        -       0x00000050   Zero   RW         5599    .bss                pbdata.o
    0x200008b4        -       0x00000030   Zero   RW         5600    .bss                pbdata.o
    0x200008e4        -       0x00000037   Zero   RW         5603    .bss                pbdata.o
    0x2000091b   COMPRESSED   0x00000001   PAD
    0x2000091c        -       0x00002054   Zero   RW         6266    .bss                test.o
    0x20002970        -       0x0000000c   Zero   RW         7958    .bss                ff.o
    0x2000297c        -       0x000005ac   Zero   RW         8383    .bss                usbh_usr.o
    0x20002f28        -       0x00000084   Zero   RW         8384    .bss                usbh_usr.o
    0x20002fac        -       0x00000200   Zero   RW         9122    .bss                usbh_stdreq.o
    0x200031ac        -       0x00000040   Zero   RW         9216    .bss                usbh_msc_bot.o
    0x200031ec        -       0x0000020a   Zero   RW         9268    .bss                usbh_msc_core.o
    0x200033f6   COMPRESSED   0x00000002   PAD
    0x200033f8        -       0x00000210   Zero   RW         9330    .bss                usbh_msc_scsi.o
    0x20003608        -       0x00004000   Zero   RW            1    STACK               startup_stm32f429_439xx.o


==============================================================================

Image component sizes


      Code (inc. data)   RO Data    RW Data    ZI Data      Debug   Object Name

       232          8          0          0          0       1320   ad7706.o
       204         20          0          8          0       2415   bsp_basic_tim.o
       330         20          0          0          0       4061   bsp_debug_usart.o
       170         10          0          0          0       1114   bsp_exti.o
      2848        196       5678         28          0      25864   bsp_lcd.o
       338         32          0          0          0       2402   bsp_rtc.o
      1196         30          0          0          0       3101   bsp_sdram.o
       984        148          0          4          0       7139   bsp_spi_flash.o
       128         16          0          4          0      29205   bsp_systick.o
       132         20     175304          0          0       2475   cc936.o
       244         14          0          0          0       2213   cpld.o
       324         28          0          0          0       7896   diskio.o
      6178         60         58          2         12      36702   ff.o
        56         10          0          0          0       1307   flash_eerom.o
        20          6      17512          8          0       2406   fonts.o
      1178        228          0          1          0      13135   gpio.o
       664         56          8          6          0       7959   keyboard.o
       140         18          0          0          0      16299   main.o
       144         24          0          0          0       2397   misc.o
        32         10          0         48       1693      14386   pbdata.o
        36          8        428          0      16384        968   startup_stm32f429_439xx.o
       244         18          0          0          0       3316   stm32f4xx_dma2d.o
       148         16          0          0          0       2476   stm32f4xx_exti.o
       364         10          0          0          0       3915   stm32f4xx_fmc.o
       178          0          0          0          0     275243   stm32f4xx_gpio.o
      1054        138        512         16        163      67434   stm32f4xx_it.o
       390         24          0          0          0       4790   stm32f4xx_ltdc.o
        12          6          0          0          0        586   stm32f4xx_pwr.o
       504         86          0         16          0      11018   stm32f4xx_rcc.o
      1118        100          0          0          0      14152   stm32f4xx_rtc.o
       102          0          0          0          0       3922   stm32f4xx_spi.o
        44          6          0          0          0        720   stm32f4xx_syscfg.o
       228         28          0          0          0       5461   stm32f4xx_tim.o
       304          8          0          0          0       5919   stm32f4xx_usart.o
       304         34          0         20          0     348729   system_stm32f4xx.o
      8434        708     391680          3       8276      35052   test.o
       398         18          0          4          0      25368   usb_bsp.o
      1970         26          0          0          0      19531   usb_core.o
       160          0          0          0          0       5339   usb_hcd.o
      3702         16          0          0          0      10883   usb_hcd_int.o
      1554         42          0         18          0      17849   usbh_core.o
       246          0          0          0          0       4720   usbh_hcs.o
       336          0          0          0          0       5862   usbh_ioreq.o
       828         64          0         20         64       7425   usbh_msc_bot.o
       688         56          0         18        522       7273   usbh_msc_core.o
       988         72          0          1        528       7736   usbh_msc_scsi.o
       810         12          0          4        512      10773   usbh_stdreq.o
       100         24          0         73       1584      10857   usbh_usr.o
     16602       1444       2165        145          0      95346   user.o

    ----------------------------------------------------------------------
     57462       3918     593380        464      29744    1196459   Object Totals
         0          0         32          0          0          0   (incl. Generated)
        74          0          3         17          6          0   (incl. Padding)

    ----------------------------------------------------------------------

      Code (inc. data)   RO Data    RW Data    ZI Data      Debug   Library Member Name

       164         44          0          0          0        620   dunder.o
        24          0          0          0          0        124   fabs.o
        48          0          0          0          0        124   fpclassify.o
       248          0          0          0          0        152   poly.o
      3152        296        136          0          0        352   pow.o
         0          0          8          0          0          0   qnan.o
       110          0          0          0          0        148   sqrt.o
        86          0          0          0          0          0   __dczerorl2.o
         0          0          0          0          0          0   entry.o
         0          0          0          0          0          0   entry10a.o
         0          0          0          0          0          0   entry11a.o
         8          4          0          0          0          0   entry2.o
         4          0          0          0          0          0   entry5.o
         0          0          0          0          0          0   entry7b.o
         0          0          0          0          0          0   entry8b.o
         8          4          0          0          0          0   entry9a.o
        12          6          0          4          0         68   errno.o
        30          0          0          0          0          0   handlers.o
        36          8          0          0          0         68   init.o
         0          0          0          0          0          0   iusefp.o
        30          0          0          0          0         68   llshl.o
        36          0          0          0          0         68   llsshr.o
        32          0          0          0          0         68   llushr.o
        36          0          0          0          0         68   memcpya.o
        36          0          0          0          0        108   memseta.o
       916         20          0          0          0        504   printf6.o
         0          0          0          4          0          0   stdout.o
        24          0          0          0          0         68   strcat.o
        28          0          0          0          0         76   strcmp.o
        44          0          0          0          0         80   uidiv.o
        48          0          0          0          0         68   cdrcmple.o
        56          0          0          0          0         88   d2f.o
       334          0          0          0          0        148   dadd.o
       222          0          0          0          0        100   ddiv.o
       186          0          0          0          0        176   depilogue.o
        34          0          0          0          0         76   dflti.o
        26          0          0          0          0         76   dfltui.o
       228          0          0          0          0         96   dmul.o
        46          0          0          0          0         80   dscalb.o
       162          0          0          0          0        100   dsqrt.o
        38          0          0          0          0         68   f2d.o
       110          0          0          0          0        168   fepilogue.o

    ----------------------------------------------------------------------
      6614        382        144          8          0       4008   Library Totals
        12          0          0          0          0          0   (incl. Padding)

    ----------------------------------------------------------------------

      Code (inc. data)   RO Data    RW Data    ZI Data      Debug   Library Name

      3746        340        144          0          0       1520   m_wm.l
      1366         42          0          8          0       1244   mc_w.l
      1490          0          0          0          0       1244   mf_w.l

    ----------------------------------------------------------------------
      6614        382        144          8          0       4008   Library Totals

    ----------------------------------------------------------------------

==============================================================================


      Code (inc. data)   RO Data    RW Data    ZI Data      Debug   

     64076       4300     593524        472      29744    1155051   Grand Totals
     64076       4300     593524        172      29744    1155051   ELF Image Totals (compressed)
     64076       4300     593524        172          0          0   ROM Totals

==============================================================================

    Total RO  Size (Code + RO Data)               657600 ( 642.19kB)
    Total RW  Size (RW Data + ZI Data)             30216 (  29.51kB)
    Total ROM Size (Code + RO Data + RW Data)     657772 ( 642.36kB)

==============================================================================

