Component: ARM Compiler 5.06 update 6 (build 750) Tool: armlink [4d35ed]

==============================================================================

Section Cross References

    startup_stm32f429_439xx.o(RESET) refers to startup_stm32f429_439xx.o(STACK) for __initial_sp
    startup_stm32f429_439xx.o(RESET) refers to startup_stm32f429_439xx.o(.text) for Reset_Handler
    startup_stm32f429_439xx.o(RESET) refers to stm32f4xx_it.o(i.NMI_Handler) for NMI_Handler
    startup_stm32f429_439xx.o(RESET) refers to stm32f4xx_it.o(i.HardFault_Handler) for HardFault_Handler
    startup_stm32f429_439xx.o(RESET) refers to stm32f4xx_it.o(i.MemManage_Handler) for MemManage_Handler
    startup_stm32f429_439xx.o(RESET) refers to stm32f4xx_it.o(i.BusFault_Handler) for BusFault_Handler
    startup_stm32f429_439xx.o(RESET) refers to stm32f4xx_it.o(i.UsageFault_Handler) for UsageFault_Handler
    startup_stm32f429_439xx.o(RESET) refers to stm32f4xx_it.o(i.SVC_Handler) for SVC_Handler
    startup_stm32f429_439xx.o(RESET) refers to stm32f4xx_it.o(i.DebugMon_Handler) for DebugMon_Handler
    startup_stm32f429_439xx.o(RESET) refers to stm32f4xx_it.o(i.PendSV_Handler) for PendSV_Handler
    startup_stm32f429_439xx.o(RESET) refers to stm32f4xx_it.o(i.SysTick_Handler) for SysTick_Handler
    startup_stm32f429_439xx.o(RESET) refers to bsp_rtc.o(i.RTC_WKUP_IRQHandler) for RTC_WKUP_IRQHandler
    startup_stm32f429_439xx.o(RESET) refers to stm32f4xx_it.o(i.EXTI3_IRQHandler) for EXTI3_IRQHandler
    startup_stm32f429_439xx.o(RESET) refers to stm32f4xx_it.o(i.TIM2_IRQHandler) for TIM2_IRQHandler
    startup_stm32f429_439xx.o(RESET) refers to stm32f4xx_it.o(i.USART3_IRQHandler) for USART3_IRQHandler
    startup_stm32f429_439xx.o(RESET) refers to stm32f4xx_it.o(i.EXTI15_10_IRQHandler) for EXTI15_10_IRQHandler
    startup_stm32f429_439xx.o(RESET) refers to stm32f4xx_it.o(i.TIM6_DAC_IRQHandler) for TIM6_DAC_IRQHandler
    startup_stm32f429_439xx.o(RESET) refers to stm32f4xx_it.o(i.OTG_HS_IRQHandler) for OTG_HS_IRQHandler
    startup_stm32f429_439xx.o(.text) refers to system_stm32f4xx.o(i.SystemInit) for SystemInit
    startup_stm32f429_439xx.o(.text) refers to entry.o(.ARM.Collect$$$$00000000) for __main
    system_stm32f4xx.o(i.SystemCoreClockUpdate) refers to system_stm32f4xx.o(.data) for .data
    system_stm32f4xx.o(i.SystemInit) refers to system_stm32f4xx.o(i.SetSysClock) for SetSysClock
    stm32f4xx_adc.o(i.ADC_DeInit) refers to stm32f4xx_rcc.o(i.RCC_APB2PeriphResetCmd) for RCC_APB2PeriphResetCmd
    stm32f4xx_can.o(i.CAN_DeInit) refers to stm32f4xx_rcc.o(i.RCC_APB1PeriphResetCmd) for RCC_APB1PeriphResetCmd
    stm32f4xx_can.o(i.CAN_GetITStatus) refers to stm32f4xx_can.o(i.CheckITStatus) for CheckITStatus
    stm32f4xx_cryp.o(i.CRYP_DeInit) refers to stm32f4xx_rcc.o(i.RCC_AHB2PeriphResetCmd) for RCC_AHB2PeriphResetCmd
    stm32f4xx_cryp_aes.o(i.CRYP_AES_CBC) refers to stm32f4xx_cryp.o(i.CRYP_KeyStructInit) for CRYP_KeyStructInit
    stm32f4xx_cryp_aes.o(i.CRYP_AES_CBC) refers to stm32f4xx_cryp.o(i.CRYP_KeyInit) for CRYP_KeyInit
    stm32f4xx_cryp_aes.o(i.CRYP_AES_CBC) refers to stm32f4xx_cryp.o(i.CRYP_Init) for CRYP_Init
    stm32f4xx_cryp_aes.o(i.CRYP_AES_CBC) refers to stm32f4xx_cryp.o(i.CRYP_IVInit) for CRYP_IVInit
    stm32f4xx_cryp_aes.o(i.CRYP_AES_CBC) refers to stm32f4xx_cryp.o(i.CRYP_FIFOFlush) for CRYP_FIFOFlush
    stm32f4xx_cryp_aes.o(i.CRYP_AES_CBC) refers to stm32f4xx_cryp.o(i.CRYP_Cmd) for CRYP_Cmd
    stm32f4xx_cryp_aes.o(i.CRYP_AES_CBC) refers to stm32f4xx_cryp.o(i.CRYP_GetCmdStatus) for CRYP_GetCmdStatus
    stm32f4xx_cryp_aes.o(i.CRYP_AES_CBC) refers to stm32f4xx_cryp.o(i.CRYP_GetFlagStatus) for CRYP_GetFlagStatus
    stm32f4xx_cryp_aes.o(i.CRYP_AES_CBC) refers to stm32f4xx_cryp.o(i.CRYP_DataIn) for CRYP_DataIn
    stm32f4xx_cryp_aes.o(i.CRYP_AES_CBC) refers to stm32f4xx_cryp.o(i.CRYP_DataOut) for CRYP_DataOut
    stm32f4xx_cryp_aes.o(i.CRYP_AES_CCM) refers to stm32f4xx_cryp.o(i.CRYP_KeyStructInit) for CRYP_KeyStructInit
    stm32f4xx_cryp_aes.o(i.CRYP_AES_CCM) refers to stm32f4xx_cryp.o(i.CRYP_FIFOFlush) for CRYP_FIFOFlush
    stm32f4xx_cryp_aes.o(i.CRYP_AES_CCM) refers to stm32f4xx_cryp.o(i.CRYP_KeyInit) for CRYP_KeyInit
    stm32f4xx_cryp_aes.o(i.CRYP_AES_CCM) refers to stm32f4xx_cryp.o(i.CRYP_IVInit) for CRYP_IVInit
    stm32f4xx_cryp_aes.o(i.CRYP_AES_CCM) refers to stm32f4xx_cryp.o(i.CRYP_Init) for CRYP_Init
    stm32f4xx_cryp_aes.o(i.CRYP_AES_CCM) refers to stm32f4xx_cryp.o(i.CRYP_PhaseConfig) for CRYP_PhaseConfig
    stm32f4xx_cryp_aes.o(i.CRYP_AES_CCM) refers to stm32f4xx_cryp.o(i.CRYP_DataIn) for CRYP_DataIn
    stm32f4xx_cryp_aes.o(i.CRYP_AES_CCM) refers to stm32f4xx_cryp.o(i.CRYP_Cmd) for CRYP_Cmd
    stm32f4xx_cryp_aes.o(i.CRYP_AES_CCM) refers to stm32f4xx_cryp.o(i.CRYP_GetCmdStatus) for CRYP_GetCmdStatus
    stm32f4xx_cryp_aes.o(i.CRYP_AES_CCM) refers to stm32f4xx_cryp.o(i.CRYP_GetFlagStatus) for CRYP_GetFlagStatus
[...]
    _164Delaay                               0x0800f1a1   Thumb Code    12  keyboard.o(i._164Delaay)
    __0printf                                0x0800f1ad   Thumb Code    22  printfa.o(i.__0printf)
    __1printf                                0x0800f1ad   Thumb Code     0  printfa.o(i.__0printf)
    __2printf                                0x0800f1ad   Thumb Code     0  printfa.o(i.__0printf)
    __c89printf                              0x0800f1ad   Thumb Code     0  printfa.o(i.__0printf)
    printf                                   0x0800f1ad   Thumb Code     0  printfa.o(i.__0printf)
    __0sprintf                               0x0800f1cd   Thumb Code    34  printfa.o(i.__0sprintf)
    __1sprintf                               0x0800f1cd   Thumb Code     0  printfa.o(i.__0sprintf)
    __2sprintf                               0x0800f1cd   Thumb Code     0  printfa.o(i.__0sprintf)
    __c89sprintf                             0x0800f1cd   Thumb Code     0  printfa.o(i.__0sprintf)
    sprintf                                  0x0800f1cd   Thumb Code     0  printfa.o(i.__0sprintf)
    __ARM_fpclassify                         0x0800f1f5   Thumb Code    48  fpclassify.o(i.__ARM_fpclassify)
    __hardfp_pow                             0x0800f229   Thumb Code  3072  pow.o(i.__hardfp_pow)
    __kernel_poly                            0x0800fe79   Thumb Code   248  poly.o(i.__kernel_poly)
    __mathlib_dbl_divzero                    0x0800ff71   Thumb Code    28  dunder.o(i.__mathlib_dbl_divzero)
    __mathlib_dbl_infnan2                    0x0800ffa1   Thumb Code    20  dunder.o(i.__mathlib_dbl_infnan2)
    __mathlib_dbl_invalid                    0x0800ffb9   Thumb Code    24  dunder.o(i.__mathlib_dbl_invalid)
    __mathlib_dbl_overflow                   0x0800ffd9   Thumb Code    24  dunder.o(i.__mathlib_dbl_overflow)
    __mathlib_dbl_underflow                  0x0800fff9   Thumb Code    24  dunder.o(i.__mathlib_dbl_underflow)
    __scatterload_copy                       0x08010019   Thumb Code    14  handlers.o(i.__scatterload_copy)
    __scatterload_null                       0x08010027   Thumb Code     2  handlers.o(i.__scatterload_null)
    __scatterload_zeroinit                   0x08010029   Thumb Code    14  handlers.o(i.__scatterload_zeroinit)
    __set_errno                              0x08010039   Thumb Code     6  errno.o(i.__set_errno)
    clust2sect                               0x0801098d   Thumb Code    24  ff.o(i.clust2sect)
    delay_1us                                0x08010cfd   Thumb Code    34  bsp_systick.o(i.delay_1us)
    delay_us                                 0x08010d1f   Thumb Code    10  bsp_systick.o(i.delay_us)
    disk_initialize                          0x080110ed   Thumb Code    18  diskio.o(i.disk_initialize)
    disk_ioctl                               0x08011105   Thumb Code    50  diskio.o(i.disk_ioctl)
    disk_read                                0x0801113d   Thumb Code    88  diskio.o(i.disk_read)
    disk_status                              0x0801119d   Thumb Code     4  diskio.o(i.disk_status)
    disk_write                               0x080111a1   Thumb Code    68  diskio.o(i.disk_write)
    f_close                                  0x080111ed   Thumb Code    30  ff.o(i.f_close)
    f_lseek                                  0x0801120b   Thumb Code   372  ff.o(i.f_lseek)
    f_mkdir                                  0x0801137f   Thumb Code   356  ff.o(i.f_mkdir)
    f_mount                                  0x080114e5   Thumb Code    72  ff.o(i.f_mount)
    f_open                                   0x08011531   Thumb Code   344  ff.o(i.f_open)
    f_sync                                   0x08011689   Thumb Code   154  ff.o(i.f_sync)
    f_write                                  0x08011723   Thumb Code   442  ff.o(i.f_write)
    fabs                                     0x080118dd   Thumb Code    24  fabs.o(i.fabs)
    ff_convert                               0x080118f5   Thumb Code    78  cc936.o(i.ff_convert)
    ff_wtoupper                              0x0801194d   Thumb Code    34  cc936.o(i.ff_wtoupper)
    findHzIndex_16                           0x08011979   Thumb Code    46  bsp_lcd.o(i.findHzIndex_16)
    fputc                                    0x08011dcd   Thumb Code    30  bsp_debug_usart.o(i.fputc)
    get_fat                                  0x08011e89   Thumb Code   256  ff.o(i.get_fat)
    get_fattime                              0x08011f89   Thumb Code    68  diskio.o(i.get_fattime)
    input_num                                0x08012011   Thumb Code   528  user.o(i.input_num)
    input_password                           0x08012249   Thumb Code   646  user.o(i.input_password)
    lcd_image                                0x08012509   Thumb Code    36  bsp_lcd.o(i.lcd_image)
    main                                     0x08012551   Thumb Code   122  main.o(i.main)
    put_fat                                  0x0801264d   Thumb Code   300  ff.o(i.put_fat)
    read_adI_1                               0x08012779   Thumb Code   218  user.o(i.read_adI_1)
    read_adI_2                               0x08012869   Thumb Code   228  user.o(i.read_adI_2)
    read_adI_3                               0x08012961   Thumb Code   136  user.o(i.read_adI_3)
    read_adI_4                               0x080129fd   Thumb Code   136  user.o(i.read_adI_4)
    read_adV_1                               0x08012a99   Thumb Code   224  user.o(i.read_adV_1)
    read_adV_2                               0x08012b8d   Thumb Code   234  user.o(i.read_adV_2)
    read_adV_3                               0x08012c8d   Thumb Code   142  user.o(i.read_adV_3)
    read_adV_4                               0x08012d31   Thumb Code   142  user.o(i.read_adV_4)
    read_cpld                                0x08012dd1   Thumb Code    72  gpio.o(i.read_cpld)
    sqrt                                     0x08012e8b   Thumb Code   110  sqrt.o(i.sqrt)
    uart1SendChars                           0x0801302d   Thumb Code    44  stm32f4xx_it.o(i.uart1SendChars)
    s_CRCLo                                  0x08013188   Data         256  stm32f4xx_it.o(.constdata)
    INPUT                                    0x08013288   Data           7  user.o(.constdata)
    INPUT_E                                  0x0801328f   Data           7  user.o(.constdata)
    User_Check_main                          0x08013296   Data          39  user.o(.constdata)
    User_Check_Item                          0x080132bd   Data         117  user.o(.constdata)
    Test_Setitem                             0x08013332   Data          60  user.o(.constdata)
    Test_Setitem_E                           0x0801336e   Data          60  user.o(.constdata)
    All_TopName                              0x080133aa   Data         242  user.o(.constdata)
    All_TopName_E                            0x0801349c   Data         242  user.o(.constdata)
    Set_testitem                             0x0801358e   Data         180  user.o(.constdata)
    Set_testitem_E                           0x08013642   Data         180  user.o(.constdata)
    Test_Tirpvalue                           0x080136f6   Data          28  user.o(.constdata)
    Test_Tirpvalue_E                         0x08013712   Data          28  user.o(.constdata)
    Test_Speedvalue                          0x0801372e   Data          28  user.o(.constdata)
    Test_Speedvalue_E                        0x0801374a   Data          28  user.o(.constdata)
    Test_Compvalue                           0x08013766   Data          14  user.o(.constdata)
    Test_Compvalue_E                         0x08013774   Data          14  user.o(.constdata)
    Setup_Beep                               0x08013782   Data          28  user.o(.constdata)
    Setup_Beep1                              0x0801379e   Data          32  user.o(.constdata)
    Setup_Beep_E                             0x080137be   Data          28  user.o(.constdata)
    Setup_Beep_E1                            0x080137da   Data          32  user.o(.constdata)
    User_Range                               0x080137fa   Data          88  user.o(.constdata)
    User_Range_E                             0x08013852   Data          88  user.o(.constdata)
    DISP_UINT                                0x080138aa   Data          12  user.o(.constdata)
    User_Rangeset                            0x080138b6   Data          55  user.o(.constdata)
    Sys_Setitem                              0x080138ed   Data          88  user.o(.constdata)
    Sys_Setitem_E                            0x08013945   Data          88  user.o(.constdata)
    Sys_Buard_Value                          0x0801399d   Data          56  user.o(.constdata)
    Sys_Language_Value                       0x080139d5   Data          16  user.o(.constdata)
    BiasButton_Tip                           0x080139e5   Data          16  user.o(.constdata)
    Sys_Sys                                  0x080139f5   Data          84  user.o(.constdata)
    Sys_Sys_E                                0x08013a49   Data          84  user.o(.constdata)
    Sys_Sys1                                 0x08013a9d   Data          84  user.o(.constdata)
    Sys_Sys_E1                               0x08013af1   Data          84  user.o(.constdata)
    Range_Disp_Test                          0x08013b45   Data         168  user.o(.constdata)
    ParameterLimit                           0x08013bed   Data          12  user.o(.constdata)
    send_dot                                 0x08013bf9   Data          11  user.o(.constdata)
    Send_uint                                0x08013c04   Data          11  user.o(.constdata)
    gImage_open                              0x08013c0f   Data       391688  test.o(.constdata)
    Scan_Value                               0x08073617   Data           8  keyboard.o(.constdata)
    GB_16                                    0x0807361f   Data        5916  bsp_lcd.o(.constdata)
    ASCII16x24_Table                         0x08074d3c   Data        4560  fonts.o(.constdata)
    Out_1224                                 0x08075f0c   Data         624  fonts.o(.constdata)
    Out_Assic                                0x0807617c   Data        7720  fonts.o(.constdata)
    _num                                     0x08077fa4   Data        2944  fonts.o(.constdata)
    nBitmapDot                               0x08079114   Data         144  fonts.o(.constdata)
    __mathlib_zero                           0x080a3f30   Data           8  qnan.o(.constdata)
    Region$$Table$$Base                      0x080a3f38   Number         0  anon$$obj.o(Region$$Table)
    Region$$Table$$Limit                     0x080a3f58   Number         0  anon$$obj.o(Region$$Table)
    SystemCoreClock                          0x20000000   Data           4  system_stm32f4xx.o(.data)
    AHBPrescTable                            0x20000004   Data          16  system_stm32f4xx.o(.data)
    g_mods_timeout                           0x20000024   Data           1  stm32f4xx_it.o(.data)
    scpnum                                   0x20000025   Data           1  stm32f4xx_it.o(.data)
    scpnum1                                  0x20000026   Data           1  stm32f4xx_it.o(.data)
    rmtflag                                  0x20000028   Data           1  stm32f4xx_it.o(.data)
    scpidot                                  0x20000029   Data           1  stm32f4xx_it.o(.data)
    scpiunit                                 0x2000002a   Data           1  stm32f4xx_it.o(.data)
    scpidot1                                 0x2000002b   Data           1  stm32f4xx_it.o(.data)
    scpiunit1                                0x2000002c   Data           1  stm32f4xx_it.o(.data)
    Tick_10ms                                0x20000030   Data           4  stm32f4xx_it.o(.data)
    Readfirst_cpld                           0x20000040   Data           1  pbdata.o(.data)
    polarity_v                               0x20000041   Data           1  pbdata.o(.data)
    polarity_r                               0x20000042   Data           1  pbdata.o(.data)
    F_100ms                                  0x20000043   Data           1  pbdata.o(.data)
    F_Password                               0x20000044   Data           1  pbdata.o(.data)
    SystemStatus                             0x20000045   Data           1  pbdata.o(.data)
    MenuIndex                                0x20000046   Data           1  pbdata.o(.data)
    Range                                    0x20000047   Data           1  pbdata.o(.data)
    V_Range                                  0x20000048   Data           1  pbdata.o(.data)
    ffit_data1                               0x20000049   Data           1  pbdata.o(.data)
    count_ffit                               0x2000004a   Data           2  pbdata.o(.data)
    Ad_over                                  0x2000004c   Data           1  pbdata.o(.data)
    softswitch                               0x2000004d   Data           1  pbdata.o(.data)
    USB_Openflag                             0x2000004e   Data           1  pbdata.o(.data)
    Disp_usbflag                             0x2000004f   Data           1  pbdata.o(.data)
    Disp_RTCflag                             0x20000050   Data           1  pbdata.o(.data)
    SoftTimer                                0x20000051   Data           2  pbdata.o(.data)
    range_over                               0x20000053   Data           1  pbdata.o(.data)
    V_ad                                     0x20000054   Data           4  pbdata.o(.data)
    I_ad                                     0x20000058   Data           4  pbdata.o(.data)
    debug_flag                               0x2000005c   Data           1  pbdata.o(.data)
    test_start                               0x2000005d   Data           1  pbdata.o(.data)
    Set_flag                                 0x2000005e   Data           1  pbdata.o(.data)
    Range_value                              0x20000060   Data           4  pbdata.o(.data)
    Range_Value_V                            0x20000064   Data           4  pbdata.o(.data)
    g_LcdDirection                           0x20000068   Data           4  pbdata.o(.data)
    open_flag                                0x2000006c   Data           1  pbdata.o(.data)
    RangeChange_Flag                         0x2000006d   Data           1  pbdata.o(.data)
    Int_Pe3flag                              0x2000006e   Data           1  pbdata.o(.data)
    cpld_buff                                0x2000006f   Data           2  pbdata.o(.data)
    Pga_value                                0x20000074   Data           7  user.o(.data)
    DispBuf                                  0x2000007b   Data           8  user.o(.data)
    Test_Value                               0x20000084   Data           8  user.o(.data)
    Test_Value_V                             0x2000008c   Data           8  user.o(.data)
    Debug_Compvalue                          0x20000094   Data          72  user.o(.data)
    Debug_Compvaluemind                      0x200000dc   Data          32  user.o(.data)
    Debug_Dot                                0x200000fc   Data           9  user.o(.data)
    U15_4094                                 0x2000010c   Data           1  test.o(.data)
    U16_4094                                 0x2000010d   Data           1  test.o(.data)
    result                                   0x2000010e   Data           1  test.o(.data)
    Keyboard                                 0x20000120   Data           3  keyboard.o(.data)
    Colour                                   0x20000138   Data           8  bsp_lcd.o(.data)
    Font16x24                                0x20000140   Data           8  fonts.o(.data)
    OldTick                                  0x20000150   Data           4  bsp_basic_tim.o(.data)
    BSP_delay                                0x2000015c   Data           4  usb_bsp.o(.data)
    USR_cb                                   0x20000160   Data          72  usbh_usr.o(.data)
    USBH_HCD_INT_cb                          0x200001ac   Data          12  usbh_core.o(.data)
    USBH_HCD_INT_fops                        0x200001b8   Data           4  usbh_core.o(.data)
    MSCErrorCount                            0x200001d8   Data           1  usbh_msc_core.o(.data)
    USBH_MSC_cb                              0x200001dc   Data          16  usbh_msc_core.o(.data)
    __stdout                                 0x200001f0   Data           4  stdout.o(.data)
    g_tModS                                  0x200001f8   Data         163  stm32f4xx_it.o(.bss)
    scpinum                                  0x2000029b   Data          20  stm32f4xx_it.o(.bss)
    scpinum1                                 0x200002af   Data          20  stm32f4xx_it.o(.bss)
    scan_V                                   0x200002c4   Data         520  pbdata.o(.bss)
    scan_I                                   0x200004cc   Data         520  pbdata.o(.bss)
    Send_ComBuff                             0x200006d4   Data          21  pbdata.o(.bss)
    Send_To_U                                0x200006e9   Data          47  pbdata.o(.bss)
    Rev_Combuff                              0x20000718   Data          42  pbdata.o(.bss)
    Test_value                               0x20000744   Data          16  pbdata.o(.bss)
    Res_count                                0x20000754   Data          16  pbdata.o(.bss)
    Jk516save                                0x20000764   Data         628  pbdata.o(.bss)
    ComBuf                                   0x200009d8   Data          80  pbdata.o(.bss)
    i_buff                                   0x20000a28   Data          48  pbdata.o(.bss)
    debug_buff                               0x20000a58   Data          55  pbdata.o(.bss)
    fs                                       0x20000b70   Data        4144  test.o(.bss)
    file                                     0x20001ba0   Data        4132  test.o(.bss)
    USB_OTG_Core                             0x20002bd0   Data        1452  usbh_usr.o(.bss)
    USB_Host                                 0x2000317c   Data         132  usbh_usr.o(.bss)
    USBH_CfgDesc                             0x20003200   Data         512  usbh_stdreq.o(.bss)
    USBH_MSC_CBWData                         0x20003400   Data          32  usbh_msc_bot.o(.bss)
    USBH_MSC_CSWData                         0x20003420   Data          16  usbh_msc_bot.o(.bss)
    USBH_MSC_BOTXferParam                    0x20003430   Data          16  usbh_msc_bot.o(.bss)
    MSC_Machine                              0x20003440   Data         522  usbh_msc_core.o(.bss)
    USBH_MSC_Param                           0x2000364c   Data          16  usbh_msc_scsi.o(.bss)
    USBH_DataInBuffer                        0x2000365c   Data         512  usbh_msc_scsi.o(.bss)
    __initial_sp                             0x20007860   Data           0  startup_stm32f429_439xx.o(STACK)



==============================================================================

Memory Map of the image

  Image Entry point : 0x080001ad

  Load Region LR_IROM1 (Base: 0x08000000, Size: 0x000a4150, Max: 0x00100000, ABSOLUTE, COMPRESSED[0x000a4004])

    Execution Region ER_IROM1 (Exec base: 0x08000000, Load base: 0x08000000, Size: 0x000a3f58, Max: 0x00100000, ABSOLUTE)

    Exec Addr    Load Addr    Size         Type   Attr      Idx    E Section Name        Object

    0x08000000   0x08000000   0x000001ac   Data   RO            3    RESET               startup_stm32f429_439xx.o
    0x080001ac   0x080001ac   0x00000000   Code   RO         9362  * .ARM.Collect$$$$00000000  mc_w.l(entry.o)
    0x080001ac   0x080001ac   0x00000004   Code   RO         9683    .ARM.Collect$$$$00000001  mc_w.l(entry2.o)
    0x080001b0   0x080001b0   0x00000004   Code   RO         9686    .ARM.Collect$$$$00000004  mc_w.l(entry5.o)
    0x080001b4   0x080001b4   0x00000000   Code   RO         9688    .ARM.Collect$$$$00000008  mc_w.l(entry7b.o)
    0x080001b4   0x080001b4   0x00000000   Code   RO         9690    .ARM.Collect$$$$0000000A  mc_w.l(entry8b.o)
    0x080001b4   0x080001b4   0x00000008   Code   RO         9691    .ARM.Collect$$$$0000000B  mc_w.l(entry9a.o)
    0x080001bc   0x080001bc   0x00000000   Code   RO         9693    .ARM.Collect$$$$0000000D  mc_w.l(entry10a.o)
    0x080001bc   0x080001bc   0x00000000   Code   RO         9695    .ARM.Collect$$$$0000000F  mc_w.l(entry11a.o)
    0x080001bc   0x080001bc   0x00000004   Code   RO         9684    .ARM.Collect$$$$00002712  mc_w.l(entry2.o)
    0x080001c0   0x080001c0   0x00000024   Code   RO            4    .text               startup_stm32f429_439xx.o
    0x080001e4   0x080001e4   0x00000024   Code   RO         9365    .text               mc_w.l(memcpya.o)
    0x08000208   0x08000208   0x00000024   Code   RO         9367    .text               mc_w.l(memseta.o)
    0x0800022c   0x0800022c   0x00000018   Code   RO         9369    .text               mc_w.l(strcat.o)
    0x08000244   0x08000244   0x0000001c   Code   RO         9371    .text               mc_w.l(strcmp.o)
    0x08000260   0x08000260   0x000000e4   Code   RO         9636    .text               mf_w.l(dmul.o)
    0x08000344   0x08000344   0x000000de   Code   RO         9638    .text               mf_w.l(ddiv.o)
    0x08000422   0x08000422   0x0000001a   Code   RO         9640    .text               mf_w.l(dfltui.o)
    0x0800043c   0x0800043c   0x00000026   Code   RO         9642    .text               mf_w.l(f2d.o)
    0x08000462   0x08000462   0x00000038   Code   RO         9644    .text               mf_w.l(d2f.o)
    0x0800049a   0x0800049a   0x0000002c   Code   RO         9698    .text               mc_w.l(uidiv.o)
    0x080004c6   0x080004c6   0x00000062   Code   RO         9700    .text               mc_w.l(uldiv.o)
    0x08000528   0x08000528   0x00000000   Code   RO         9709    .text               mc_w.l(iusefp.o)
    0x08000528   0x08000528   0x0000006e   Code   RO         9710    .text               mf_w.l(fepilogue.o)
    0x08000596   0x08000596   0x000000ba   Code   RO         9712    .text               mf_w.l(depilogue.o)
    0x08000650   0x08000650   0x0000014e   Code   RO         9714    .text               mf_w.l(dadd.o)
    0x0800079e   0x0800079e   0x0000002e   Code   RO         9718    .text               mf_w.l(dscalb.o)
    0x080007cc   0x080007cc   0x00000022   Code   RO         9720    .text               mf_w.l(dflti.o)
    0x080007ee   0x080007ee   0x00000030   Code   RO         9722    .text               mf_w.l(dfixul.o)
    0x0800081e   0x0800081e   0x00000002   PAD
    0x08000820   0x08000820   0x00000030   Code   RO         9724    .text               mf_w.l(cdrcmple.o)
    0x08000850   0x08000850   0x00000024   Code   RO         9726    .text               mc_w.l(init.o)
    0x08000874   0x08000874   0x0000001e   Code   RO         9728    .text               mc_w.l(llshl.o)
    0x08000892   0x08000892   0x00000020   Code   RO         9730    .text               mc_w.l(llushr.o)
    0x080008b2   0x080008b2   0x00000024   Code   RO         9732    .text               mc_w.l(llsshr.o)
    0x080008d6   0x080008d6   0x000000a2   Code   RO         9734    .text               mf_w.l(dsqrt.o)
    0x08000978   0x08000978   0x00000056   Code   RO         9746    .text               mc_w.l(__dczerorl2.o)
    0x080009ce   0x080009ce   0x00000002   PAD
    0x080009d0   0x080009d0   0x00000050   Code   RO         6448    i.All_LedOff        gpio.o
    0x08000a20   0x08000a20   0x0000000a   Code   RO         5273    i.BEBufToUint16     stm32f4xx_it.o
    0x08000a2a   0x08000a2a   0x00000002   PAD
    0x08000a2c   0x08000a2c   0x00000024   Code   RO         8232    i.BSP_Delay         usb_bsp.o
    0x08000a50   0x08000a50   0x0000006c   Code   RO         8233    i.BSP_SetTime       usb_bsp.o
    0x08000abc   0x08000abc   0x0000000c   Code   RO         6449    i.Beep_Off          gpio.o
    0x08000ac8   0x08000ac8   0x0000000c   Code   RO         6450    i.Beep_On           gpio.o
    0x08000ad4   0x08000ad4   0x00000034   Code   RO         5594    i.Beep_Out          user.o
    0x08000b08   0x08000b08   0x00000002   Code   RO         5274    i.BusFault_Handler  stm32f4xx_it.o
    0x08000b0a   0x08000b0a   0x00000002   PAD
    0x08000b0c   0x08000b0c   0x0000004c   Code   RO         7648    i.CPLD_GPIO_Configuration  cpld.o
    0x08000b58   0x08000b58   0x0000002c   Code   RO         5275    i.CRC16             stm32f4xx_it.o
    0x08000b84   0x08000b84   0x0000012c   Code   RO         6188    i.Clear_Process     test.o
    0x08000cb0   0x08000cb0   0x0000003c   Code   RO         6451    i.Close_Compled     gpio.o
    0x08000cec   0x08000cec   0x00000140   Code   RO         5597    i.ComToSave         user.o
    0x08000e2c   0x08000e2c   0x00000018   Code   RO         1358    i.DMA2D_DeInit      stm32f4xx_dma2d.o
    0x08000e44   0x08000e44   0x00000014   Code   RO         1363    i.DMA2D_GetFlagStatus  stm32f4xx_dma2d.o
    0x08000e58   0x08000e58   0x000000b8   Code   RO         1366    i.DMA2D_Init        stm32f4xx_dma2d.o
    0x08000f10   0x08000f10   0x00000010   Code   RO         1368    i.DMA2D_StartTransfer  stm32f4xx_dma2d.o
    0x08000f20   0x08000f20   0x00000030   Code   RO         5599    i.Datacov           user.o
    0x08000f50   0x08000f50   0x00000002   Code   RO         5276    i.DebugMon_Handler  stm32f4xx_it.o
    0x08000f52   0x08000f52   0x00000042   Code   RO         5600    i.Debug_Set_Num     user.o
    0x08000f94   0x08000f94   0x00000042   Code   RO         5601    i.Debug_Set_Res     user.o
    0x08000fd6   0x08000fd6   0x00000002   PAD
    0x08000fd8   0x08000fd8   0x000000a4   Code   RO         7439    i.Debug_USART_Config  bsp_debug_usart.o
    0x0800107c   0x0800107c   0x00000018   Code   RO         5602    i.Debug_Valuedata   user.o
    0x08001094   0x08001094   0x00000188   Code   RO         5603    i.Debug_stanedcomp  user.o
    0x0800121c   0x0800121c   0x00000020   Code   RO         6452    i.Disable_Extiint   gpio.o
    0x0800123c   0x0800123c   0x000007a8   Code   RO         5604    i.DispSet_value     user.o
    0x080019e4   0x080019e4   0x00000006   Code   RO         5605    i.Disp_Button_SysSet  user.o
    0x080019ea   0x080019ea   0x00000002   PAD
    0x080019ec   0x080019ec   0x00000304   Code   RO         5607    i.Disp_Button_value1  user.o
    0x08001cf0   0x08001cf0   0x00000058   Code   RO         5608    i.Disp_Debug_Reference  user.o
    0x08001d48   0x08001d48   0x0000008c   Code   RO         5609    i.Disp_Debug_value  user.o
    0x08001dd4   0x08001dd4   0x0000008c   Code   RO         5610    i.Disp_Fastbutton   user.o
    0x08001e60   0x08001e60   0x0000001c   Code   RO         5611    i.Disp_MidRect      user.o
    0x08001e7c   0x08001e7c   0x0000043c   Code   RO         5612    i.Disp_NumKeyboard_Set  user.o
    0x080022b8   0x080022b8   0x0000019c   Code   RO         5613    i.Disp_Open         user.o
    0x08002454   0x08002454   0x00000058   Code   RO         6775    i.Disp_R_Uint       bsp_lcd.o
    0x080024ac   0x080024ac   0x00000030   Code   RO         6776    i.Disp_R_V          bsp_lcd.o
    0x080024dc   0x080024dc   0x00000040   Code   RO         5614    i.Disp_Range        user.o
    0x0800251c   0x0800251c   0x0000008c   Code   RO         5615    i.Disp_Set_CompNum  user.o
    0x080025a8   0x080025a8   0x0000008c   Code   RO         5616    i.Disp_Set_Num      user.o
    0x08002634   0x08002634   0x000000b4   Code   RO         5617    i.Disp_Sys          user.o
    0x080026e8   0x080026e8   0x00000028   Code   RO         5618    i.Disp_SysLine      user.o
    0x08002710   0x08002710   0x00000088   Code   RO         5619    i.Disp_Sys_Item     user.o
    0x08002798   0x08002798   0x0000000e   Code   RO         5620    i.Disp_Sys_Screen   user.o
    0x080027a6   0x080027a6   0x00000002   PAD
    0x080027a8   0x080027a8   0x00000500   Code   RO         5621    i.Disp_Sys_value    user.o
    0x08002ca8   0x08002ca8   0x00000012   Code   RO         5622    i.Disp_TestScreen   user.o
    0x08002cba   0x08002cba   0x00000012   Code   RO         5623    i.Disp_TestSetScreen  user.o
    0x08002ccc   0x08002ccc   0x00000004   Code   RO         5624    i.Disp_TestSet_MidRect  user.o
    0x08002cd0   0x08002cd0   0x000000b0   Code   RO         5625    i.Disp_Test_Item    user.o
    0x08002d80   0x08002d80   0x000000dc   Code   RO         5626    i.Disp_Test_Set_Item  user.o
    0x08002e5c   0x08002e5c   0x000003e8   Code   RO         5627    i.Disp_Test_value   user.o
    0x08003244   0x08003244   0x00000224   Code   RO         5628    i.Disp_Testvalue    user.o
    0x08003468   0x08003468   0x0000001c   Code   RO         5629    i.Disp_TopBar_Color  user.o
    0x08003484   0x08003484   0x00000048   Code   RO         6777    i.Disp_Usbflag      bsp_lcd.o
    0x080034cc   0x080034cc   0x0000008c   Code   RO         5630    i.Disp_UserCheck_Item  user.o
    0x08003558   0x08003558   0x0000000e   Code   RO         5631    i.Disp_Usercheck_Screen  user.o
    0x08003566   0x08003566   0x00000002   PAD
    0x08003568   0x08003568   0x00000030   Code   RO         5632    i.Disp_button_Num_Freq  user.o
    0x08003598   0x08003598   0x00000048   Code   RO         5633    i.Disp_button_Num_time  user.o
    0x080035e0   0x080035e0   0x00000094   Code   RO         5634    i.Disp_dateandtime  user.o
    0x08003674   0x08003674   0x0000001c   Code   RO         5277    i.EXTI15_10_IRQHandler  stm32f4xx_it.o
    0x08003690   0x08003690   0x00000068   Code   RO         5278    i.EXTI3_IRQHandler  stm32f4xx_it.o
    0x080036f8   0x080036f8   0x00000024   Code   RO         6453    i.EXTI_Ads1251_Config  gpio.o
    0x0800371c   0x0800371c   0x0000000c   Code   RO         1485    i.EXTI_ClearITPendingBit  stm32f4xx_exti.o
    0x08003728   0x08003728   0x00000024   Code   RO         1486    i.EXTI_DeInit       stm32f4xx_exti.o
    0x0800374c   0x0800374c   0x00000014   Code   RO         1489    i.EXTI_GetITStatus  stm32f4xx_exti.o
    0x08003760   0x08003760   0x00000074   Code   RO         1490    i.EXTI_Init         stm32f4xx_exti.o
    0x080037d4   0x080037d4   0x00000084   Code   RO         7771    i.EXTI_Key_Config   bsp_exti.o
    0x08003858   0x08003858   0x00000036   Code   RO         1844    i.FMC_GetFlagStatus  stm32f4xx_fmc.o
    0x0800388e   0x0800388e   0x00000002   PAD
    0x08003890   0x08003890   0x00000020   Code   RO         1861    i.FMC_SDRAMCmdConfig  stm32f4xx_fmc.o
    0x080038b0   0x080038b0   0x00000106   Code   RO         1863    i.FMC_SDRAMInit     stm32f4xx_fmc.o
    0x080039b6   0x080039b6   0x00000002   PAD
    0x080039b8   0x080039b8   0x00000010   Code   RO         1867    i.FMC_SetRefreshCount  stm32f4xx_fmc.o
    0x080039c8   0x080039c8   0x000000cc   Code   RO         6455    i.GPIO_Configuration  gpio.o
    0x08003a94   0x08003a94   0x0000007c   Code   RO         2046    i.GPIO_Init         stm32f4xx_gpio.o
    0x08003b10   0x08003b10   0x00000020   Code   RO         2047    i.GPIO_PinAFConfig  stm32f4xx_gpio.o
    0x08003b30   0x08003b30   0x0000000e   Code   RO         2050    i.GPIO_ReadInputDataBit  stm32f4xx_gpio.o
    0x08003b3e   0x08003b3e   0x00000004   Code   RO         2053    i.GPIO_ResetBits    stm32f4xx_gpio.o
    0x08003b42   0x08003b42   0x00000004   Code   RO         2054    i.GPIO_SetBits      stm32f4xx_gpio.o
    0x08003b46   0x08003b46   0x00000002   PAD
    0x08003b48   0x08003b48   0x00000014   Code   RO         7161    i.GetASCIICode      fonts.o
    0x08003b5c   0x08003b5c   0x00000230   Code   RO         5279    i.GetScpiNum        stm32f4xx_it.o
    0x08003d8c   0x08003d8c   0x00000014   Code   RO         5487    i.GetSoftTimerOut   pbdata.o
    0x08003da0   0x08003da0   0x00000008   Code   RO         8584    i.HCD_GetCurrentFrame  usb_hcd.o
    0x08003da8   0x08003da8   0x0000000c   Code   RO         8585    i.HCD_GetCurrentSpeed  usb_hcd.o
    0x08003db4   0x08003db4   0x00000008   Code   RO         8587    i.HCD_GetURB_State  usb_hcd.o
    0x08003dbc   0x08003dbc   0x0000000a   Code   RO         8588    i.HCD_GetXferCnt    usb_hcd.o
    0x08003dc6   0x08003dc6   0x00000056   Code   RO         8590    i.HCD_Init          usb_hcd.o
    0x08003e1c   0x08003e1c   0x00000006   Code   RO         8591    i.HCD_IsDeviceConnected  usb_hcd.o
    0x08003e22   0x08003e22   0x0000000a   Code   RO         8592    i.HCD_ResetPort     usb_hcd.o
    0x08003e2c   0x08003e2c   0x00000014   Code   RO         8593    i.HCD_SubmitRequest  usb_hcd.o
    0x08003e40   0x08003e40   0x00000058   Code   RO         6701    i.HW_Sendvalueto164  keyboard.o
    0x08003e98   0x08003e98   0x00000002   Code   RO         5280    i.HardFault_Handler  stm32f4xx_it.o
    0x08003e9a   0x08003e9a   0x00000002   PAD
    0x08003e9c   0x08003e9c   0x000000ac   Code   RO         5637    i.Hex_Format        user.o
    0x08003f48   0x08003f48   0x00000024   Code   RO         5638    i.InitGlobalValue   user.o
    0x08003f6c   0x08003f6c   0x00000100   Code   RO         5639    i.Input_Set_Cov     user.o
    0x0800406c   0x0800406c   0x00000064   Code   RO         5640    i.Jisuan_Range      user.o
    0x080040d0   0x080040d0   0x00000020   Code   RO         5641    i.Jisuan_V_Range    user.o
    0x080040f0   0x080040f0   0x000000dc   Code   RO         6192    i.JumpBoot          test.o
    0x080041cc   0x080041cc   0x000000ec   Code   RO         6703    i.Key_Identiry      keyboard.o
    0x080042b8   0x080042b8   0x00000020   Code   RO         6704    i.Key_Read          keyboard.o
    0x080042d8   0x080042d8   0x00000028   Code   RO         6705    i.Key_Read_WithTimeOut  keyboard.o
    0x08004300   0x08004300   0x00000074   Code   RO         6706    i.Key_Scan          keyboard.o
    0x08004374   0x08004374   0x00000016   Code   RO         6456    i.Key_beep          gpio.o
    0x0800438a   0x0800438a   0x00000002   PAD
    0x0800438c   0x0800438c   0x00000088   Code   RO         6707    i.Keyboard_Init     keyboard.o
    0x08004414   0x08004414   0x00000084   Code   RO         6778    i.LCD429_PutPixel   bsp_lcd.o
    0x08004498   0x08004498   0x00000058   Code   RO         6779    i.LCD_Clear         bsp_lcd.o
    0x080044f0   0x080044f0   0x000000fc   Code   RO         6796    i.LCD_DrawFullRect  bsp_lcd.o
    0x080045ec   0x080045ec   0x000000d4   Code   RO         6797    i.LCD_DrawLine      bsp_lcd.o
    0x080046c0   0x080046c0   0x00000300   Code   RO         6803    i.LCD_GPIO_Config   bsp_lcd.o
    0x080049c0   0x080049c0   0x00000084   Code   RO         6806    i.LCD_Init          bsp_lcd.o
    0x08004a44   0x08004a44   0x0000007c   Code   RO         6807    i.LCD_LayerInit     bsp_lcd.o
    0x08004ac0   0x08004ac0   0x0000000c   Code   RO         6817    i.LCD_SetFont       bsp_lcd.o
    0x08004acc   0x08004acc   0x00000024   Code   RO         6818    i.LCD_SetLayer      bsp_lcd.o
    0x08004af0   0x08004af0   0x0000000c   Code   RO         6819    i.LCD_SetTextColor  bsp_lcd.o
    0x08004afc   0x08004afc   0x00000030   Code   RO         6820    i.LCD_SetTransparency  bsp_lcd.o
    0x08004b2c   0x08004b2c   0x000000e0   Code   RO         6821    i.LCD_ShowFontCN_16  bsp_lcd.o
    0x08004c0c   0x08004c0c   0x0000007c   Code   RO         6822    i.LCD_ShowFontCN_40_55  bsp_lcd.o
    0x08004c88   0x08004c88   0x00000020   Code   RO         2620    i.LTDC_Cmd          stm32f4xx_ltdc.o
    0x08004ca8   0x08004ca8   0x000000a8   Code   RO         2631    i.LTDC_Init         stm32f4xx_ltdc.o
    0x08004d50   0x08004d50   0x00000004   Code   RO         2634    i.LTDC_LayerAlpha   stm32f4xx_ltdc.o
    0x08004d54   0x08004d54   0x00000018   Code   RO         2635    i.LTDC_LayerCmd     stm32f4xx_ltdc.o
    0x08004d6c   0x08004d6c   0x00000096   Code   RO         2636    i.LTDC_LayerInit    stm32f4xx_ltdc.o
    0x08004e02   0x08004e02   0x00000002   PAD
    0x08004e04   0x08004e04   0x0000000c   Code   RO         2643    i.LTDC_ReloadConfig  stm32f4xx_ltdc.o
    0x08004e10   0x08004e10   0x0000003c   Code   RO         6457    i.Led_Fail_On       gpio.o
    0x08004e4c   0x08004e4c   0x00000064   Code   RO         6458    i.Led_GPIO_Configuration  gpio.o
    0x08004eb0   0x08004eb0   0x0000003c   Code   RO         6459    i.Led_Pass_On       gpio.o
    0x08004eec   0x08004eec   0x00000010   Code   RO         6460    i.Lock_Off          gpio.o
    0x08004efc   0x08004efc   0x00000010   Code   RO         6461    i.Lock_On           gpio.o
    0x08004f0c   0x08004f0c   0x000000cc   Code   RO         5281    i.MODS_03H          stm32f4xx_it.o
    0x08004fd8   0x08004fd8   0x0000008c   Code   RO         5282    i.MODS_06H          stm32f4xx_it.o
    0x08005064   0x08005064   0x00000054   Code   RO         7395    i.MODS_Poll         bsp_basic_tim.o
    0x080050b8   0x080050b8   0x00000104   Code   RO         5283    i.MODS_ReadRegValue  stm32f4xx_it.o
    0x080051bc   0x080051bc   0x00000038   Code   RO         5284    i.MODS_SendWithCRC  stm32f4xx_it.o
    0x080051f4   0x080051f4   0x00000002   Code   RO         5285    i.MemManage_Handler  stm32f4xx_it.o
    0x080051f6   0x080051f6   0x00000002   Code   RO         5286    i.NMI_Handler       stm32f4xx_it.o
    0x080051f8   0x080051f8   0x00000026   Code   RO         7440    i.NVIC_Configuration  bsp_debug_usart.o
    0x0800521e   0x0800521e   0x00000026   Code   RO         7772    i.NVIC_Configuration  bsp_exti.o
    0x08005244   0x08005244   0x00000016   Code   RO         6193    i.NVIC_DisableIRQ   test.o
    0x0800525a   0x0800525a   0x00000016   Code   RO         6194    i.NVIC_EnableIRQ    test.o
    0x08005270   0x08005270   0x00000068   Code   RO          164    i.NVIC_Init         misc.o
    0x080052d8   0x080052d8   0x00000014   Code   RO          165    i.NVIC_PriorityGroupConfig  misc.o
    0x080052ec   0x080052ec   0x00000014   Code   RO          166    i.NVIC_SetVectorTable  misc.o
    0x08005300   0x08005300   0x0000000c   Code   RO         5287    i.OTG_HS_IRQHandler  stm32f4xx_it.o
    0x0800530c   0x0800530c   0x00000034   Code   RO         6462    i.Open_flag_Configuration  gpio.o
    0x08005340   0x08005340   0x00000070   Code   RO         6471    i.PLC_GPIO_Configuration  gpio.o
    0x080053b0   0x080053b0   0x0000000c   Code   RO         2813    i.PWR_BackupAccessCmd  stm32f4xx_pwr.o
    0x080053bc   0x080053bc   0x00000228   Code   RO         5642    i.Parameter_valuecomp  user.o
    0x080055e4   0x080055e4   0x00000002   Code   RO         5288    i.PendSV_Handler    stm32f4xx_it.o
    0x080055e6   0x080055e6   0x0000000e   Code   RO         6472    i.Power_Off_led     gpio.o
    0x080055f4   0x080055f4   0x0000000e   Code   RO         6473    i.Power_On_led      gpio.o
    0x08005602   0x08005602   0x00000002   PAD
    0x08005604   0x08005604   0x0000021c   Code   RO         6195    i.Power_Process     test.o
    0x08005820   0x08005820   0x0000000c   Code   RO         6474    i.Power_Relay_OFF   gpio.o
    0x0800582c   0x0800582c   0x0000000c   Code   RO         6475    i.Power_Relay_on    gpio.o
    0x08005838   0x08005838   0x00000056   Code   RO         6827    i.PutChar           bsp_lcd.o
    0x0800588e   0x0800588e   0x00000002   PAD
    0x08005890   0x08005890   0x0000001c   Code   RO         2960    i.RCC_AHB1PeriphClockCmd  stm32f4xx_rcc.o
    0x080058ac   0x080058ac   0x0000001c   Code   RO         2962    i.RCC_AHB1PeriphResetCmd  stm32f4xx_rcc.o
    0x080058c8   0x080058c8   0x0000001c   Code   RO         2966    i.RCC_AHB3PeriphClockCmd  stm32f4xx_rcc.o
    0x080058e4   0x080058e4   0x0000001c   Code   RO         2969    i.RCC_APB1PeriphClockCmd  stm32f4xx_rcc.o
    0x08005900   0x08005900   0x0000001c   Code   RO         2971    i.RCC_APB1PeriphResetCmd  stm32f4xx_rcc.o
    0x0800591c   0x0800591c   0x0000001c   Code   RO         2972    i.RCC_APB2PeriphClockCmd  stm32f4xx_rcc.o
    0x08005938   0x08005938   0x0000001c   Code   RO         2974    i.RCC_APB2PeriphResetCmd  stm32f4xx_rcc.o
    0x08005954   0x08005954   0x00000054   Code   RO         2980    i.RCC_DeInit        stm32f4xx_rcc.o
    0x080059a8   0x080059a8   0x000000a4   Code   RO         2981    i.RCC_GetClocksFreq  stm32f4xx_rcc.o
    0x08005a4c   0x08005a4c   0x00000038   Code   RO         2982    i.RCC_GetFlagStatus  stm32f4xx_rcc.o
    0x08005a84   0x08005a84   0x00000020   Code   RO         2990    i.RCC_LSEConfig     stm32f4xx_rcc.o
    0x08005aa4   0x08005aa4   0x00000014   Code   RO         2993    i.RCC_LTDCCLKDivConfig  stm32f4xx_rcc.o
    0x08005ab8   0x08005ab8   0x0000000c   Code   RO         3002    i.RCC_PLLSAICmd     stm32f4xx_rcc.o
    0x08005ac4   0x08005ac4   0x00000014   Code   RO         3003    i.RCC_PLLSAIConfig  stm32f4xx_rcc.o
    0x08005ad8   0x08005ad8   0x0000000c   Code   RO         3004    i.RCC_RTCCLKCmd     stm32f4xx_rcc.o
    0x08005ae4   0x08005ae4   0x00000030   Code   RO         3005    i.RCC_RTCCLKConfig  stm32f4xx_rcc.o
    0x08005b14   0x08005b14   0x00000012   Code   RO         3367    i.RTC_Bcd2ToByte    stm32f4xx_rtc.o
    0x08005b26   0x08005b26   0x00000018   Code   RO         3369    i.RTC_ByteToBcd2    stm32f4xx_rtc.o
    0x08005b3e   0x08005b3e   0x00000002   PAD
    0x08005b40   0x08005b40   0x0000006c   Code   RO         7717    i.RTC_CLK_Config    bsp_rtc.o
    0x08005bac   0x08005bac   0x0000001c   Code   RO         3372    i.RTC_ClearFlag     stm32f4xx_rtc.o
    0x08005bc8   0x08005bc8   0x0000001c   Code   RO         3373    i.RTC_ClearITPendingBit  stm32f4xx_rtc.o
    0x08005be4   0x08005be4   0x000000b8   Code   RO         3378    i.RTC_DeInit        stm32f4xx_rtc.o
    0x08005c9c   0x08005c9c   0x00000044   Code   RO         3379    i.RTC_EnterInitMode  stm32f4xx_rtc.o
    0x08005ce0   0x08005ce0   0x00000010   Code   RO         3380    i.RTC_ExitInitMode  stm32f4xx_rtc.o
    0x08005cf0   0x08005cf0   0x00000048   Code   RO         3383    i.RTC_GetDate       stm32f4xx_rtc.o
    0x08005d38   0x08005d38   0x0000001c   Code   RO         3384    i.RTC_GetFlagStatus  stm32f4xx_rtc.o
    0x08005d54   0x08005d54   0x0000004c   Code   RO         3388    i.RTC_GetTime       stm32f4xx_rtc.o
    0x08005da0   0x08005da0   0x00000044   Code   RO         3392    i.RTC_ITConfig      stm32f4xx_rtc.o
    0x08005de4   0x08005de4   0x00000050   Code   RO         3393    i.RTC_Init          stm32f4xx_rtc.o
    0x08005e34   0x08005e34   0x00000014   Code   RO         3396    i.RTC_ReadBackupRegister  stm32f4xx_rtc.o
    0x08005e48   0x08005e48   0x000000a4   Code   RO         3399    i.RTC_SetDate       stm32f4xx_rtc.o
    0x08005eec   0x08005eec   0x000000a8   Code   RO         3400    i.RTC_SetTime       stm32f4xx_rtc.o
    0x08005f94   0x08005f94   0x0000001c   Code   RO         3401    i.RTC_SetWakeUpCounter  stm32f4xx_rtc.o
    0x08005fb0   0x08005fb0   0x0000006e   Code   RO         7719    i.RTC_Set_WakeUp    bsp_rtc.o
    0x0800601e   0x0800601e   0x0000004c   Code   RO         7720    i.RTC_TimeAndDate_Set  bsp_rtc.o
    0x0800606a   0x0800606a   0x00000002   PAD
    0x0800606c   0x0800606c   0x0000002c   Code   RO         7722    i.RTC_WKUP_IRQHandler  bsp_rtc.o
    0x08006098   0x08006098   0x0000004c   Code   RO         3416    i.RTC_WaitForSynchro  stm32f4xx_rtc.o
    0x080060e4   0x080060e4   0x00000028   Code   RO         3417    i.RTC_WakeUpClockConfig  stm32f4xx_rtc.o
    0x0800610c   0x0800610c   0x00000060   Code   RO         3418    i.RTC_WakeUpCmd     stm32f4xx_rtc.o
    0x0800616c   0x0800616c   0x00000014   Code   RO         3419    i.RTC_WriteBackupRegister  stm32f4xx_rtc.o
    0x08006180   0x08006180   0x0000015c   Code   RO         5643    i.R_Comp            user.o
    0x080062dc   0x080062dc   0x000000fc   Code   RO         5644    i.Range_Changecomp  user.o
    0x080063d8   0x080063d8   0x00000084   Code   RO         5645    i.Range_Control     user.o
    0x0800645c   0x0800645c   0x0000001e   Code   RO         5646    i.ReadBE32U         user.o
    0x0800647a   0x0800647a   0x00000024   Code   RO         6338    i.Read_Convert_read  ad7706.o
    0x0800649e   0x0800649e   0x00000002   PAD
    0x080064a0   0x080064a0   0x00000010   Code   RO         6476    i.Read_ExtTrig      gpio.o
    0x080064b0   0x080064b0   0x0000000c   Code   RO         6477    i.Read_Openflag     gpio.o
    0x080064bc   0x080064bc   0x00000010   Code   RO         7684    i.Read_set_flash    flash_eerom.o
    0x080064cc   0x080064cc   0x00001a24   Code   RO         5289    i.RecHandle         stm32f4xx_it.o
    0x08007ef0   0x08007ef0   0x0000000c   Code   RO         5290    i.RemTrig           stm32f4xx_it.o
    0x08007efc   0x08007efc   0x00000110   Code   RO         5648    i.SCPI_SET_R        user.o
    0x0800800c   0x0800800c   0x00000110   Code   RO         5649    i.SCPI_SET_R1       user.o
    0x0800811c   0x0800811c   0x00000108   Code   RO         5650    i.SCPI_SET_V        user.o
    0x08008224   0x08008224   0x00000108   Code   RO         5651    i.SCPI_SET_V1       user.o
    0x0800832c   0x0800832c   0x00000388   Code   RO         7338    i.SDRAM_GPIO_Config  bsp_sdram.o
    0x080086b4   0x080086b4   0x00000058   Code   RO         7339    i.SDRAM_Init        bsp_sdram.o
    0x0800870c   0x0800870c   0x000000ac   Code   RO         7340    i.SDRAM_InitSequence  bsp_sdram.o
    0x080087b8   0x080087b8   0x00000020   Code   RO         7344    i.SDRAM_delay       bsp_sdram.o
    0x080087d8   0x080087d8   0x00000018   Code   RO         4115    i.SPI_Cmd           stm32f4xx_spi.o
    0x080087f0   0x080087f0   0x0000004c   Code   RO         7217    i.SPI_FLASH_BufferRead  bsp_spi_flash.o
    0x0800883c   0x0800883c   0x000000d4   Code   RO         7218    i.SPI_FLASH_BufferWrite  bsp_spi_flash.o
    0x08008910   0x08008910   0x000000d8   Code   RO         7220    i.SPI_FLASH_Init    bsp_spi_flash.o
    0x080089e8   0x080089e8   0x00000094   Code   RO         7221    i.SPI_FLASH_PageWrite  bsp_spi_flash.o
    0x08008a7c   0x08008a7c   0x00000040   Code   RO         7225    i.SPI_FLASH_SectorErase  bsp_spi_flash.o
    0x08008abc   0x08008abc   0x00000070   Code   RO         7226    i.SPI_FLASH_SendByte  bsp_spi_flash.o
    0x08008b2c   0x08008b2c   0x00000040   Code   RO         7229    i.SPI_FLASH_WaitForWriteEnd  bsp_spi_flash.o
    0x08008b6c   0x08008b6c   0x0000001c   Code   RO         7230    i.SPI_FLASH_WriteEnable  bsp_spi_flash.o
    0x08008b88   0x08008b88   0x0000000e   Code   RO         4123    i.SPI_I2S_GetFlagStatus  stm32f4xx_spi.o
    0x08008b96   0x08008b96   0x00000004   Code   RO         4126    i.SPI_I2S_ReceiveData  stm32f4xx_spi.o
    0x08008b9a   0x08008b9a   0x00000004   Code   RO         4127    i.SPI_I2S_SendData  stm32f4xx_spi.o
    0x08008b9e   0x08008b9e   0x00000038   Code   RO         4128    i.SPI_Init          stm32f4xx_spi.o
    0x08008bd6   0x08008bd6   0x00000002   PAD
    0x08008bd8   0x08008bd8   0x00000040   Code   RO         7233    i.SPI_TIMEOUT_UserCallback  bsp_spi_flash.o
    0x08008c18   0x08008c18   0x00000002   Code   RO         5291    i.SVC_Handler       stm32f4xx_it.o
    0x08008c1a   0x08008c1a   0x00000002   PAD
    0x08008c1c   0x08008c1c   0x0000002c   Code   RO         4280    i.SYSCFG_EXTILineConfig  stm32f4xx_syscfg.o
    0x08008c48   0x08008c48   0x0000003c   Code   RO         6478    i.Select_V_I        gpio.o
    0x08008c84   0x08008c84   0x0000004c   Code   RO         7649    i.Send_To_Cpld      cpld.o
    0x08008cd0   0x08008cd0   0x0000000c   Code   RO         7441    i.Send_Uart3str     bsp_debug_usart.o
    0x08008cdc   0x08008cdc   0x0000005c   Code   RO         7650    i.Send_one_buff     cpld.o
    0x08008d38   0x08008d38   0x0000000c   Code   RO         5488    i.SetSoftTimer      pbdata.o
    0x08008d44   0x08008d44   0x000000d4   Code   RO           13    i.SetSysClock       system_stm32f4xx.o
    0x08008e18   0x08008e18   0x00000410   Code   RO         6196    i.Setup_Process     test.o
    0x08009228   0x08009228   0x00000058   Code   RO         5652    i.Soft_Turnon       user.o
    0x08009280   0x08009280   0x000000c4   Code   RO         6340    i.SpiRxByte         ad7706.o
    0x08009344   0x08009344   0x00000028   Code   RO         7685    i.Store_set_flash   flash_eerom.o
    0x0800936c   0x0800936c   0x0000003a   Code   RO         5653    i.StrToint          user.o
    0x080093a6   0x080093a6   0x00000004   Code   RO         5292    i.SysTick_Handler   stm32f4xx_it.o
    0x080093aa   0x080093aa   0x00000002   PAD
    0x080093ac   0x080093ac   0x00000040   Code   RO         7554    i.SysTick_Init      bsp_systick.o
    0x080093ec   0x080093ec   0x00000098   Code   RO         5655    i.Sys_Process       user.o
    0x08009484   0x08009484   0x0000005c   Code   RO           15    i.SystemInit        system_stm32f4xx.o
    0x080094e0   0x080094e0   0x00000004   Code   RO         5293    i.TIM2_IRQHandler   stm32f4xx_it.o
    0x080094e4   0x080094e4   0x0000000e   Code   RO         7396    i.TIM6_Configuration  bsp_basic_tim.o
    0x080094f2   0x080094f2   0x00000002   PAD
    0x080094f4   0x080094f4   0x00000084   Code   RO         5294    i.TIM6_DAC_IRQHandler  stm32f4xx_it.o
    0x08009578   0x08009578   0x0000002a   Code   RO         7397    i.TIM6_NVIC_Configuration  bsp_basic_tim.o
    0x080095a2   0x080095a2   0x00000018   Code   RO         4341    i.TIM_ARRPreloadConfig  stm32f4xx_tim.o
    0x080095ba   0x080095ba   0x00000006   Code   RO         4347    i.TIM_ClearFlag     stm32f4xx_tim.o
    0x080095c0   0x080095c0   0x00000006   Code   RO         4348    i.TIM_ClearITPendingBit  stm32f4xx_tim.o
    0x080095c6   0x080095c6   0x00000018   Code   RO         4353    i.TIM_Cmd           stm32f4xx_tim.o
    0x080095de   0x080095de   0x00000002   PAD
    0x080095e0   0x080095e0   0x000001ac   Code   RO         4358    i.TIM_DeInit        stm32f4xx_tim.o
    0x0800978c   0x0800978c   0x00000018   Code   RO         4374    i.TIM_GetITStatus   stm32f4xx_tim.o
    0x080097a4   0x080097a4   0x00000014   Code   RO         4378    i.TIM_ITConfig      stm32f4xx_tim.o
    0x080097b8   0x080097b8   0x00000040   Code   RO         7398    i.TIM_Mode_Config   bsp_basic_tim.o
    0x080097f8   0x080097f8   0x0000007c   Code   RO         4425    i.TIM_TimeBaseInit  stm32f4xx_tim.o
    0x08009874   0x08009874   0x00000138   Code   RO         5656    i.Test_Debug        user.o
    0x080099ac   0x080099ac   0x000017a0   Code   RO         6197    i.Test_Process      test.o
    0x0800b14c   0x0800b14c   0x00000144   Code   RO         5657    i.Time_Set_Cov      user.o
    0x0800b290   0x0800b290   0x00000014   Code   RO         7555    i.TimingDelay_Decrement  bsp_systick.o
    0x0800b2a4   0x0800b2a4   0x00000010   Code   RO         6479    i.Trip_Off          gpio.o
    0x0800b2b4   0x0800b2b4   0x00000010   Code   RO         6480    i.Trip_On           gpio.o
    0x0800b2c4   0x0800b2c4   0x00000020   Code   RO         6481    i.Turnoff_Led       gpio.o
    0x0800b2e4   0x0800b2e4   0x00000020   Code   RO         6482    i.Turnon_Led        gpio.o
    0x0800b304   0x0800b304   0x00000050   Code   RO         5295    i.USART3_IRQHandler  stm32f4xx_it.o
    0x0800b354   0x0800b354   0x00000008   Code   RO         4903    i.USART_ClearFlag   stm32f4xx_usart.o
    0x0800b35c   0x0800b35c   0x00000018   Code   RO         4907    i.USART_Cmd         stm32f4xx_usart.o
    0x0800b374   0x0800b374   0x00000100   Code   RO         4909    i.USART_DeInit      stm32f4xx_usart.o
    0x0800b474   0x0800b474   0x0000000e   Code   RO         4910    i.USART_GetFlagStatus  stm32f4xx_usart.o
    0x0800b482   0x0800b482   0x00000036   Code   RO         4913    i.USART_ITConfig    stm32f4xx_usart.o
    0x0800b4b8   0x0800b4b8   0x000000bc   Code   RO         4914    i.USART_Init        stm32f4xx_usart.o
    0x0800b574   0x0800b574   0x00000008   Code   RO         4921    i.USART_ReceiveData  stm32f4xx_usart.o
    0x0800b57c   0x0800b57c   0x00000008   Code   RO         4924    i.USART_SendData    stm32f4xx_usart.o
    0x0800b584   0x0800b584   0x00000024   Code   RO         8937    i.USBH_Alloc_Channel  usbh_hcs.o
    0x0800b5a8   0x0800b5a8   0x00000036   Code   RO         8990    i.USBH_BulkReceiveData  usbh_ioreq.o
    0x0800b5de   0x0800b5de   0x00000034   Code   RO         8991    i.USBH_BulkSendData  usbh_ioreq.o
    0x0800b612   0x0800b612   0x0000002e   Code   RO         9073    i.USBH_ClrFeature   usbh_stdreq.o
    0x0800b640   0x0800b640   0x0000000a   Code   RO         8855    i.USBH_Connected    usbh_core.o
    0x0800b64a   0x0800b64a   0x00000024   Code   RO         8992    i.USBH_CtlReceiveData  usbh_ioreq.o
    0x0800b66e   0x0800b66e   0x0000004c   Code   RO         8993    i.USBH_CtlReq       usbh_ioreq.o
    0x0800b6ba   0x0800b6ba   0x0000003c   Code   RO         8994    i.USBH_CtlSendData  usbh_ioreq.o
    0x0800b6f6   0x0800b6f6   0x00000026   Code   RO         8995    i.USBH_CtlSendSetup  usbh_ioreq.o
    0x0800b71c   0x0800b71c   0x00000018   Code   RO         8938    i.USBH_DeAllocate_AllChannel  usbh_hcs.o
    0x0800b734   0x0800b734   0x00000034   Code   RO         8856    i.USBH_DeInit       usbh_core.o
    0x0800b768   0x0800b768   0x0000000a   Code   RO         8857    i.USBH_Disconnected  usbh_core.o
    0x0800b772   0x0800b772   0x0000002c   Code   RO         8858    i.USBH_ErrorHandle  usbh_core.o
    0x0800b79e   0x0800b79e   0x00000018   Code   RO         8939    i.USBH_Free_Channel  usbh_hcs.o
    0x0800b7b6   0x0800b7b6   0x00000032   Code   RO         9074    i.USBH_GetDescriptor  usbh_stdreq.o
    0x0800b7e8   0x0800b7e8   0x0000001e   Code   RO         8940    i.USBH_GetFreeChannel  usbh_hcs.o
    0x0800b806   0x0800b806   0x0000000e   Code   RO         9075    i.USBH_GetNextDesc  usbh_stdreq.o
    0x0800b814   0x0800b814   0x0000005c   Code   RO         9076    i.USBH_Get_CfgDesc  usbh_stdreq.o
    0x0800b870   0x0800b870   0x00000032   Code   RO         9077    i.USBH_Get_DevDesc  usbh_stdreq.o
    0x0800b8a2   0x0800b8a2   0x0000002e   Code   RO         9078    i.USBH_Get_StringDesc  usbh_stdreq.o
    0x0800b8d0   0x0800b8d0   0x00000200   Code   RO         8859    i.USBH_HandleControl  usbh_core.o
    0x0800bad0   0x0800bad0   0x000001c8   Code   RO         8860    i.USBH_HandleEnum   usbh_core.o
    0x0800bc98   0x0800bc98   0x00000040   Code   RO         8861    i.USBH_Init         usbh_core.o
    0x0800bcd8   0x0800bcd8   0x00000018   Code   RO         9226    i.USBH_MSC_BOTReset  usbh_msc_core.o
    0x0800bcf0   0x0800bcf0   0x00000040   Code   RO         9177    i.USBH_MSC_BOT_Abort  usbh_msc_bot.o
    0x0800bd30   0x0800bd30   0x0000000c   Code   RO         9227    i.USBH_MSC_ClassRequest  usbh_msc_core.o
    0x0800bd3c   0x0800bd3c   0x00000064   Code   RO         9178    i.USBH_MSC_DecodeCSW  usbh_msc_bot.o
    0x0800bda0   0x0800bda0   0x00000034   Code   RO         9228    i.USBH_MSC_ErrorHandle  usbh_msc_core.o
    0x0800bdd4   0x0800bdd4   0x00000020   Code   RO         9229    i.USBH_MSC_GETMaxLUN  usbh_msc_core.o
    0x0800bdf4   0x0800bdf4   0x0000015c   Code   RO         9230    i.USBH_MSC_Handle   usbh_msc_core.o
    0x0800bf50   0x0800bf50   0x0000025c   Code   RO         9179    i.USBH_MSC_HandleBOTXfer  usbh_msc_bot.o
    0x0800c1ac   0x0800c1ac   0x0000003c   Code   RO         9180    i.USBH_MSC_Init     usbh_msc_bot.o
    0x0800c1e8   0x0800c1e8   0x0000003c   Code   RO         9231    i.USBH_MSC_InterfaceDeInit  usbh_msc_core.o
    0x0800c224   0x0800c224   0x000000a0   Code   RO         9232    i.USBH_MSC_InterfaceInit  usbh_msc_core.o
    0x0800c2c4   0x0800c2c4   0x0000009c   Code   RO         9289    i.USBH_MSC_ModeSense6  usbh_msc_scsi.o
    0x0800c360   0x0800c360   0x000000dc   Code   RO         9290    i.USBH_MSC_Read10   usbh_msc_scsi.o
    0x0800c43c   0x0800c43c   0x000000a0   Code   RO         9291    i.USBH_MSC_ReadCapacity10  usbh_msc_scsi.o
    0x0800c4dc   0x0800c4dc   0x000000a0   Code   RO         9292    i.USBH_MSC_RequestSense  usbh_msc_scsi.o
    0x0800c57c   0x0800c57c   0x00000080   Code   RO         9293    i.USBH_MSC_TestUnitReady  usbh_msc_scsi.o
    0x0800c5fc   0x0800c5fc   0x000000a4   Code   RO         9294    i.USBH_MSC_Write10  usbh_msc_scsi.o
    0x0800c6a0   0x0800c6a0   0x00000034   Code   RO         8941    i.USBH_Modify_Channel  usbh_hcs.o
    0x0800c6d4   0x0800c6d4   0x000000a8   Code   RO         8510    i.USBH_OTG_ISR_Handler  usb_hcd_int.o
    0x0800c77c   0x0800c77c   0x00000050   Code   RO         8942    i.USBH_Open_Channel  usbh_hcs.o
    0x0800c7cc   0x0800c7cc   0x00000104   Code   RO         9079    i.USBH_ParseCfgDesc  usbh_stdreq.o
    0x0800c8d0   0x0800c8d0   0x00000058   Code   RO         9080    i.USBH_ParseDevDesc  usbh_stdreq.o
    0x0800c928   0x0800c928   0x00000020   Code   RO         9081    i.USBH_ParseEPDesc  usbh_stdreq.o
    0x0800c948   0x0800c948   0x00000026   Code   RO         9082    i.USBH_ParseInterfaceDesc  usbh_stdreq.o
    0x0800c96e   0x0800c96e   0x0000002e   Code   RO         9083    i.USBH_ParseStringDesc  usbh_stdreq.o
    0x0800c99c   0x0800c99c   0x00000192   Code   RO         8862    i.USBH_Process      usbh_core.o
    0x0800cb2e   0x0800cb2e   0x00000004   Code   RO         8863    i.USBH_SOF          usbh_core.o
    0x0800cb32   0x0800cb32   0x00000018   Code   RO         9084    i.USBH_SetAddress   usbh_stdreq.o
    0x0800cb4a   0x0800cb4a   0x00000018   Code   RO         9085    i.USBH_SetCfg       usbh_stdreq.o
    0x0800cb62   0x0800cb62   0x00000014   Code   RO         9000    i.USBH_SubmitSetupRequest  usbh_ioreq.o
    0x0800cb76   0x0800cb76   0x00000004   Code   RO         8311    i.USBH_USR_Configuration_DescAvailable  usbh_usr.o
    0x0800cb7a   0x0800cb7a   0x00000002   Code   RO         8312    i.USBH_USR_DeInit   usbh_usr.o
    0x0800cb7c   0x0800cb7c   0x00000002   Code   RO         8313    i.USBH_USR_DeviceAddressAssigned  usbh_usr.o
    0x0800cb7e   0x0800cb7e   0x00000002   PAD
    0x0800cb80   0x0800cb80   0x00000014   Code   RO         8314    i.USBH_USR_DeviceAttached  usbh_usr.o
    0x0800cb94   0x0800cb94   0x00000018   Code   RO         8315    i.USBH_USR_DeviceDisconnected  usbh_usr.o
    0x0800cbac   0x0800cbac   0x00000002   Code   RO         8316    i.USBH_USR_DeviceNotSupported  usbh_usr.o
    0x0800cbae   0x0800cbae   0x00000002   Code   RO         8317    i.USBH_USR_DeviceSpeedDetected  usbh_usr.o
    0x0800cbb0   0x0800cbb0   0x00000002   Code   RO         8318    i.USBH_USR_Device_DescAvailable  usbh_usr.o
    0x0800cbb2   0x0800cbb2   0x00000002   Code   RO         8319    i.USBH_USR_EnumerationDone  usbh_usr.o
    0x0800cbb4   0x0800cbb4   0x00000014   Code   RO         8320    i.USBH_USR_Init     usbh_usr.o
    0x0800cbc8   0x0800cbc8   0x00000004   Code   RO         8321    i.USBH_USR_MSC_Application  usbh_usr.o
    0x0800cbcc   0x0800cbcc   0x00000002   Code   RO         8322    i.USBH_USR_Manufacturer_String  usbh_usr.o
    0x0800cbce   0x0800cbce   0x00000002   Code   RO         8323    i.USBH_USR_OverCurrentDetected  usbh_usr.o
    0x0800cbd0   0x0800cbd0   0x00000002   Code   RO         8324    i.USBH_USR_Product_String  usbh_usr.o
    0x0800cbd2   0x0800cbd2   0x00000002   Code   RO         8325    i.USBH_USR_ResetDevice  usbh_usr.o
    0x0800cbd4   0x0800cbd4   0x00000002   Code   RO         8326    i.USBH_USR_SerialNum_String  usbh_usr.o
    0x0800cbd6   0x0800cbd6   0x00000002   Code   RO         8327    i.USBH_USR_UnrecoveredError  usbh_usr.o
    0x0800cbd8   0x0800cbd8   0x00000004   Code   RO         8328    i.USBH_USR_UserInput  usbh_usr.o
    0x0800cbdc   0x0800cbdc   0x0000000c   Code   RO         8234    i.USB_OTG_BSP_ConfigVBUS  usb_bsp.o
    0x0800cbe8   0x0800cbe8   0x00000002   Code   RO         8235    i.USB_OTG_BSP_DriveVBUS  usb_bsp.o
    0x0800cbea   0x0800cbea   0x00000028   Code   RO         8236    i.USB_OTG_BSP_EnableInterrupt  usb_bsp.o
    0x0800cc12   0x0800cc12   0x00000002   PAD
    0x0800cc14   0x0800cc14   0x0000004c   Code   RO         8237    i.USB_OTG_BSP_Init  usb_bsp.o
    0x0800cc60   0x0800cc60   0x00000038   Code   RO         8238    i.USB_OTG_BSP_TimeInit  usb_bsp.o
    0x0800cc98   0x0800cc98   0x00000038   Code   RO         8239    i.USB_OTG_BSP_TimerIRQ  usb_bsp.o
    0x0800ccd0   0x0800ccd0   0x00000006   Code   RO         8240    i.USB_OTG_BSP_mDelay  usb_bsp.o
    0x0800ccd6   0x0800ccd6   0x00000006   Code   RO         8241    i.USB_OTG_BSP_uDelay  usb_bsp.o
    0x0800ccdc   0x0800ccdc   0x000000a8   Code   RO         8665    i.USB_OTG_CoreInit  usb_core.o
    0x0800cd84   0x0800cd84   0x000000b4   Code   RO         8666    i.USB_OTG_CoreInitHost  usb_core.o
    0x0800ce38   0x0800ce38   0x0000005c   Code   RO         8667    i.USB_OTG_CoreReset  usb_core.o
    0x0800ce94   0x0800ce94   0x00000010   Code   RO         8668    i.USB_OTG_DisableGlobalInt  usb_core.o
    0x0800cea4   0x0800cea4   0x00000048   Code   RO         8669    i.USB_OTG_DriveVbus  usb_core.o
    0x0800ceec   0x0800ceec   0x0000001c   Code   RO         8670    i.USB_OTG_EnableCommonInt  usb_core.o
    0x0800cf08   0x0800cf08   0x00000010   Code   RO         8671    i.USB_OTG_EnableGlobalInt  usb_core.o
    0x0800cf18   0x0800cf18   0x00000046   Code   RO         8672    i.USB_OTG_EnableHostInt  usb_core.o
    0x0800cf5e   0x0800cf5e   0x00000002   PAD
    0x0800cf60   0x0800cf60   0x0000003c   Code   RO         8673    i.USB_OTG_FlushRxFifo  usb_core.o
    0x0800cf9c   0x0800cf9c   0x00000044   Code   RO         8674    i.USB_OTG_FlushTxFifo  usb_core.o
    0x0800cfe0   0x0800cfe0   0x0000000a   Code   RO         8675    i.USB_OTG_GetMode   usb_core.o
    0x0800cfea   0x0800cfea   0x0000002a   Code   RO         8676    i.USB_OTG_HC_DoPing  usb_core.o
    0x0800d014   0x0800d014   0x00000064   Code   RO         8677    i.USB_OTG_HC_Halt   usb_core.o
    0x0800d078   0x0800d078   0x0000013c   Code   RO         8678    i.USB_OTG_HC_Init   usb_core.o
    0x0800d1b4   0x0800d1b4   0x00000120   Code   RO         8679    i.USB_OTG_HC_StartXfer  usb_core.o
    0x0800d2d4   0x0800d2d4   0x0000000c   Code   RO         8680    i.USB_OTG_InitFSLSPClkSel  usb_core.o
    0x0800d2e0   0x0800d2e0   0x0000000c   Code   RO         8682    i.USB_OTG_IsEvenFrame  usb_core.o
    0x0800d2ec   0x0800d2ec   0x0000000e   Code   RO         8683    i.USB_OTG_IsHostMode  usb_core.o
    0x0800d2fa   0x0800d2fa   0x0000000a   Code   RO         8684    i.USB_OTG_ReadCoreItr  usb_core.o
    0x0800d304   0x0800d304   0x00000018   Code   RO         8685    i.USB_OTG_ReadHPRT0  usb_core.o
    0x0800d31c   0x0800d31c   0x00000006   Code   RO         8686    i.USB_OTG_ReadHostAllChannels_intr  usb_core.o
    0x0800d322   0x0800d322   0x00000020   Code   RO         8688    i.USB_OTG_ReadPacket  usb_core.o
    0x0800d342   0x0800d342   0x0000002c   Code   RO         8689    i.USB_OTG_ResetPort  usb_core.o
    0x0800d36e   0x0800d36e   0x00000002   PAD
    0x0800d370   0x0800d370   0x000000c4   Code   RO         8690    i.USB_OTG_SelectCore  usb_core.o
    0x0800d434   0x0800d434   0x00000036   Code   RO         8691    i.USB_OTG_SetCurrentMode  usb_core.o
    0x0800d46a   0x0800d46a   0x00000002   PAD
    0x0800d46c   0x0800d46c   0x0000002c   Code   RO         8511    i.USB_OTG_USBH_handle_Disconnect_ISR  usb_hcd_int.o
    0x0800d498   0x0800d498   0x00000046   Code   RO         8512    i.USB_OTG_USBH_handle_IncompletePeriodicXfer_ISR  usb_hcd_int.o
    0x0800d4de   0x0800d4de   0x00000056   Code   RO         8513    i.USB_OTG_USBH_handle_hc_ISR  usb_hcd_int.o
    0x0800d534   0x0800d534   0x0000042a   Code   RO         8514    i.USB_OTG_USBH_handle_hc_n_In_ISR  usb_hcd_int.o
    0x0800d95e   0x0800d95e   0x000003d0   Code   RO         8515    i.USB_OTG_USBH_handle_hc_n_Out_ISR  usb_hcd_int.o
    0x0800dd2e   0x0800dd2e   0x0000012e   Code   RO         8516    i.USB_OTG_USBH_handle_nptxfempty_ISR  usb_hcd_int.o
    0x0800de5c   0x0800de5c   0x00000120   Code   RO         8517    i.USB_OTG_USBH_handle_port_ISR  usb_hcd_int.o
    0x0800df7c   0x0800df7c   0x0000012e   Code   RO         8518    i.USB_OTG_USBH_handle_ptxfempty_ISR  usb_hcd_int.o
    0x0800e0aa   0x0800e0aa   0x00000164   Code   RO         8519    i.USB_OTG_USBH_handle_rx_qlvl_ISR  usb_hcd_int.o
    0x0800e20e   0x0800e20e   0x00000002   PAD
    0x0800e210   0x0800e210   0x0000002c   Code   RO         8520    i.USB_OTG_USBH_handle_sof_ISR  usb_hcd_int.o
    0x0800e23c   0x0800e23c   0x00000028   Code   RO         8693    i.USB_OTG_WritePacket  usb_core.o
    0x0800e264   0x0800e264   0x0000008c   Code   RO         5658    i.Uart_Process      user.o
    0x0800e2f0   0x0800e2f0   0x00000002   Code   RO         5296    i.UsageFault_Handler  stm32f4xx_it.o
    0x0800e2f2   0x0800e2f2   0x0000001e   Code   RO         7442    i.Usart_SendByte    bsp_debug_usart.o
    0x0800e310   0x0800e310   0x0000002e   Code   RO         7443    i.Usart_SendString  bsp_debug_usart.o
    0x0800e33e   0x0800e33e   0x00000002   PAD
    0x0800e340   0x0800e340   0x000006d4   Code   RO         6198    i.Use_DebugProcess  test.o
    0x0800ea14   0x0800ea14   0x000004ca   Code   RO         5659    i.Use_SysSetProcess  user.o
    0x0800eede   0x0800eede   0x00000002   PAD
    0x0800eee0   0x0800eee0   0x0000008c   Code   RO         5660    i.VRange_Changecomp  user.o
    0x0800ef6c   0x0800ef6c   0x0000007c   Code   RO         5661    i.V_Comp            user.o
    0x0800efe8   0x0800efe8   0x00000030   Code   RO         5662    i.V_Datacov         user.o
    0x0800f018   0x0800f018   0x00000044   Code   RO         6483    i.V_I_Select_Configuration  gpio.o
    0x0800f05c   0x0800f05c   0x0000000c   Code   RO         6484    i.V_NEG             gpio.o
    0x0800f068   0x0800f068   0x0000000c   Code   RO         6485    i.V_POS             gpio.o
    0x0800f074   0x0800f074   0x00000012   Code   RO         6829    i.WriteOneHzChar_16  bsp_lcd.o
    0x0800f086   0x0800f086   0x00000002   PAD
    0x0800f088   0x0800f088   0x000000a0   Code   RO         6830    i.WriteString_16    bsp_lcd.o
    0x0800f128   0x0800f128   0x00000078   Code   RO         6831    i.WriteString_Big   bsp_lcd.o
    0x0800f1a0   0x0800f1a0   0x0000000c   Code   RO         6708    i._164Delaay        keyboard.o
    0x0800f1ac   0x0800f1ac   0x00000020   Code   RO         9608    i.__0printf         mc_w.l(printfa.o)
    0x0800f1cc   0x0800f1cc   0x00000028   Code   RO         9610    i.__0sprintf        mc_w.l(printfa.o)
    0x0800f1f4   0x0800f1f4   0x00000030   Code   RO         9666    i.__ARM_fpclassify  m_wm.l(fpclassify.o)
    0x0800f224   0x0800f224   0x00000004   PAD
    0x0800f228   0x0800f228   0x00000c50   Code   RO         9348    i.__hardfp_pow      m_wm.l(pow.o)
    0x0800fe78   0x0800fe78   0x000000f8   Code   RO         9668    i.__kernel_poly     m_wm.l(poly.o)
    0x0800ff70   0x0800ff70   0x00000030   Code   RO         9646    i.__mathlib_dbl_divzero  m_wm.l(dunder.o)
    0x0800ffa0   0x0800ffa0   0x00000014   Code   RO         9648    i.__mathlib_dbl_infnan2  m_wm.l(dunder.o)
    0x0800ffb4   0x0800ffb4   0x00000004   PAD
    0x0800ffb8   0x0800ffb8   0x00000020   Code   RO         9649    i.__mathlib_dbl_invalid  m_wm.l(dunder.o)
    0x0800ffd8   0x0800ffd8   0x00000020   Code   RO         9650    i.__mathlib_dbl_overflow  m_wm.l(dunder.o)
    0x0800fff8   0x0800fff8   0x00000020   Code   RO         9652    i.__mathlib_dbl_underflow  m_wm.l(dunder.o)
    0x08010018   0x08010018   0x0000000e   Code   RO         9740    i.__scatterload_copy  mc_w.l(handlers.o)
    0x08010026   0x08010026   0x00000002   Code   RO         9741    i.__scatterload_null  mc_w.l(handlers.o)
    0x08010028   0x08010028   0x0000000e   Code   RO         9742    i.__scatterload_zeroinit  mc_w.l(handlers.o)
    0x08010036   0x08010036   0x00000002   PAD
    0x08010038   0x08010038   0x0000000c   Code   RO         9704    i.__set_errno       mc_w.l(errno.o)
    0x08010044   0x08010044   0x00000184   Code   RO         9615    i._fp_digits        mc_w.l(printfa.o)
    0x080101c8   0x080101c8   0x000006dc   Code   RO         9616    i._printf_core      mc_w.l(printfa.o)
    0x080108a4   0x080108a4   0x00000024   Code   RO         9617    i._printf_post_padding  mc_w.l(printfa.o)
    0x080108c8   0x080108c8   0x0000002e   Code   RO         9618    i._printf_pre_padding  mc_w.l(printfa.o)
    0x080108f6   0x080108f6   0x0000000a   Code   RO         9620    i._sputc            mc_w.l(printfa.o)
    0x08010900   0x08010900   0x0000007c   Code   RO         7860    i.check_fs          ff.o
    0x0801097c   0x0801097c   0x00000010   Code   RO         7861    i.chk_chr           ff.o
    0x0801098c   0x0801098c   0x00000018   Code   RO         7862    i.clust2sect        ff.o
    0x080109a4   0x080109a4   0x00000080   Code   RO         7863    i.cmp_lfn           ff.o
    0x08010a24   0x08010a24   0x000000a8   Code   RO         7864    i.create_chain      ff.o
    0x08010acc   0x08010acc   0x00000230   Code   RO         7865    i.create_name       ff.o
    0x08010cfc   0x08010cfc   0x00000022   Code   RO         7557    i.delay_1us         bsp_systick.o
    0x08010d1e   0x08010d1e   0x0000000a   Code   RO         7558    i.delay_us          bsp_systick.o
    0x08010d28   0x08010d28   0x00000044   Code   RO         7866    i.dir_alloc         ff.o
    0x08010d6c   0x08010d6c   0x000000c6   Code   RO         7867    i.dir_find          ff.o
    0x08010e32   0x08010e32   0x00000114   Code   RO         7868    i.dir_next          ff.o
    0x08010f46   0x08010f46   0x00000104   Code   RO         7870    i.dir_register      ff.o
    0x0801104a   0x0801104a   0x000000a0   Code   RO         7872    i.dir_sdi           ff.o
    0x080110ea   0x080110ea   0x00000002   PAD
    0x080110ec   0x080110ec   0x00000018   Code   RO         7800    i.disk_initialize   diskio.o
    0x08011104   0x08011104   0x00000038   Code   RO         7801    i.disk_ioctl        diskio.o
    0x0801113c   0x0801113c   0x00000060   Code   RO         7802    i.disk_read         diskio.o
    0x0801119c   0x0801119c   0x00000004   Code   RO         7803    i.disk_status       diskio.o
    0x080111a0   0x080111a0   0x0000004c   Code   RO         7804    i.disk_write        diskio.o
    0x080111ec   0x080111ec   0x0000001e   Code   RO         7874    i.f_close           ff.o
    0x0801120a   0x0801120a   0x00000174   Code   RO         7879    i.f_lseek           ff.o
    0x0801137e   0x0801137e   0x00000164   Code   RO         7880    i.f_mkdir           ff.o
    0x080114e2   0x080114e2   0x00000002   PAD
    0x080114e4   0x080114e4   0x0000004c   Code   RO         7882    i.f_mount           ff.o
    0x08011530   0x08011530   0x00000158   Code   RO         7883    i.f_open            ff.o
    0x08011688   0x08011688   0x0000009a   Code   RO         7893    i.f_sync            ff.o
    0x08011722   0x08011722   0x000001ba   Code   RO         7897    i.f_write           ff.o
    0x080118dc   0x080118dc   0x00000018   Code   RO         9662    i.fabs              m_wm.l(fabs.o)
    0x080118f4   0x080118f4   0x00000058   Code   RO         8200    i.ff_convert        cc936.o
    0x0801194c   0x0801194c   0x0000002c   Code   RO         8201    i.ff_wtoupper       cc936.o
    0x08011978   0x08011978   0x00000034   Code   RO         6832    i.findHzIndex_16    bsp_lcd.o
    0x080119ac   0x080119ac   0x00000348   Code   RO         7898    i.find_volume       ff.o
    0x08011cf4   0x08011cf4   0x0000006c   Code   RO         7899    i.fit_lfn           ff.o
    0x08011d60   0x08011d60   0x0000006a   Code   RO         7900    i.follow_path       ff.o
    0x08011dca   0x08011dca   0x00000002   PAD
    0x08011dcc   0x08011dcc   0x00000024   Code   RO         7445    i.fputc             bsp_debug_usart.o
    0x08011df0   0x08011df0   0x00000098   Code   RO         7901    i.gen_numname       ff.o
    0x08011e88   0x08011e88   0x00000100   Code   RO         7902    i.get_fat           ff.o
    0x08011f88   0x08011f88   0x00000044   Code   RO         7805    i.get_fattime       diskio.o
    0x08011fcc   0x08011fcc   0x00000042   Code   RO         7904    i.get_ldnumber      ff.o
    0x0801200e   0x0801200e   0x00000002   PAD
    0x08012010   0x08012010   0x00000238   Code   RO         5664    i.input_num         user.o
    0x08012248   0x08012248   0x000002c0   Code   RO         5665    i.input_password    user.o
    0x08012508   0x08012508   0x00000028   Code   RO         6833    i.lcd_image         bsp_lcd.o
    0x08012530   0x08012530   0x0000001e   Code   RO         7905    i.ld_clust          ff.o
    0x0801254e   0x0801254e   0x00000002   PAD
    0x08012550   0x08012550   0x0000008c   Code   RO         5161    i.main              main.o
    0x080125dc   0x080125dc   0x0000001a   Code   RO         7906    i.mem_cmp           ff.o
    0x080125f6   0x080125f6   0x00000012   Code   RO         7907    i.mem_cpy           ff.o
    0x08012608   0x08012608   0x00000010   Code   RO         7908    i.mem_set           ff.o
    0x08012618   0x08012618   0x00000034   Code   RO         7909    i.move_window       ff.o
    0x0801264c   0x0801264c   0x0000012c   Code   RO         7911    i.put_fat           ff.o
    0x08012778   0x08012778   0x000000f0   Code   RO         5668    i.read_adI_1        user.o
    0x08012868   0x08012868   0x000000f8   Code   RO         5669    i.read_adI_2        user.o
    0x08012960   0x08012960   0x0000009c   Code   RO         5670    i.read_adI_3        user.o
    0x080129fc   0x080129fc   0x0000009c   Code   RO         5671    i.read_adI_4        user.o
    0x08012a98   0x08012a98   0x000000f4   Code   RO         5672    i.read_adV_1        user.o
    0x08012b8c   0x08012b8c   0x00000100   Code   RO         5673    i.read_adV_2        user.o
    0x08012c8c   0x08012c8c   0x000000a4   Code   RO         5674    i.read_adV_3        user.o
    0x08012d30   0x08012d30   0x000000a0   Code   RO         5675    i.read_adV_4        user.o
    0x08012dd0   0x08012dd0   0x00000054   Code   RO         6486    i.read_cpld         gpio.o
    0x08012e24   0x08012e24   0x00000066   Code   RO         7913    i.remove_chain      ff.o
    0x08012e8a   0x08012e8a   0x0000006e   Code   RO         9673    i.sqrt              m_wm.l(sqrt.o)
    0x08012ef8   0x08012ef8   0x00000010   Code   RO         7914    i.st_clust          ff.o
    0x08012f08   0x08012f08   0x0000001a   Code   RO         7915    i.sum_sfn           ff.o
    0x08012f22   0x08012f22   0x000000b4   Code   RO         7916    i.sync_fs           ff.o
    0x08012fd6   0x08012fd6   0x00000054   Code   RO         7917    i.sync_window       ff.o
    0x0801302a   0x0801302a   0x00000002   PAD
    0x0801302c   0x0801302c   0x00000030   Code   RO         5297    i.uart1SendChars    stm32f4xx_it.o
    0x0801305c   0x0801305c   0x0000002c   Code   RO         7918    i.validate          ff.o
    0x08013088   0x08013088   0x00000200   Data   RO         5299    .constdata          stm32f4xx_it.o
    0x08013288   0x08013288   0x00000987   Data   RO         5678    .constdata          user.o
    0x08013c0f   0x08013c0f   0x0005fa08   Data   RO         6201    .constdata          test.o
    0x08073617   0x08073617   0x00000008   Data   RO         6709    .constdata          keyboard.o
    0x0807361f   0x0807361f   0x0000171c   Data   RO         6836    .constdata          bsp_lcd.o
    0x08074d3b   0x08074d3b   0x00000001   PAD
    0x08074d3c   0x08074d3c   0x000011d0   Data   RO         7163    .constdata          fonts.o
    0x08075f0c   0x08075f0c   0x00000270   Data   RO         7164    .constdata          fonts.o
    0x0807617c   0x0807617c   0x00001e28   Data   RO         7165    .constdata          fonts.o
    0x08077fa4   0x08077fa4   0x00000b80   Data   RO         7166    .constdata          fonts.o
    0x08078b24   0x08078b24   0x000005f0   Data   RO         7170    .constdata          fonts.o
    0x08079114   0x08079114   0x00000090   Data   RO         7171    .constdata          fonts.o
    0x080791a4   0x080791a4   0x0000003a   Data   RO         7920    .constdata          ff.o
    0x080791de   0x080791de   0x0002acc8   Data   RO         8202    .constdata          cc936.o
    0x080a3ea6   0x080a3ea6   0x00000002   PAD
    0x080a3ea8   0x080a3ea8   0x00000088   Data   RO         9351    .constdata          m_wm.l(pow.o)
    0x080a3f30   0x080a3f30   0x00000008   Data   RO         9670    .constdata          m_wm.l(qnan.o)
    0x080a3f38   0x080a3f38   0x00000020   Data   RO         9738    Region$$Table       anon$$obj.o


    Execution Region RW_IRAM1 (Exec base: 0x20000000, Load base: 0x080a3f58, Size: 0x00007860, Max: 0x00030000, ABSOLUTE, COMPRESSED[0x000000ac])

    Exec Addr    Load Addr    Size         Type   Attr      Idx    E Section Name        Object

    0x20000000   COMPRESSED   0x00000014   Data   RW           16    .data               system_stm32f4xx.o
    0x20000014   COMPRESSED   0x00000010   Data   RW         3013    .data               stm32f4xx_rcc.o
    0x20000024   COMPRESSED   0x0000001c   Data   RW         5300    .data               stm32f4xx_it.o
    0x20000040   COMPRESSED   0x00000001   Data   RW         5510    .data               pbdata.o
    0x20000041   COMPRESSED   0x00000001   Data   RW         5512    .data               pbdata.o
    0x20000042   COMPRESSED   0x00000001   Data   RW         5513    .data               pbdata.o
    0x20000043   COMPRESSED   0x00000001   Data   RW         5515    .data               pbdata.o
    0x20000044   COMPRESSED   0x00000001   Data   RW         5516    .data               pbdata.o
    0x20000045   COMPRESSED   0x00000001   Data   RW         5517    .data               pbdata.o
    0x20000046   COMPRESSED   0x00000001   Data   RW         5519    .data               pbdata.o
    0x20000047   COMPRESSED   0x00000001   Data   RW         5520    .data               pbdata.o
    0x20000048   COMPRESSED   0x00000001   Data   RW         5521    .data               pbdata.o
    0x20000049   COMPRESSED   0x00000001   Data   RW         5522    .data               pbdata.o
    0x2000004a   COMPRESSED   0x00000002   Data   RW         5523    .data               pbdata.o
    0x2000004c   COMPRESSED   0x00000001   Data   RW         5524    .data               pbdata.o
    0x2000004d   COMPRESSED   0x00000001   Data   RW         5526    .data               pbdata.o
    0x2000004e   COMPRESSED   0x00000001   Data   RW         5531    .data               pbdata.o
    0x2000004f   COMPRESSED   0x00000001   Data   RW         5532    .data               pbdata.o
    0x20000050   COMPRESSED   0x00000001   Data   RW         5533    .data               pbdata.o
    0x20000051   COMPRESSED   0x00000002   Data   RW         5534    .data               pbdata.o
    0x20000053   COMPRESSED   0x00000001   Data   RW         5535    .data               pbdata.o
    0x20000054   COMPRESSED   0x00000004   Data   RW         5536    .data               pbdata.o
    0x20000058   COMPRESSED   0x00000004   Data   RW         5537    .data               pbdata.o
    0x2000005c   COMPRESSED   0x00000001   Data   RW         5539    .data               pbdata.o
    0x2000005d   COMPRESSED   0x00000001   Data   RW         5540    .data               pbdata.o
    0x2000005e   COMPRESSED   0x00000001   Data   RW         5541    .data               pbdata.o
    0x2000005f   COMPRESSED   0x00000001   PAD
    0x20000060   COMPRESSED   0x00000004   Data   RW         5542    .data               pbdata.o
    0x20000064   COMPRESSED   0x00000004   Data   RW         5543    .data               pbdata.o
    0x20000068   COMPRESSED   0x00000004   Data   RW         5544    .data               pbdata.o
    0x2000006c   COMPRESSED   0x00000001   Data   RW         5545    .data               pbdata.o
    0x2000006d   COMPRESSED   0x00000001   Data   RW         5546    .data               pbdata.o
    0x2000006e   COMPRESSED   0x00000001   Data   RW         5547    .data               pbdata.o
    0x2000006f   COMPRESSED   0x00000002   Data   RW         5550    .data               pbdata.o
    0x20000071   COMPRESSED   0x00000003   PAD
    0x20000074   COMPRESSED   0x00000091   Data   RW         5686    .data               user.o
    0x20000105   COMPRESSED   0x00000003   PAD
    0x20000108   COMPRESSED   0x00000014   Data   RW         6202    .data               test.o
    0x2000011c   COMPRESSED   0x00000001   Data   RW         6487    .data               gpio.o
    0x2000011d   COMPRESSED   0x00000006   Data   RW         6710    .data               keyboard.o
    0x20000123   COMPRESSED   0x00000001   PAD
    0x20000124   COMPRESSED   0x0000001c   Data   RW         6837    .data               bsp_lcd.o
    0x20000140   COMPRESSED   0x00000008   Data   RW         7172    .data               fonts.o
    0x20000148   COMPRESSED   0x00000004   Data   RW         7234    .data               bsp_spi_flash.o
    0x2000014c   COMPRESSED   0x00000008   Data   RW         7399    .data               bsp_basic_tim.o
    0x20000154   COMPRESSED   0x00000004   Data   RW         7559    .data               bsp_systick.o
    0x20000158   COMPRESSED   0x00000002   Data   RW         7921    .data               ff.o
    0x2000015a   COMPRESSED   0x00000002   PAD
    0x2000015c   COMPRESSED   0x00000004   Data   RW         8242    .data               usb_bsp.o
    0x20000160   COMPRESSED   0x00000048   Data   RW         8346    .data               usbh_usr.o
    0x200001a8   COMPRESSED   0x00000001   Data   RW         8347    .data               usbh_usr.o
    0x200001a9   COMPRESSED   0x00000003   PAD
    0x200001ac   COMPRESSED   0x0000000c   Data   RW         8864    .data               usbh_core.o
    0x200001b8   COMPRESSED   0x00000004   Data   RW         8865    .data               usbh_core.o
    0x200001bc   COMPRESSED   0x00000002   Data   RW         8866    .data               usbh_core.o
    0x200001be   COMPRESSED   0x00000004   Data   RW         9088    .data               usbh_stdreq.o
    0x200001c2   COMPRESSED   0x00000002   PAD
    0x200001c4   COMPRESSED   0x00000014   Data   RW         9182    .data               usbh_msc_bot.o
    0x200001d8   COMPRESSED   0x00000002   Data   RW         9234    .data               usbh_msc_core.o
    0x200001da   COMPRESSED   0x00000002   PAD
    0x200001dc   COMPRESSED   0x00000010   Data   RW         9235    .data               usbh_msc_core.o
    0x200001ec   COMPRESSED   0x00000001   Data   RW         9297    .data               usbh_msc_scsi.o
    0x200001ed   COMPRESSED   0x00000003   PAD
    0x200001f0   COMPRESSED   0x00000004   Data   RW         9697    .data               mc_w.l(stdout.o)
    0x200001f4   COMPRESSED   0x00000004   Data   RW         9705    .data               mc_w.l(errno.o)
    0x200001f8        -       0x000000cb   Zero   RW         5298    .bss                stm32f4xx_it.o
    0x200002c3   COMPRESSED   0x00000001   PAD
    0x200002c4        -       0x00000208   Zero   RW         5490    .bss                pbdata.o
    0x200004cc        -       0x00000208   Zero   RW         5491    .bss                pbdata.o
    0x200006d4        -       0x00000015   Zero   RW         5492    .bss                pbdata.o
    0x200006e9        -       0x0000002f   Zero   RW         5493    .bss                pbdata.o
    0x20000718        -       0x0000002a   Zero   RW         5494    .bss                pbdata.o
    0x20000742   COMPRESSED   0x00000002   PAD
    0x20000744        -       0x00000010   Zero   RW         5497    .bss                pbdata.o
    0x20000754        -       0x00000010   Zero   RW         5501    .bss                pbdata.o
    0x20000764        -       0x00000274   Zero   RW         5502    .bss                pbdata.o
    0x200009d8        -       0x00000050   Zero   RW         5503    .bss                pbdata.o
    0x20000a28        -       0x00000030   Zero   RW         5504    .bss                pbdata.o
    0x20000a58        -       0x00000037   Zero   RW         5507    .bss                pbdata.o
    0x20000a8f   COMPRESSED   0x00000001   PAD
    0x20000a90        -       0x000000e0   Zero   RW         5676    .bss                user.o
    0x20000b70        -       0x00002054   Zero   RW         6200    .bss                test.o
    0x20002bc4        -       0x0000000c   Zero   RW         7919    .bss                ff.o
    0x20002bd0        -       0x000005ac   Zero   RW         8329    .bss                usbh_usr.o
    0x2000317c        -       0x00000084   Zero   RW         8330    .bss                usbh_usr.o
    0x20003200        -       0x00000200   Zero   RW         9087    .bss                usbh_stdreq.o
    0x20003400        -       0x00000040   Zero   RW         9181    .bss                usbh_msc_bot.o
    0x20003440        -       0x0000020a   Zero   RW         9233    .bss                usbh_msc_core.o
    0x2000364a   COMPRESSED   0x00000002   PAD
    0x2000364c        -       0x00000210   Zero   RW         9295    .bss                usbh_msc_scsi.o
    0x2000385c   COMPRESSED   0x00000004   PAD
    0x20003860        -       0x00004000   Zero   RW            1    STACK               startup_stm32f429_439xx.o


==============================================================================

Image component sizes


      Code (inc. data)   RO Data    RW Data    ZI Data      Debug   Object Name

       232          8          0          0          0       1300   ad7706.o
       204         20          0          8          0       2359   bsp_basic_tim.o
       326         18          0          0          0       4029   bsp_debug_usart.o
       170         10          0          0          0       1094   bsp_exti.o
      2848        196       5916         28          0      25580   bsp_lcd.o
       338         32          0          0          0       2358   bsp_rtc.o
      1196         30          0          0          0       3041   bsp_sdram.o
       984        148          0          4          0       7007   bsp_spi_flash.o
       128         16          0          4          0      29125   bsp_systick.o
       132         20     175304          0          0       2427   cc936.o
       244         14          0          0          0       2169   cpld.o
       324         28          0          0          0       7804   diskio.o
      6178         60         58          2         12      36266   ff.o
        56         10          0          0          0       1279   flash_eerom.o
        20          6      17512          8          0       2362   fonts.o
      1286        242          0          1          0      14700   gpio.o
       660         58          8          6          0       7819   keyboard.o
       140         18          0          0          0      16435   main.o
       144         24          0          0          0       2349   misc.o
        32         10          0         48       1993      14514   pbdata.o
        36          8        428          0      16384        956   startup_stm32f429_439xx.o
       244         18          0          0          0       3264   stm32f4xx_dma2d.o
       184         24          0          0          0       2978   stm32f4xx_exti.o
       364         10          0          0          0       3859   stm32f4xx_fmc.o
       178          0          0          0          0       3851   stm32f4xx_gpio.o
      8406        544        512         28        203      76550   stm32f4xx_it.o
       390         24          0          0          0       4714   stm32f4xx_ltdc.o
        12          6          0          0          0        574   stm32f4xx_pwr.o
       644        114          0         16          0      12713   stm32f4xx_rcc.o
      1302        110          0          0          0      14769   stm32f4xx_rtc.o
       102          0          0          0          0       3858   stm32f4xx_spi.o
        44          6          0          0          0        708   stm32f4xx_syscfg.o
       656         80          0          0          0       6778   stm32f4xx_tim.o
       560         40          0          0          0       6874   stm32f4xx_usart.o
       304         34          0         20          0     348553   system_stm32f4xx.o
      9940        860     391688         20       8276      12424   test.o
       398         18          0          4          0       5900   usb_bsp.o
      1970         26          0          0          0      19255   usb_core.o
       160          0          0          0          0       5231   usb_hcd.o
      3702         16          0          0          0      10751   usb_hcd_int.o
      1554         42          0         18          0       9909   usbh_core.o
       246          0          0          0          0       4640   usbh_hcs.o
       336          0          0          0          0       5774   usbh_ioreq.o
       828         64          0         20         64       7357   usbh_msc_bot.o
       688         56          0         18        522       7169   usbh_msc_core.o
       988         72          0          1        528       7632   usbh_msc_scsi.o
       810         12          0          4        512      10601   usbh_stdreq.o
       100         24          0         73       1584      10633   usbh_usr.o
     18516       1538       2439        145        224     100184   user.o

    ----------------------------------------------------------------------
     69378       4714     593900        496      30312     892476   Object Totals
         0          0         32          0          0          0   (incl. Generated)
        74          0          3         20         10          0   (incl. Padding)

    ----------------------------------------------------------------------

      Code (inc. data)   RO Data    RW Data    ZI Data      Debug   Library Member Name

       164         44          0          0          0        620   dunder.o
        24          0          0          0          0        124   fabs.o
        48          0          0          0          0        124   fpclassify.o
       248          0          0          0          0        152   poly.o
      3152        296        136          0          0        352   pow.o
         0          0          8          0          0          0   qnan.o
       110          0          0          0          0        148   sqrt.o
        86          0          0          0          0          0   __dczerorl2.o
         0          0          0          0          0          0   entry.o
         0          0          0          0          0          0   entry10a.o
         0          0          0          0          0          0   entry11a.o
         8          4          0          0          0          0   entry2.o
         4          0          0          0          0          0   entry5.o
         0          0          0          0          0          0   entry7b.o
         0          0          0          0          0          0   entry8b.o
         8          4          0          0          0          0   entry9a.o
        12          6          0          4          0         68   errno.o
        30          0          0          0          0          0   handlers.o
        36          8          0          0          0         68   init.o
         0          0          0          0          0          0   iusefp.o
        30          0          0          0          0         68   llshl.o
        36          0          0          0          0         68   llsshr.o
        32          0          0          0          0         68   llushr.o
        36          0          0          0          0         68   memcpya.o
        36          0          0          0          0        108   memseta.o
      2308         96          0          0          0        604   printfa.o
         0          0          0          4          0          0   stdout.o
        24          0          0          0          0         68   strcat.o
        28          0          0          0          0         76   strcmp.o
        44          0          0          0          0         80   uidiv.o
        98          0          0          0          0         92   uldiv.o
        48          0          0          0          0         68   cdrcmple.o
        56          0          0          0          0         88   d2f.o
       334          0          0          0          0        148   dadd.o
       222          0          0          0          0        100   ddiv.o
       186          0          0          0          0        176   depilogue.o
        48          0          0          0          0         68   dfixul.o
        34          0          0          0          0         76   dflti.o
        26          0          0          0          0         76   dfltui.o
       228          0          0          0          0         96   dmul.o
        46          0          0          0          0         80   dscalb.o
       162          0          0          0          0        100   dsqrt.o
        38          0          0          0          0         68   f2d.o
       110          0          0          0          0        168   fepilogue.o

    ----------------------------------------------------------------------
      8154        458        144          8          0       4268   Library Totals
        14          0          0          0          0          0   (incl. Padding)

    ----------------------------------------------------------------------

      Code (inc. data)   RO Data    RW Data    ZI Data      Debug   Library Name

      3746        340        144          0          0       1520   m_wm.l
      2856        118          0          8          0       1436   mc_w.l
      1538          0          0          0          0       1312   mf_w.l

    ----------------------------------------------------------------------
      8154        458        144          8          0       4268   Library Totals

    ----------------------------------------------------------------------

==============================================================================


      Code (inc. data)   RO Data    RW Data    ZI Data      Debug   

     77532       5172     594044        504      30312     849172   Grand Totals
     77532       5172     594044        172      30312     849172   ELF Image Totals (compressed)
     77532       5172     594044        172          0          0   ROM Totals

==============================================================================

    Total RO  Size (Code + RO Data)               671576 ( 655.84kB)
    Total RW  Size (RW Data + ZI Data)             30816 (  30.09kB)
    Total ROM Size (Code + RO Data + RW Data)     671748 ( 656.00kB)

==============================================================================

